<!doctype html public "-//w3c//dtd html 4.0 transitional//en">
<html><head>
<title>Static Call Graph - [.\IO_Toggle\IO_Toggle.axf]</title></head>
<body><HR>
<H1>Static Call Graph for image .\IO_Toggle\IO_Toggle.axf</H1><HR>
<BR><P>#&#060CALLGRAPH&#062# ARM Linker, 5060528: Last Updated: Thu Mar 21 10:23:43 2024
<BR><P>
<H3>Maximum Stack Usage =       4008 bytes + Unknown(Cycles, Untraceable Function Pointers)</H3><H3>
Call chain for Maximum Stack Depth:</H3>
main &rArr; ethTransceiverDoTask &rArr; webServerDoTask &rArr; configSubmaskAddressSet &rArr; configStoreInFlash &rArr; m25pWriteBytes &rArr; spiIINCHIP_SpiSendData
<P>
<H3>
Mutually Recursive functions
</H3> <LI><a href="#[12]">ADC1_COMP_IRQHandler</a>&nbsp;&nbsp;&nbsp;&rArr;&nbsp;&nbsp;&nbsp;<a href="#[12]">ADC1_COMP_IRQHandler</a><BR>
</UL>
<P>
<H3>
Function Pointers
</H3><UL>
 <LI><a href="#[12]">ADC1_COMP_IRQHandler</a> from startup_stm32f0xx.o(.text) referenced from startup_stm32f0xx.o(RESET)
 <LI><a href="#[22]">CEC_IRQHandler</a> from startup_stm32f0xx.o(.text) referenced from startup_stm32f0xx.o(RESET)
 <LI><a href="#[f]">DMA1_Channel1_IRQHandler</a> from startup_stm32f0xx.o(.text) referenced from startup_stm32f0xx.o(RESET)
 <LI><a href="#[10]">DMA1_Channel2_3_IRQHandler</a> from startup_stm32f0xx.o(.text) referenced from startup_stm32f0xx.o(RESET)
 <LI><a href="#[11]">DMA1_Channel4_5_IRQHandler</a> from startup_stm32f0xx.o(.text) referenced from startup_stm32f0xx.o(RESET)
 <LI><a href="#[b]">EXTI0_1_IRQHandler</a> from startup_stm32f0xx.o(.text) referenced from startup_stm32f0xx.o(RESET)
 <LI><a href="#[c]">EXTI2_3_IRQHandler</a> from startup_stm32f0xx.o(.text) referenced from startup_stm32f0xx.o(RESET)
 <LI><a href="#[d]">EXTI4_15_IRQHandler</a> from startup_stm32f0xx.o(.text) referenced from startup_stm32f0xx.o(RESET)
 <LI><a href="#[9]">FLASH_IRQHandler</a> from startup_stm32f0xx.o(.text) referenced from startup_stm32f0xx.o(RESET)
 <LI><a href="#[2]">HardFault_Handler</a> from stm32f0xx_it.o(i.HardFault_Handler) referenced from startup_stm32f0xx.o(RESET)
 <LI><a href="#[1c]">I2C1_IRQHandler</a> from startup_stm32f0xx.o(.text) referenced from startup_stm32f0xx.o(RESET)
 <LI><a href="#[1d]">I2C2_IRQHandler</a> from startup_stm32f0xx.o(.text) referenced from startup_stm32f0xx.o(RESET)
 <LI><a href="#[1]">NMI_Handler</a> from stm32f0xx_it.o(i.NMI_Handler) referenced from startup_stm32f0xx.o(RESET)
 <LI><a href="#[7]">PVD_IRQHandler</a> from startup_stm32f0xx.o(.text) referenced from startup_stm32f0xx.o(RESET)
 <LI><a href="#[4]">PendSV_Handler</a> from stm32f0xx_it.o(i.PendSV_Handler) referenced from startup_stm32f0xx.o(RESET)
 <LI><a href="#[a]">RCC_IRQHandler</a> from startup_stm32f0xx.o(.text) referenced from startup_stm32f0xx.o(RESET)
 <LI><a href="#[8]">RTC_IRQHandler</a> from stm32f0xx_it.o(i.RTC_IRQHandler) referenced from startup_stm32f0xx.o(RESET)
 <LI><a href="#[0]">Reset_Handler</a> from startup_stm32f0xx.o(.text) referenced from startup_stm32f0xx.o(RESET)
 <LI><a href="#[1e]">SPI1_IRQHandler</a> from startup_stm32f0xx.o(.text) referenced from startup_stm32f0xx.o(RESET)
 <LI><a href="#[1f]">SPI2_IRQHandler</a> from startup_stm32f0xx.o(.text) referenced from startup_stm32f0xx.o(RESET)
 <LI><a href="#[3]">SVC_Handler</a> from stm32f0xx_it.o(i.SVC_Handler) referenced from startup_stm32f0xx.o(RESET)
 <LI><a href="#[5]">SysTick_Handler</a> from stm32f0xx_it.o(i.SysTick_Handler) referenced from startup_stm32f0xx.o(RESET)
 <LI><a href="#[24]">SystemInit</a> from system_stm32f0xx.o(i.SystemInit) referenced from startup_stm32f0xx.o(.text)
 <LI><a href="#[18]">TIM14_IRQHandler</a> from startup_stm32f0xx.o(.text) referenced from startup_stm32f0xx.o(RESET)
 <LI><a href="#[19]">TIM15_IRQHandler</a> from startup_stm32f0xx.o(.text) referenced from startup_stm32f0xx.o(RESET)
 <LI><a href="#[1a]">TIM16_IRQHandler</a> from startup_stm32f0xx.o(.text) referenced from startup_stm32f0xx.o(RESET)
 <LI><a href="#[1b]">TIM17_IRQHandler</a> from startup_stm32f0xx.o(.text) referenced from startup_stm32f0xx.o(RESET)
 <LI><a href="#[13]">TIM1_BRK_UP_TRG_COM_IRQHandler</a> from startup_stm32f0xx.o(.text) referenced from startup_stm32f0xx.o(RESET)
 <LI><a href="#[14]">TIM1_CC_IRQHandler</a> from startup_stm32f0xx.o(.text) referenced from startup_stm32f0xx.o(RESET)
 <LI><a href="#[15]">TIM2_IRQHandler</a> from startup_stm32f0xx.o(.text) referenced from startup_stm32f0xx.o(RESET)
 <LI><a href="#[16]">TIM3_IRQHandler</a> from startup_stm32f0xx.o(.text) referenced from startup_stm32f0xx.o(RESET)
 <LI><a href="#[17]">TIM6_DAC_IRQHandler</a> from startup_stm32f0xx.o(.text) referenced from startup_stm32f0xx.o(RESET)
 <LI><a href="#[e]">TS_IRQHandler</a> from startup_stm32f0xx.o(.text) referenced from startup_stm32f0xx.o(RESET)
 <LI><a href="#[20]">USART1_IRQHandler</a> from startup_stm32f0xx.o(.text) referenced from startup_stm32f0xx.o(RESET)
 <LI><a href="#[21]">USART2_IRQHandler</a> from startup_stm32f0xx.o(.text) referenced from startup_stm32f0xx.o(RESET)
 <LI><a href="#[6]">WWDG_IRQHandler</a> from startup_stm32f0xx.o(.text) referenced from startup_stm32f0xx.o(RESET)
 <LI><a href="#[25]">__main</a> from entry.o(.ARM.Collect$$$$00000000) referenced from startup_stm32f0xx.o(.text)
 <LI><a href="#[23]">main</a> from main.o(i.main) referenced from entry9a.o(.ARM.Collect$$$$0000000B)
</UL>
<P>
<H3>
Global Symbols
</H3>
<P><STRONG><a name="[25]"></a>__main</STRONG> (Thumb, 0 bytes, Stack size unknown bytes, entry.o(.ARM.Collect$$$$00000000))
<BR>[Address Reference Count : 1]<UL><LI> startup_stm32f0xx.o(.text)
</UL>
<P><STRONG><a name="[210]"></a>_main_stk</STRONG> (Thumb, 0 bytes, Stack size unknown bytes, entry2.o(.ARM.Collect$$$$00000001))

<P><STRONG><a name="[26]"></a>_main_scatterload</STRONG> (Thumb, 0 bytes, Stack size unknown bytes, entry5.o(.ARM.Collect$$$$00000004))
<BR><BR>[Calls]<UL><LI><a href="#[27]">&gt;&gt;</a>&nbsp;&nbsp;&nbsp;__scatterload
</UL>

<P><STRONG><a name="[40]"></a>__main_after_scatterload</STRONG> (Thumb, 0 bytes, Stack size unknown bytes, entry5.o(.ARM.Collect$$$$00000004))
<BR><BR>[Called By]<UL><LI><a href="#[27]">&gt;&gt;</a>&nbsp;&nbsp;&nbsp;__scatterload
</UL>

<P><STRONG><a name="[211]"></a>_main_clock</STRONG> (Thumb, 0 bytes, Stack size unknown bytes, entry7b.o(.ARM.Collect$$$$00000008))

<P><STRONG><a name="[212]"></a>_main_cpp_init</STRONG> (Thumb, 0 bytes, Stack size unknown bytes, entry8b.o(.ARM.Collect$$$$0000000A))

<P><STRONG><a name="[213]"></a>_main_init</STRONG> (Thumb, 0 bytes, Stack size unknown bytes, entry9a.o(.ARM.Collect$$$$0000000B))

<P><STRONG><a name="[214]"></a>__rt_final_cpp</STRONG> (Thumb, 0 bytes, Stack size unknown bytes, entry10a.o(.ARM.Collect$$$$0000000D))

<P><STRONG><a name="[215]"></a>__rt_final_exit</STRONG> (Thumb, 0 bytes, Stack size unknown bytes, entry11a.o(.ARM.Collect$$$$0000000F))

<P><STRONG><a name="[0]"></a>Reset_Handler</STRONG> (Thumb, 8 bytes, Stack size 0 bytes, startup_stm32f0xx.o(.text))
<BR>[Address Reference Count : 1]<UL><LI> startup_stm32f0xx.o(RESET)
</UL>
<P><STRONG><a name="[12]"></a>ADC1_COMP_IRQHandler</STRONG> (Thumb, 0 bytes, Stack size 0 bytes, startup_stm32f0xx.o(.text))
<BR><BR>[Calls]<UL><LI><a href="#[12]">&gt;&gt;</a>&nbsp;&nbsp;&nbsp;ADC1_COMP_IRQHandler
</UL>
<BR>[Called By]<UL><LI><a href="#[12]">&gt;&gt;</a>&nbsp;&nbsp;&nbsp;ADC1_COMP_IRQHandler
</UL>
<BR>[Address Reference Count : 1]<UL><LI> startup_stm32f0xx.o(RESET)
</UL>
<P><STRONG><a name="[22]"></a>CEC_IRQHandler</STRONG> (Thumb, 0 bytes, Stack size 0 bytes, startup_stm32f0xx.o(.text))
<BR>[Address Reference Count : 1]<UL><LI> startup_stm32f0xx.o(RESET)
</UL>
<P><STRONG><a name="[f]"></a>DMA1_Channel1_IRQHandler</STRONG> (Thumb, 0 bytes, Stack size 0 bytes, startup_stm32f0xx.o(.text))
<BR>[Address Reference Count : 1]<UL><LI> startup_stm32f0xx.o(RESET)
</UL>
<P><STRONG><a name="[10]"></a>DMA1_Channel2_3_IRQHandler</STRONG> (Thumb, 0 bytes, Stack size 0 bytes, startup_stm32f0xx.o(.text))
<BR>[Address Reference Count : 1]<UL><LI> startup_stm32f0xx.o(RESET)
</UL>
<P><STRONG><a name="[11]"></a>DMA1_Channel4_5_IRQHandler</STRONG> (Thumb, 0 bytes, Stack size 0 bytes, startup_stm32f0xx.o(.text))
<BR>[Address Reference Count : 1]<UL><LI> startup_stm32f0xx.o(RESET)
</UL>
<P><STRONG><a name="[b]"></a>EXTI0_1_IRQHandler</STRONG> (Thumb, 0 bytes, Stack size 0 bytes, startup_stm32f0xx.o(.text))
<BR>[Address Reference Count : 1]<UL><LI> startup_stm32f0xx.o(RESET)
</UL>
<P><STRONG><a name="[c]"></a>EXTI2_3_IRQHandler</STRONG> (Thumb, 0 bytes, Stack size 0 bytes, startup_stm32f0xx.o(.text))
<BR>[Address Reference Count : 1]<UL><LI> startup_stm32f0xx.o(RESET)
</UL>
<P><STRONG><a name="[d]"></a>EXTI4_15_IRQHandler</STRONG> (Thumb, 0 bytes, Stack size 0 bytes, startup_stm32f0xx.o(.text))
<BR>[Address Reference Count : 1]<UL><LI> startup_stm32f0xx.o(RESET)
</UL>
<P><STRONG><a name="[9]"></a>FLASH_IRQHandler</STRONG> (Thumb, 0 bytes, Stack size 0 bytes, startup_stm32f0xx.o(.text))
<BR>[Address Reference Count : 1]<UL><LI> startup_stm32f0xx.o(RESET)
</UL>
<P><STRONG><a name="[1c]"></a>I2C1_IRQHandler</STRONG> (Thumb, 0 bytes, Stack size 0 bytes, startup_stm32f0xx.o(.text))
<BR>[Address Reference Count : 1]<UL><LI> startup_stm32f0xx.o(RESET)
</UL>
<P><STRONG><a name="[1d]"></a>I2C2_IRQHandler</STRONG> (Thumb, 0 bytes, Stack size 0 bytes, startup_stm32f0xx.o(.text))
<BR>[Address Reference Count : 1]<UL><LI> startup_stm32f0xx.o(RESET)
</UL>
<P><STRONG><a name="[7]"></a>PVD_IRQHandler</STRONG> (Thumb, 0 bytes, Stack size 0 bytes, startup_stm32f0xx.o(.text))
<BR>[Address Reference Count : 1]<UL><LI> startup_stm32f0xx.o(RESET)
</UL>
<P><STRONG><a name="[a]"></a>RCC_IRQHandler</STRONG> (Thumb, 0 bytes, Stack size 0 bytes, startup_stm32f0xx.o(.text))
<BR>[Address Reference Count : 1]<UL><LI> startup_stm32f0xx.o(RESET)
</UL>
<P><STRONG><a name="[1e]"></a>SPI1_IRQHandler</STRONG> (Thumb, 0 bytes, Stack size 0 bytes, startup_stm32f0xx.o(.text))
<BR>[Address Reference Count : 1]<UL><LI> startup_stm32f0xx.o(RESET)
</UL>
<P><STRONG><a name="[1f]"></a>SPI2_IRQHandler</STRONG> (Thumb, 0 bytes, Stack size 0 bytes, startup_stm32f0xx.o(.text))
<BR>[Address Reference Count : 1]<UL><LI> startup_stm32f0xx.o(RESET)
</UL>
<P><STRONG><a name="[18]"></a>TIM14_IRQHandler</STRONG> (Thumb, 0 bytes, Stack size 0 bytes, startup_stm32f0xx.o(.text))
<BR>[Address Reference Count : 1]<UL><LI> startup_stm32f0xx.o(RESET)
</UL>
<P><STRONG><a name="[19]"></a>TIM15_IRQHandler</STRONG> (Thumb, 0 bytes, Stack size 0 bytes, startup_stm32f0xx.o(.text))
<BR>[Address Reference Count : 1]<UL><LI> startup_stm32f0xx.o(RESET)
</UL>
<P><STRONG><a name="[1a]"></a>TIM16_IRQHandler</STRONG> (Thumb, 0 bytes, Stack size 0 bytes, startup_stm32f0xx.o(.text))
<BR>[Address Reference Count : 1]<UL><LI> startup_stm32f0xx.o(RESET)
</UL>
<P><STRONG><a name="[1b]"></a>TIM17_IRQHandler</STRONG> (Thumb, 0 bytes, Stack size 0 bytes, startup_stm32f0xx.o(.text))
<BR>[Address Reference Count : 1]<UL><LI> startup_stm32f0xx.o(RESET)
</UL>
<P><STRONG><a name="[13]"></a>TIM1_BRK_UP_TRG_COM_IRQHandler</STRONG> (Thumb, 0 bytes, Stack size 0 bytes, startup_stm32f0xx.o(.text))
<BR>[Address Reference Count : 1]<UL><LI> startup_stm32f0xx.o(RESET)
</UL>
<P><STRONG><a name="[14]"></a>TIM1_CC_IRQHandler</STRONG> (Thumb, 0 bytes, Stack size 0 bytes, startup_stm32f0xx.o(.text))
<BR>[Address Reference Count : 1]<UL><LI> startup_stm32f0xx.o(RESET)
</UL>
<P><STRONG><a name="[15]"></a>TIM2_IRQHandler</STRONG> (Thumb, 0 bytes, Stack size 0 bytes, startup_stm32f0xx.o(.text))
<BR>[Address Reference Count : 1]<UL><LI> startup_stm32f0xx.o(RESET)
</UL>
<P><STRONG><a name="[16]"></a>TIM3_IRQHandler</STRONG> (Thumb, 0 bytes, Stack size 0 bytes, startup_stm32f0xx.o(.text))
<BR>[Address Reference Count : 1]<UL><LI> startup_stm32f0xx.o(RESET)
</UL>
<P><STRONG><a name="[17]"></a>TIM6_DAC_IRQHandler</STRONG> (Thumb, 0 bytes, Stack size 0 bytes, startup_stm32f0xx.o(.text))
<BR>[Address Reference Count : 1]<UL><LI> startup_stm32f0xx.o(RESET)
</UL>
<P><STRONG><a name="[e]"></a>TS_IRQHandler</STRONG> (Thumb, 0 bytes, Stack size 0 bytes, startup_stm32f0xx.o(.text))
<BR>[Address Reference Count : 1]<UL><LI> startup_stm32f0xx.o(RESET)
</UL>
<P><STRONG><a name="[20]"></a>USART1_IRQHandler</STRONG> (Thumb, 0 bytes, Stack size 0 bytes, startup_stm32f0xx.o(.text))
<BR>[Address Reference Count : 1]<UL><LI> startup_stm32f0xx.o(RESET)
</UL>
<P><STRONG><a name="[21]"></a>USART2_IRQHandler</STRONG> (Thumb, 0 bytes, Stack size 0 bytes, startup_stm32f0xx.o(.text))
<BR>[Address Reference Count : 1]<UL><LI> startup_stm32f0xx.o(RESET)
</UL>
<P><STRONG><a name="[6]"></a>WWDG_IRQHandler</STRONG> (Thumb, 0 bytes, Stack size 0 bytes, startup_stm32f0xx.o(.text))
<BR>[Address Reference Count : 1]<UL><LI> startup_stm32f0xx.o(RESET)
</UL>
<P><STRONG><a name="[216]"></a>__aeabi_uidiv</STRONG> (Thumb, 0 bytes, Stack size 12 bytes, uidiv.o(.text), UNUSED)

<P><STRONG><a name="[79]"></a>__aeabi_uidivmod</STRONG> (Thumb, 44 bytes, Stack size 12 bytes, uidiv.o(.text))
<BR><BR>[Stack]<UL><LI>Max Depth = 12<LI>Call Chain = __aeabi_uidivmod
</UL>
<BR>[Called By]<UL><LI><a href="#[9a]">&gt;&gt;</a>&nbsp;&nbsp;&nbsp;boardInit
<LI><a href="#[78]">&gt;&gt;</a>&nbsp;&nbsp;&nbsp;_webserverPrintIp
<LI><a href="#[16c]">&gt;&gt;</a>&nbsp;&nbsp;&nbsp;storageReadWriteFinish
<LI><a href="#[77]">&gt;&gt;</a>&nbsp;&nbsp;&nbsp;actualLevel_GrupoValoresGet
</UL>

<P><STRONG><a name="[13f]"></a>__aeabi_memcpy</STRONG> (Thumb, 36 bytes, Stack size 0 bytes, memcpya.o(.text))
<BR><BR>[Called By]<UL><LI><a href="#[113]">&gt;&gt;</a>&nbsp;&nbsp;&nbsp;normaLinkSensores
<LI><a href="#[13c]">&gt;&gt;</a>&nbsp;&nbsp;&nbsp;idngies_buscarInterfaces
<LI><a href="#[14e]">&gt;&gt;</a>&nbsp;&nbsp;&nbsp;sensoresNotificar
<LI><a href="#[14b]">&gt;&gt;</a>&nbsp;&nbsp;&nbsp;interfacesIDNGIESEventoGet
<LI><a href="#[147]">&gt;&gt;</a>&nbsp;&nbsp;&nbsp;interfacesConfiguracionGet
<LI><a href="#[14d]">&gt;&gt;</a>&nbsp;&nbsp;&nbsp;interfacesSolicitar
<LI><a href="#[184]">&gt;&gt;</a>&nbsp;&nbsp;&nbsp;sensoresConfiguracionGet
<LI><a href="#[187]">&gt;&gt;</a>&nbsp;&nbsp;&nbsp;sensoresGruposConfiguracionGet
</UL>

<P><STRONG><a name="[185]"></a>__aeabi_memcpy4</STRONG> (Thumb, 0 bytes, Stack size 0 bytes, memcpya.o(.text))
<BR><BR>[Called By]<UL><LI><a href="#[13a]">&gt;&gt;</a>&nbsp;&nbsp;&nbsp;sensoresInit
<LI><a href="#[113]">&gt;&gt;</a>&nbsp;&nbsp;&nbsp;normaLinkSensores
<LI><a href="#[14e]">&gt;&gt;</a>&nbsp;&nbsp;&nbsp;sensoresNotificar
<LI><a href="#[1be]">&gt;&gt;</a>&nbsp;&nbsp;&nbsp;sensoresGruposDetectoresPresenciaInit
</UL>

<P><STRONG><a name="[217]"></a>__aeabi_memcpy8</STRONG> (Thumb, 0 bytes, Stack size 0 bytes, memcpya.o(.text), UNUSED)

<P><STRONG><a name="[29]"></a>__aeabi_memset</STRONG> (Thumb, 14 bytes, Stack size 0 bytes, memseta.o(.text), UNUSED)
<BR><BR>[Called By]<UL><LI><a href="#[2a]">&gt;&gt;</a>&nbsp;&nbsp;&nbsp;_memset$wrapper
<LI><a href="#[28]">&gt;&gt;</a>&nbsp;&nbsp;&nbsp;__aeabi_memclr
</UL>

<P><STRONG><a name="[218]"></a>__aeabi_memset4</STRONG> (Thumb, 0 bytes, Stack size 0 bytes, memseta.o(.text), UNUSED)

<P><STRONG><a name="[219]"></a>__aeabi_memset8</STRONG> (Thumb, 0 bytes, Stack size 0 bytes, memseta.o(.text), UNUSED)

<P><STRONG><a name="[28]"></a>__aeabi_memclr</STRONG> (Thumb, 4 bytes, Stack size 0 bytes, memseta.o(.text), UNUSED)
<BR><BR>[Calls]<UL><LI><a href="#[29]">&gt;&gt;</a>&nbsp;&nbsp;&nbsp;__aeabi_memset
</UL>

<P><STRONG><a name="[cd]"></a>__aeabi_memclr4</STRONG> (Thumb, 0 bytes, Stack size 0 bytes, memseta.o(.text))
<BR><BR>[Called By]<UL><LI><a href="#[b1]">&gt;&gt;</a>&nbsp;&nbsp;&nbsp;configStoreInFlash
<LI><a href="#[105]">&gt;&gt;</a>&nbsp;&nbsp;&nbsp;ethInputsNotifications_Tick
</UL>

<P><STRONG><a name="[21a]"></a>__aeabi_memclr8</STRONG> (Thumb, 0 bytes, Stack size 0 bytes, memseta.o(.text), UNUSED)

<P><STRONG><a name="[2a]"></a>_memset$wrapper</STRONG> (Thumb, 18 bytes, Stack size 8 bytes, memseta.o(.text), UNUSED)
<BR><BR>[Calls]<UL><LI><a href="#[29]">&gt;&gt;</a>&nbsp;&nbsp;&nbsp;__aeabi_memset
</UL>

<P><STRONG><a name="[7a]"></a>strcat</STRONG> (Thumb, 24 bytes, Stack size 0 bytes, strcat.o(.text))
<BR><BR>[Called By]<UL><LI><a href="#[11e]">&gt;&gt;</a>&nbsp;&nbsp;&nbsp;webServerDoTask
<LI><a href="#[78]">&gt;&gt;</a>&nbsp;&nbsp;&nbsp;_webserverPrintIp
</UL>

<P><STRONG><a name="[7e]"></a>strlen</STRONG> (Thumb, 14 bytes, Stack size 0 bytes, strlen.o(.text))
<BR><BR>[Called By]<UL><LI><a href="#[11e]">&gt;&gt;</a>&nbsp;&nbsp;&nbsp;webServerDoTask
<LI><a href="#[7c]">&gt;&gt;</a>&nbsp;&nbsp;&nbsp;strindex
<LI><a href="#[7d]">&gt;&gt;</a>&nbsp;&nbsp;&nbsp;_webserverUtilsStringToIp
</UL>

<P><STRONG><a name="[20c]"></a>strcmp</STRONG> (Thumb, 28 bytes, Stack size 8 bytes, strcmp.o(.text))
<BR><BR>[Stack]<UL><LI>Max Depth = 8<LI>Call Chain = strcmp
</UL>
<BR>[Called By]<UL><LI><a href="#[11e]">&gt;&gt;</a>&nbsp;&nbsp;&nbsp;webServerDoTask
</UL>

<P><STRONG><a name="[20b]"></a>strcpy</STRONG> (Thumb, 18 bytes, Stack size 0 bytes, strcpy.o(.text))
<BR><BR>[Called By]<UL><LI><a href="#[11e]">&gt;&gt;</a>&nbsp;&nbsp;&nbsp;webServerDoTask
</UL>

<P><STRONG><a name="[1fd]"></a>strncmp</STRONG> (Thumb, 30 bytes, Stack size 12 bytes, strncmp.o(.text))
<BR><BR>[Stack]<UL><LI>Max Depth = 12<LI>Call Chain = strncmp
</UL>
<BR>[Called By]<UL><LI><a href="#[7c]">&gt;&gt;</a>&nbsp;&nbsp;&nbsp;strindex
</UL>

<P><STRONG><a name="[2b]"></a>atoi</STRONG> (Thumb, 26 bytes, Stack size 16 bytes, atoi.o(.text))
<BR><BR>[Stack]<UL><LI>Max Depth = 88<LI>Call Chain = atoi &rArr; strtol &rArr; _strtoul
</UL>
<BR>[Calls]<UL><LI><a href="#[2d]">&gt;&gt;</a>&nbsp;&nbsp;&nbsp;strtol
<LI><a href="#[2c]">&gt;&gt;</a>&nbsp;&nbsp;&nbsp;__aeabi_errno_addr
</UL>
<BR>[Called By]<UL><LI><a href="#[7d]">&gt;&gt;</a>&nbsp;&nbsp;&nbsp;_webserverUtilsStringToIp
</UL>

<P><STRONG><a name="[2e]"></a>__aeabi_fadd</STRONG> (Thumb, 162 bytes, Stack size 24 bytes, fadd.o(.text))
<BR><BR>[Stack]<UL><LI>Max Depth = 36<LI>Call Chain = __aeabi_fadd &rArr; _float_epilogue
</UL>
<BR>[Calls]<UL><LI><a href="#[30]">&gt;&gt;</a>&nbsp;&nbsp;&nbsp;_float_round
<LI><a href="#[2f]">&gt;&gt;</a>&nbsp;&nbsp;&nbsp;_float_epilogue
</UL>
<BR>[Called By]<UL><LI><a href="#[32]">&gt;&gt;</a>&nbsp;&nbsp;&nbsp;__aeabi_frsub
<LI><a href="#[31]">&gt;&gt;</a>&nbsp;&nbsp;&nbsp;__aeabi_fsub
</UL>

<P><STRONG><a name="[31]"></a>__aeabi_fsub</STRONG> (Thumb, 8 bytes, Stack size 0 bytes, fadd.o(.text), UNUSED)
<BR><BR>[Calls]<UL><LI><a href="#[2e]">&gt;&gt;</a>&nbsp;&nbsp;&nbsp;__aeabi_fadd
</UL>

<P><STRONG><a name="[32]"></a>__aeabi_frsub</STRONG> (Thumb, 8 bytes, Stack size 0 bytes, fadd.o(.text))
<BR><BR>[Stack]<UL><LI>Max Depth = 36<LI>Call Chain = __aeabi_frsub &rArr; __aeabi_fadd &rArr; _float_epilogue
</UL>
<BR>[Calls]<UL><LI><a href="#[2e]">&gt;&gt;</a>&nbsp;&nbsp;&nbsp;__aeabi_fadd
</UL>
<BR>[Called By]<UL><LI><a href="#[8f]">&gt;&gt;</a>&nbsp;&nbsp;&nbsp;blindPosEnc
<LI><a href="#[91]">&gt;&gt;</a>&nbsp;&nbsp;&nbsp;blindPosDec
</UL>

<P><STRONG><a name="[92]"></a>__aeabi_fmul</STRONG> (Thumb, 122 bytes, Stack size 16 bytes, fmul.o(.text))
<BR><BR>[Stack]<UL><LI>Max Depth = 16<LI>Call Chain = __aeabi_fmul
</UL>
<BR>[Called By]<UL><LI><a href="#[91]">&gt;&gt;</a>&nbsp;&nbsp;&nbsp;blindPosDec
</UL>

<P><STRONG><a name="[33]"></a>__aeabi_fdiv</STRONG> (Thumb, 124 bytes, Stack size 16 bytes, fdiv.o(.text))
<BR><BR>[Stack]<UL><LI>Max Depth = 16<LI>Call Chain = __aeabi_fdiv
</UL>
<BR>[Calls]<UL><LI><a href="#[30]">&gt;&gt;</a>&nbsp;&nbsp;&nbsp;_float_round
</UL>
<BR>[Called By]<UL><LI><a href="#[91]">&gt;&gt;</a>&nbsp;&nbsp;&nbsp;blindPosDec
</UL>

<P><STRONG><a name="[34]"></a>__aeabi_dmul</STRONG> (Thumb, 202 bytes, Stack size 72 bytes, dmul.o(.text))
<BR><BR>[Stack]<UL><LI>Max Depth = 128<LI>Call Chain = __aeabi_dmul &rArr; _double_epilogue &rArr; __aeabi_llsr
</UL>
<BR>[Calls]<UL><LI><a href="#[35]">&gt;&gt;</a>&nbsp;&nbsp;&nbsp;_double_epilogue
</UL>
<BR>[Called By]<UL><LI><a href="#[8f]">&gt;&gt;</a>&nbsp;&nbsp;&nbsp;blindPosEnc
</UL>

<P><STRONG><a name="[36]"></a>__aeabi_ddiv</STRONG> (Thumb, 234 bytes, Stack size 40 bytes, ddiv.o(.text))
<BR><BR>[Stack]<UL><LI>Max Depth = 48<LI>Call Chain = __aeabi_ddiv &rArr; _double_round
</UL>
<BR>[Calls]<UL><LI><a href="#[37]">&gt;&gt;</a>&nbsp;&nbsp;&nbsp;_double_round
</UL>
<BR>[Called By]<UL><LI><a href="#[8f]">&gt;&gt;</a>&nbsp;&nbsp;&nbsp;blindPosEnc
</UL>

<P><STRONG><a name="[38]"></a>__aeabi_ui2f</STRONG> (Thumb, 14 bytes, Stack size 8 bytes, ffltui.o(.text))
<BR><BR>[Stack]<UL><LI>Max Depth = 20<LI>Call Chain = __aeabi_ui2f &rArr; _float_epilogue
</UL>
<BR>[Calls]<UL><LI><a href="#[2f]">&gt;&gt;</a>&nbsp;&nbsp;&nbsp;_float_epilogue
</UL>
<BR>[Called By]<UL><LI><a href="#[8f]">&gt;&gt;</a>&nbsp;&nbsp;&nbsp;blindPosEnc
<LI><a href="#[91]">&gt;&gt;</a>&nbsp;&nbsp;&nbsp;blindPosDec
</UL>

<P><STRONG><a name="[39]"></a>__aeabi_ui2d</STRONG> (Thumb, 24 bytes, Stack size 16 bytes, dfltui.o(.text))
<BR><BR>[Stack]<UL><LI>Max Depth = 72<LI>Call Chain = __aeabi_ui2d &rArr; _double_epilogue &rArr; __aeabi_llsr
</UL>
<BR>[Calls]<UL><LI><a href="#[35]">&gt;&gt;</a>&nbsp;&nbsp;&nbsp;_double_epilogue
</UL>
<BR>[Called By]<UL><LI><a href="#[8f]">&gt;&gt;</a>&nbsp;&nbsp;&nbsp;blindPosEnc
</UL>

<P><STRONG><a name="[93]"></a>__aeabi_f2uiz</STRONG> (Thumb, 40 bytes, Stack size 0 bytes, ffixui.o(.text))
<BR><BR>[Called By]<UL><LI><a href="#[8f]">&gt;&gt;</a>&nbsp;&nbsp;&nbsp;blindPosEnc
<LI><a href="#[91]">&gt;&gt;</a>&nbsp;&nbsp;&nbsp;blindPosDec
</UL>

<P><STRONG><a name="[3a]"></a>__aeabi_d2f</STRONG> (Thumb, 56 bytes, Stack size 8 bytes, d2f.o(.text))
<BR><BR>[Stack]<UL><LI>Max Depth = 8<LI>Call Chain = __aeabi_d2f
</UL>
<BR>[Calls]<UL><LI><a href="#[30]">&gt;&gt;</a>&nbsp;&nbsp;&nbsp;_float_round
</UL>
<BR>[Called By]<UL><LI><a href="#[8f]">&gt;&gt;</a>&nbsp;&nbsp;&nbsp;blindPosEnc
</UL>

<P><STRONG><a name="[2d]"></a>strtol</STRONG> (Thumb, 108 bytes, Stack size 32 bytes, strtol.o(.text))
<BR><BR>[Stack]<UL><LI>Max Depth = 72<LI>Call Chain = strtol &rArr; _strtoul
</UL>
<BR>[Calls]<UL><LI><a href="#[3c]">&gt;&gt;</a>&nbsp;&nbsp;&nbsp;_strtoul
<LI><a href="#[3b]">&gt;&gt;</a>&nbsp;&nbsp;&nbsp;__rt_ctype_table
<LI><a href="#[2c]">&gt;&gt;</a>&nbsp;&nbsp;&nbsp;__aeabi_errno_addr
</UL>
<BR>[Called By]<UL><LI><a href="#[2b]">&gt;&gt;</a>&nbsp;&nbsp;&nbsp;atoi
</UL>

<P><STRONG><a name="[21b]"></a>__I$use$fp</STRONG> (Thumb, 0 bytes, Stack size 0 bytes, iusefp.o(.text), UNUSED)

<P><STRONG><a name="[30]"></a>_float_round</STRONG> (Thumb, 16 bytes, Stack size 0 bytes, fepilogue.o(.text))
<BR><BR>[Called By]<UL><LI><a href="#[33]">&gt;&gt;</a>&nbsp;&nbsp;&nbsp;__aeabi_fdiv
<LI><a href="#[3a]">&gt;&gt;</a>&nbsp;&nbsp;&nbsp;__aeabi_d2f
<LI><a href="#[2e]">&gt;&gt;</a>&nbsp;&nbsp;&nbsp;__aeabi_fadd
</UL>

<P><STRONG><a name="[2f]"></a>_float_epilogue</STRONG> (Thumb, 114 bytes, Stack size 12 bytes, fepilogue.o(.text))
<BR><BR>[Stack]<UL><LI>Max Depth = 12<LI>Call Chain = _float_epilogue
</UL>
<BR>[Called By]<UL><LI><a href="#[38]">&gt;&gt;</a>&nbsp;&nbsp;&nbsp;__aeabi_ui2f
<LI><a href="#[2e]">&gt;&gt;</a>&nbsp;&nbsp;&nbsp;__aeabi_fadd
</UL>

<P><STRONG><a name="[37]"></a>_double_round</STRONG> (Thumb, 26 bytes, Stack size 8 bytes, depilogue.o(.text))
<BR><BR>[Stack]<UL><LI>Max Depth = 8<LI>Call Chain = _double_round
</UL>
<BR>[Called By]<UL><LI><a href="#[36]">&gt;&gt;</a>&nbsp;&nbsp;&nbsp;__aeabi_ddiv
<LI><a href="#[35]">&gt;&gt;</a>&nbsp;&nbsp;&nbsp;_double_epilogue
</UL>

<P><STRONG><a name="[35]"></a>_double_epilogue</STRONG> (Thumb, 164 bytes, Stack size 48 bytes, depilogue.o(.text))
<BR><BR>[Stack]<UL><LI>Max Depth = 56<LI>Call Chain = _double_epilogue &rArr; __aeabi_llsr
</UL>
<BR>[Calls]<UL><LI><a href="#[3f]">&gt;&gt;</a>&nbsp;&nbsp;&nbsp;__aeabi_llsr
<LI><a href="#[3e]">&gt;&gt;</a>&nbsp;&nbsp;&nbsp;__aeabi_llsl
<LI><a href="#[3d]">&gt;&gt;</a>&nbsp;&nbsp;&nbsp;__ARM_clz
<LI><a href="#[37]">&gt;&gt;</a>&nbsp;&nbsp;&nbsp;_double_round
</UL>
<BR>[Called By]<UL><LI><a href="#[39]">&gt;&gt;</a>&nbsp;&nbsp;&nbsp;__aeabi_ui2d
<LI><a href="#[34]">&gt;&gt;</a>&nbsp;&nbsp;&nbsp;__aeabi_dmul
</UL>

<P><STRONG><a name="[27]"></a>__scatterload</STRONG> (Thumb, 28 bytes, Stack size 0 bytes, init.o(.text))
<BR><BR>[Calls]<UL><LI><a href="#[40]">&gt;&gt;</a>&nbsp;&nbsp;&nbsp;__main_after_scatterload
</UL>
<BR>[Called By]<UL><LI><a href="#[26]">&gt;&gt;</a>&nbsp;&nbsp;&nbsp;_main_scatterload
</UL>

<P><STRONG><a name="[21c]"></a>__scatterload_rt2</STRONG> (Thumb, 0 bytes, Stack size 0 bytes, init.o(.text), UNUSED)

<P><STRONG><a name="[3e]"></a>__aeabi_llsl</STRONG> (Thumb, 32 bytes, Stack size 8 bytes, llshl.o(.text))
<BR><BR>[Stack]<UL><LI>Max Depth = 8<LI>Call Chain = __aeabi_llsl
</UL>
<BR>[Called By]<UL><LI><a href="#[35]">&gt;&gt;</a>&nbsp;&nbsp;&nbsp;_double_epilogue
</UL>

<P><STRONG><a name="[21d]"></a>_ll_shift_l</STRONG> (Thumb, 0 bytes, Stack size 8 bytes, llshl.o(.text), UNUSED)

<P><STRONG><a name="[3f]"></a>__aeabi_llsr</STRONG> (Thumb, 34 bytes, Stack size 8 bytes, llushr.o(.text))
<BR><BR>[Stack]<UL><LI>Max Depth = 8<LI>Call Chain = __aeabi_llsr
</UL>
<BR>[Called By]<UL><LI><a href="#[35]">&gt;&gt;</a>&nbsp;&nbsp;&nbsp;_double_epilogue
</UL>

<P><STRONG><a name="[21e]"></a>_ll_ushift_r</STRONG> (Thumb, 0 bytes, Stack size 8 bytes, llushr.o(.text), UNUSED)

<P><STRONG><a name="[3b]"></a>__rt_ctype_table</STRONG> (Thumb, 4 bytes, Stack size 0 bytes, ctype_o.o(.text))
<BR><BR>[Called By]<UL><LI><a href="#[2d]">&gt;&gt;</a>&nbsp;&nbsp;&nbsp;strtol
</UL>

<P><STRONG><a name="[3c]"></a>_strtoul</STRONG> (Thumb, 166 bytes, Stack size 40 bytes, _strtoul.o(.text))
<BR><BR>[Stack]<UL><LI>Max Depth = 40<LI>Call Chain = _strtoul
</UL>
<BR>[Calls]<UL><LI><a href="#[41]">&gt;&gt;</a>&nbsp;&nbsp;&nbsp;_chval
<LI><a href="#[2c]">&gt;&gt;</a>&nbsp;&nbsp;&nbsp;__aeabi_errno_addr
</UL>
<BR>[Called By]<UL><LI><a href="#[2d]">&gt;&gt;</a>&nbsp;&nbsp;&nbsp;strtol
</UL>

<P><STRONG><a name="[41]"></a>_chval</STRONG> (Thumb, 30 bytes, Stack size 0 bytes, _chval.o(.text))
<BR><BR>[Called By]<UL><LI><a href="#[3c]">&gt;&gt;</a>&nbsp;&nbsp;&nbsp;_strtoul
</UL>

<P><STRONG><a name="[21f]"></a>__decompress</STRONG> (Thumb, 0 bytes, Stack size unknown bytes, __dczerorl2.o(.text), UNUSED)

<P><STRONG><a name="[220]"></a>__decompress1</STRONG> (Thumb, 86 bytes, Stack size unknown bytes, __dczerorl2.o(.text), UNUSED)

<P><STRONG><a name="[54]"></a>EXTI_ClearITPendingBit</STRONG> (Thumb, 6 bytes, Stack size 0 bytes, stm32f0xx_exti.o(i.EXTI_ClearITPendingBit))
<BR><BR>[Called By]<UL><LI><a href="#[15d]">&gt;&gt;</a>&nbsp;&nbsp;&nbsp;rtccInit
<LI><a href="#[8]">&gt;&gt;</a>&nbsp;&nbsp;&nbsp;RTC_IRQHandler
</UL>

<P><STRONG><a name="[1a5]"></a>EXTI_Init</STRONG> (Thumb, 102 bytes, Stack size 8 bytes, stm32f0xx_exti.o(i.EXTI_Init))
<BR><BR>[Stack]<UL><LI>Max Depth = 8<LI>Call Chain = EXTI_Init
</UL>
<BR>[Called By]<UL><LI><a href="#[15d]">&gt;&gt;</a>&nbsp;&nbsp;&nbsp;rtccInit
</UL>

<P><STRONG><a name="[a0]"></a>GPIO_Init</STRONG> (Thumb, 112 bytes, Stack size 20 bytes, stm32f0xx_gpio.o(i.GPIO_Init))
<BR><BR>[Stack]<UL><LI>Max Depth = 20<LI>Call Chain = GPIO_Init
</UL>
<BR>[Called By]<UL><LI><a href="#[9a]">&gt;&gt;</a>&nbsp;&nbsp;&nbsp;boardInit
</UL>

<P><STRONG><a name="[a6]"></a>GPIO_PinAFConfig</STRONG> (Thumb, 32 bytes, Stack size 8 bytes, stm32f0xx_gpio.o(i.GPIO_PinAFConfig))
<BR><BR>[Stack]<UL><LI>Max Depth = 8<LI>Call Chain = GPIO_PinAFConfig
</UL>
<BR>[Called By]<UL><LI><a href="#[9a]">&gt;&gt;</a>&nbsp;&nbsp;&nbsp;boardInit
</UL>

<P><STRONG><a name="[96]"></a>GPIO_ReadInputDataBit</STRONG> (Thumb, 14 bytes, Stack size 0 bytes, stm32f0xx_gpio.o(i.GPIO_ReadInputDataBit))
<BR><BR>[Called By]<UL><LI><a href="#[a9]">&gt;&gt;</a>&nbsp;&nbsp;&nbsp;botoneraDoTask
<LI><a href="#[95]">&gt;&gt;</a>&nbsp;&nbsp;&nbsp;boardDoTask
<LI><a href="#[105]">&gt;&gt;</a>&nbsp;&nbsp;&nbsp;ethInputsNotifications_Tick
</UL>

<P><STRONG><a name="[99]"></a>GPIO_ResetBits</STRONG> (Thumb, 4 bytes, Stack size 0 bytes, stm32f0xx_gpio.o(i.GPIO_ResetBits))
<BR><BR>[Called By]<UL><LI><a href="#[49]">&gt;&gt;</a>&nbsp;&nbsp;&nbsp;spiIINCHIP_CSoff_w5100
<LI><a href="#[118]">&gt;&gt;</a>&nbsp;&nbsp;&nbsp;ethTransceiverDoTask
<LI><a href="#[9a]">&gt;&gt;</a>&nbsp;&nbsp;&nbsp;boardInit
<LI><a href="#[95]">&gt;&gt;</a>&nbsp;&nbsp;&nbsp;boardDoTask
<LI><a href="#[153]">&gt;&gt;</a>&nbsp;&nbsp;&nbsp;spiIINCHIP_CSoff_m25p
</UL>

<P><STRONG><a name="[97]"></a>GPIO_SetBits</STRONG> (Thumb, 4 bytes, Stack size 0 bytes, stm32f0xx_gpio.o(i.GPIO_SetBits))
<BR><BR>[Called By]<UL><LI><a href="#[4c]">&gt;&gt;</a>&nbsp;&nbsp;&nbsp;spiIINCHIP_CSon_w5100
<LI><a href="#[49]">&gt;&gt;</a>&nbsp;&nbsp;&nbsp;spiIINCHIP_CSoff_w5100
<LI><a href="#[9a]">&gt;&gt;</a>&nbsp;&nbsp;&nbsp;boardInit
<LI><a href="#[95]">&gt;&gt;</a>&nbsp;&nbsp;&nbsp;boardDoTask
<LI><a href="#[154]">&gt;&gt;</a>&nbsp;&nbsp;&nbsp;spiIINCHIP_CSon_m25p
<LI><a href="#[153]">&gt;&gt;</a>&nbsp;&nbsp;&nbsp;spiIINCHIP_CSoff_m25p
<LI><a href="#[11a]">&gt;&gt;</a>&nbsp;&nbsp;&nbsp;ethTransceiverW5100Init
</UL>

<P><STRONG><a name="[2]"></a>HardFault_Handler</STRONG> (Thumb, 52 bytes, Stack size 24 bytes, stm32f0xx_it.o(i.HardFault_Handler))
<BR><BR>[Stack]<UL><LI>Max Depth = 168<LI>Call Chain = HardFault_Handler &rArr; historicoAdd &rArr; historicoMapPtrUsedSet &rArr; m25pWriteBytes &rArr; spiIINCHIP_SpiSendData
</UL>
<BR>[Calls]<UL><LI><a href="#[44]">&gt;&gt;</a>&nbsp;&nbsp;&nbsp;rtccYearGet
<LI><a href="#[45]">&gt;&gt;</a>&nbsp;&nbsp;&nbsp;rtccMonthGet
<LI><a href="#[42]">&gt;&gt;</a>&nbsp;&nbsp;&nbsp;rtccMinutesGet
<LI><a href="#[43]">&gt;&gt;</a>&nbsp;&nbsp;&nbsp;rtccHourGet
<LI><a href="#[46]">&gt;&gt;</a>&nbsp;&nbsp;&nbsp;rtccDayGet
<LI><a href="#[47]">&gt;&gt;</a>&nbsp;&nbsp;&nbsp;historicoAdd
</UL>
<BR>[Address Reference Count : 1]<UL><LI> startup_stm32f0xx.o(RESET)
</UL>
<P><STRONG><a name="[a8]"></a>I2C_Cmd</STRONG> (Thumb, 20 bytes, Stack size 0 bytes, stm32f0xx_i2c.o(i.I2C_Cmd))
<BR><BR>[Called By]<UL><LI><a href="#[9a]">&gt;&gt;</a>&nbsp;&nbsp;&nbsp;boardInit
</UL>

<P><STRONG><a name="[15a]"></a>I2C_GenerateSTOP</STRONG> (Thumb, 20 bytes, Stack size 0 bytes, stm32f0xx_i2c.o(i.I2C_GenerateSTOP))
<BR><BR>[Called By]<UL><LI><a href="#[155]">&gt;&gt;</a>&nbsp;&nbsp;&nbsp;macInit
</UL>

<P><STRONG><a name="[157]"></a>I2C_GetFlagStatus</STRONG> (Thumb, 14 bytes, Stack size 0 bytes, stm32f0xx_i2c.o(i.I2C_GetFlagStatus))
<BR><BR>[Called By]<UL><LI><a href="#[155]">&gt;&gt;</a>&nbsp;&nbsp;&nbsp;macInit
</UL>

<P><STRONG><a name="[a7]"></a>I2C_Init</STRONG> (Thumb, 92 bytes, Stack size 8 bytes, stm32f0xx_i2c.o(i.I2C_Init))
<BR><BR>[Stack]<UL><LI>Max Depth = 8<LI>Call Chain = I2C_Init
</UL>
<BR>[Called By]<UL><LI><a href="#[9a]">&gt;&gt;</a>&nbsp;&nbsp;&nbsp;boardInit
</UL>

<P><STRONG><a name="[159]"></a>I2C_ReceiveData</STRONG> (Thumb, 6 bytes, Stack size 0 bytes, stm32f0xx_i2c.o(i.I2C_ReceiveData))
<BR><BR>[Called By]<UL><LI><a href="#[155]">&gt;&gt;</a>&nbsp;&nbsp;&nbsp;macInit
</UL>

<P><STRONG><a name="[158]"></a>I2C_SendData</STRONG> (Thumb, 4 bytes, Stack size 0 bytes, stm32f0xx_i2c.o(i.I2C_SendData))
<BR><BR>[Called By]<UL><LI><a href="#[155]">&gt;&gt;</a>&nbsp;&nbsp;&nbsp;macInit
</UL>

<P><STRONG><a name="[156]"></a>I2C_TransferHandling</STRONG> (Thumb, 28 bytes, Stack size 16 bytes, stm32f0xx_i2c.o(i.I2C_TransferHandling))
<BR><BR>[Stack]<UL><LI>Max Depth = 16<LI>Call Chain = I2C_TransferHandling
</UL>
<BR>[Called By]<UL><LI><a href="#[155]">&gt;&gt;</a>&nbsp;&nbsp;&nbsp;macInit
</UL>

<P><STRONG><a name="[48]"></a>IINCHIP_READ</STRONG> (Thumb, 42 bytes, Stack size 8 bytes, w5100.o(i.IINCHIP_READ))
<BR><BR>[Stack]<UL><LI>Max Depth = 24<LI>Call Chain = IINCHIP_READ &rArr; spiIINCHIP_SpiSendData
</UL>
<BR>[Calls]<UL><LI><a href="#[4c]">&gt;&gt;</a>&nbsp;&nbsp;&nbsp;spiIINCHIP_CSon_w5100
<LI><a href="#[49]">&gt;&gt;</a>&nbsp;&nbsp;&nbsp;spiIINCHIP_CSoff_w5100
<LI><a href="#[4a]">&gt;&gt;</a>&nbsp;&nbsp;&nbsp;spiIINCHIP_SpiSendData
<LI><a href="#[4b]">&gt;&gt;</a>&nbsp;&nbsp;&nbsp;spiIINCHIP_SpiRecvData
</UL>
<BR>[Called By]<UL><LI><a href="#[fb]">&gt;&gt;</a>&nbsp;&nbsp;&nbsp;getSn_SR
<LI><a href="#[fc]">&gt;&gt;</a>&nbsp;&nbsp;&nbsp;getSn_RX_RSR
<LI><a href="#[ae]">&gt;&gt;</a>&nbsp;&nbsp;&nbsp;getSIPR
<LI><a href="#[1b0]">&gt;&gt;</a>&nbsp;&nbsp;&nbsp;send_data_processing
<LI><a href="#[19c]">&gt;&gt;</a>&nbsp;&nbsp;&nbsp;recv_data_processing
<LI><a href="#[129]">&gt;&gt;</a>&nbsp;&nbsp;&nbsp;getSn_TX_FSR
<LI><a href="#[103]">&gt;&gt;</a>&nbsp;&nbsp;&nbsp;socket
<LI><a href="#[65]">&gt;&gt;</a>&nbsp;&nbsp;&nbsp;sendto
<LI><a href="#[1ae]">&gt;&gt;</a>&nbsp;&nbsp;&nbsp;send
<LI><a href="#[fe]">&gt;&gt;</a>&nbsp;&nbsp;&nbsp;recv
<LI><a href="#[152]">&gt;&gt;</a>&nbsp;&nbsp;&nbsp;listen
<LI><a href="#[e8]">&gt;&gt;</a>&nbsp;&nbsp;&nbsp;disconnect
<LI><a href="#[af]">&gt;&gt;</a>&nbsp;&nbsp;&nbsp;close
</UL>

<P><STRONG><a name="[4d]"></a>IINCHIP_WRITE</STRONG> (Thumb, 44 bytes, Stack size 16 bytes, w5100.o(i.IINCHIP_WRITE))
<BR><BR>[Stack]<UL><LI>Max Depth = 32<LI>Call Chain = IINCHIP_WRITE &rArr; spiIINCHIP_SpiSendData
</UL>
<BR>[Calls]<UL><LI><a href="#[4c]">&gt;&gt;</a>&nbsp;&nbsp;&nbsp;spiIINCHIP_CSon_w5100
<LI><a href="#[49]">&gt;&gt;</a>&nbsp;&nbsp;&nbsp;spiIINCHIP_CSoff_w5100
<LI><a href="#[4a]">&gt;&gt;</a>&nbsp;&nbsp;&nbsp;spiIINCHIP_SpiSendData
</UL>
<BR>[Called By]<UL><LI><a href="#[128]">&gt;&gt;</a>&nbsp;&nbsp;&nbsp;sysinit
<LI><a href="#[102]">&gt;&gt;</a>&nbsp;&nbsp;&nbsp;setSn_PROTO
<LI><a href="#[127]">&gt;&gt;</a>&nbsp;&nbsp;&nbsp;setSIPR
<LI><a href="#[125]">&gt;&gt;</a>&nbsp;&nbsp;&nbsp;setSHAR
<LI><a href="#[144]">&gt;&gt;</a>&nbsp;&nbsp;&nbsp;setMR
<LI><a href="#[124]">&gt;&gt;</a>&nbsp;&nbsp;&nbsp;setGAR
<LI><a href="#[1b0]">&gt;&gt;</a>&nbsp;&nbsp;&nbsp;send_data_processing
<LI><a href="#[19c]">&gt;&gt;</a>&nbsp;&nbsp;&nbsp;recv_data_processing
<LI><a href="#[ad]">&gt;&gt;</a>&nbsp;&nbsp;&nbsp;clearSUBR
<LI><a href="#[8a]">&gt;&gt;</a>&nbsp;&nbsp;&nbsp;applySUBR
<LI><a href="#[103]">&gt;&gt;</a>&nbsp;&nbsp;&nbsp;socket
<LI><a href="#[65]">&gt;&gt;</a>&nbsp;&nbsp;&nbsp;sendto
<LI><a href="#[1ae]">&gt;&gt;</a>&nbsp;&nbsp;&nbsp;send
<LI><a href="#[fe]">&gt;&gt;</a>&nbsp;&nbsp;&nbsp;recv
<LI><a href="#[152]">&gt;&gt;</a>&nbsp;&nbsp;&nbsp;listen
<LI><a href="#[e8]">&gt;&gt;</a>&nbsp;&nbsp;&nbsp;disconnect
<LI><a href="#[af]">&gt;&gt;</a>&nbsp;&nbsp;&nbsp;close
</UL>

<P><STRONG><a name="[20a]"></a>IWDG_Enable</STRONG> (Thumb, 8 bytes, Stack size 0 bytes, stm32f0xx_iwdg.o(i.IWDG_Enable))
<BR><BR>[Called By]<UL><LI><a href="#[15c]">&gt;&gt;</a>&nbsp;&nbsp;&nbsp;wdtInit
</UL>

<P><STRONG><a name="[205]"></a>IWDG_ReloadCounter</STRONG> (Thumb, 8 bytes, Stack size 0 bytes, stm32f0xx_iwdg.o(i.IWDG_ReloadCounter))
<BR><BR>[Called By]<UL><LI><a href="#[15c]">&gt;&gt;</a>&nbsp;&nbsp;&nbsp;wdtInit
<LI><a href="#[160]">&gt;&gt;</a>&nbsp;&nbsp;&nbsp;wdtDoTask
</UL>

<P><STRONG><a name="[208]"></a>IWDG_SetPrescaler</STRONG> (Thumb, 6 bytes, Stack size 0 bytes, stm32f0xx_iwdg.o(i.IWDG_SetPrescaler))
<BR><BR>[Called By]<UL><LI><a href="#[15c]">&gt;&gt;</a>&nbsp;&nbsp;&nbsp;wdtInit
</UL>

<P><STRONG><a name="[209]"></a>IWDG_SetReload</STRONG> (Thumb, 6 bytes, Stack size 0 bytes, stm32f0xx_iwdg.o(i.IWDG_SetReload))
<BR><BR>[Called By]<UL><LI><a href="#[15c]">&gt;&gt;</a>&nbsp;&nbsp;&nbsp;wdtInit
</UL>

<P><STRONG><a name="[207]"></a>IWDG_WriteAccessCmd</STRONG> (Thumb, 6 bytes, Stack size 0 bytes, stm32f0xx_iwdg.o(i.IWDG_WriteAccessCmd))
<BR><BR>[Called By]<UL><LI><a href="#[15c]">&gt;&gt;</a>&nbsp;&nbsp;&nbsp;wdtInit
</UL>

<P><STRONG><a name="[1]"></a>NMI_Handler</STRONG> (Thumb, 2 bytes, Stack size 0 bytes, stm32f0xx_it.o(i.NMI_Handler))
<BR>[Address Reference Count : 1]<UL><LI> startup_stm32f0xx.o(RESET)
</UL>
<P><STRONG><a name="[1a6]"></a>NVIC_Init</STRONG> (Thumb, 70 bytes, Stack size 12 bytes, stm32f0xx_misc.o(i.NVIC_Init))
<BR><BR>[Stack]<UL><LI>Max Depth = 12<LI>Call Chain = NVIC_Init
</UL>
<BR>[Called By]<UL><LI><a href="#[15d]">&gt;&gt;</a>&nbsp;&nbsp;&nbsp;rtccInit
</UL>

<P><STRONG><a name="[19d]"></a>PWR_BackupAccessCmd</STRONG> (Thumb, 20 bytes, Stack size 0 bytes, stm32f0xx_pwr.o(i.PWR_BackupAccessCmd))
<BR><BR>[Called By]<UL><LI><a href="#[15d]">&gt;&gt;</a>&nbsp;&nbsp;&nbsp;rtccInit
</UL>

<P><STRONG><a name="[4]"></a>PendSV_Handler</STRONG> (Thumb, 2 bytes, Stack size 0 bytes, stm32f0xx_it.o(i.PendSV_Handler))
<BR>[Address Reference Count : 1]<UL><LI> startup_stm32f0xx.o(RESET)
</UL>
<P><STRONG><a name="[9f]"></a>RCC_AHBPeriphClockCmd</STRONG> (Thumb, 18 bytes, Stack size 0 bytes, stm32f0xx_rcc.o(i.RCC_AHBPeriphClockCmd))
<BR><BR>[Called By]<UL><LI><a href="#[9a]">&gt;&gt;</a>&nbsp;&nbsp;&nbsp;boardInit
</UL>

<P><STRONG><a name="[a1]"></a>RCC_APB1PeriphClockCmd</STRONG> (Thumb, 18 bytes, Stack size 0 bytes, stm32f0xx_rcc.o(i.RCC_APB1PeriphClockCmd))
<BR><BR>[Called By]<UL><LI><a href="#[15d]">&gt;&gt;</a>&nbsp;&nbsp;&nbsp;rtccInit
<LI><a href="#[9a]">&gt;&gt;</a>&nbsp;&nbsp;&nbsp;boardInit
</UL>

<P><STRONG><a name="[5f]"></a>RCC_APB1PeriphResetCmd</STRONG> (Thumb, 18 bytes, Stack size 0 bytes, stm32f0xx_rcc.o(i.RCC_APB1PeriphResetCmd))
<BR><BR>[Called By]<UL><LI><a href="#[5d]">&gt;&gt;</a>&nbsp;&nbsp;&nbsp;SPI_I2S_DeInit
</UL>

<P><STRONG><a name="[5e]"></a>RCC_APB2PeriphResetCmd</STRONG> (Thumb, 18 bytes, Stack size 0 bytes, stm32f0xx_rcc.o(i.RCC_APB2PeriphResetCmd))
<BR><BR>[Called By]<UL><LI><a href="#[23]">&gt;&gt;</a>&nbsp;&nbsp;&nbsp;main
<LI><a href="#[5d]">&gt;&gt;</a>&nbsp;&nbsp;&nbsp;SPI_I2S_DeInit
</UL>

<P><STRONG><a name="[9b]"></a>RCC_DeInit</STRONG> (Thumb, 78 bytes, Stack size 0 bytes, stm32f0xx_rcc.o(i.RCC_DeInit))
<BR><BR>[Called By]<UL><LI><a href="#[15d]">&gt;&gt;</a>&nbsp;&nbsp;&nbsp;rtccInit
<LI><a href="#[9a]">&gt;&gt;</a>&nbsp;&nbsp;&nbsp;boardInit
</UL>

<P><STRONG><a name="[19f]"></a>RCC_GetFlagStatus</STRONG> (Thumb, 48 bytes, Stack size 0 bytes, stm32f0xx_rcc.o(i.RCC_GetFlagStatus))
<BR><BR>[Called By]<UL><LI><a href="#[15c]">&gt;&gt;</a>&nbsp;&nbsp;&nbsp;wdtInit
<LI><a href="#[15d]">&gt;&gt;</a>&nbsp;&nbsp;&nbsp;rtccInit
</UL>

<P><STRONG><a name="[a5]"></a>RCC_I2CCLKConfig</STRONG> (Thumb, 18 bytes, Stack size 0 bytes, stm32f0xx_rcc.o(i.RCC_I2CCLKConfig))
<BR><BR>[Called By]<UL><LI><a href="#[9a]">&gt;&gt;</a>&nbsp;&nbsp;&nbsp;boardInit
</UL>

<P><STRONG><a name="[19e]"></a>RCC_LSEConfig</STRONG> (Thumb, 26 bytes, Stack size 0 bytes, stm32f0xx_rcc.o(i.RCC_LSEConfig))
<BR><BR>[Called By]<UL><LI><a href="#[15d]">&gt;&gt;</a>&nbsp;&nbsp;&nbsp;rtccInit
</UL>

<P><STRONG><a name="[9d]"></a>RCC_PLLCmd</STRONG> (Thumb, 22 bytes, Stack size 0 bytes, stm32f0xx_rcc.o(i.RCC_PLLCmd))
<BR><BR>[Called By]<UL><LI><a href="#[9a]">&gt;&gt;</a>&nbsp;&nbsp;&nbsp;boardInit
</UL>

<P><STRONG><a name="[9c]"></a>RCC_PLLConfig</STRONG> (Thumb, 24 bytes, Stack size 8 bytes, stm32f0xx_rcc.o(i.RCC_PLLConfig))
<BR><BR>[Stack]<UL><LI>Max Depth = 8<LI>Call Chain = RCC_PLLConfig
</UL>
<BR>[Called By]<UL><LI><a href="#[9a]">&gt;&gt;</a>&nbsp;&nbsp;&nbsp;boardInit
</UL>

<P><STRONG><a name="[1a1]"></a>RCC_RTCCLKCmd</STRONG> (Thumb, 22 bytes, Stack size 0 bytes, stm32f0xx_rcc.o(i.RCC_RTCCLKCmd))
<BR><BR>[Called By]<UL><LI><a href="#[15d]">&gt;&gt;</a>&nbsp;&nbsp;&nbsp;rtccInit
</UL>

<P><STRONG><a name="[1a0]"></a>RCC_RTCCLKConfig</STRONG> (Thumb, 10 bytes, Stack size 0 bytes, stm32f0xx_rcc.o(i.RCC_RTCCLKConfig))
<BR><BR>[Called By]<UL><LI><a href="#[15d]">&gt;&gt;</a>&nbsp;&nbsp;&nbsp;rtccInit
</UL>

<P><STRONG><a name="[9e]"></a>RCC_SYSCLKConfig</STRONG> (Thumb, 14 bytes, Stack size 0 bytes, stm32f0xx_rcc.o(i.RCC_SYSCLKConfig))
<BR><BR>[Called By]<UL><LI><a href="#[9a]">&gt;&gt;</a>&nbsp;&nbsp;&nbsp;boardInit
</UL>

<P><STRONG><a name="[1a2]"></a>RTC_AlarmCmd</STRONG> (Thumb, 74 bytes, Stack size 12 bytes, stm32f0xx_rtc.o(i.RTC_AlarmCmd))
<BR><BR>[Stack]<UL><LI>Max Depth = 12<LI>Call Chain = RTC_AlarmCmd
</UL>
<BR>[Called By]<UL><LI><a href="#[15d]">&gt;&gt;</a>&nbsp;&nbsp;&nbsp;rtccInit
</UL>

<P><STRONG><a name="[1a3]"></a>RTC_AlarmStructInit</STRONG> (Thumb, 20 bytes, Stack size 0 bytes, stm32f0xx_rtc.o(i.RTC_AlarmStructInit))
<BR><BR>[Called By]<UL><LI><a href="#[15d]">&gt;&gt;</a>&nbsp;&nbsp;&nbsp;rtccInit
</UL>

<P><STRONG><a name="[1a4]"></a>RTC_CalibOutputCmd</STRONG> (Thumb, 34 bytes, Stack size 0 bytes, stm32f0xx_rtc.o(i.RTC_CalibOutputCmd))
<BR><BR>[Called By]<UL><LI><a href="#[15d]">&gt;&gt;</a>&nbsp;&nbsp;&nbsp;rtccInit
</UL>

<P><STRONG><a name="[53]"></a>RTC_ClearITPendingBit</STRONG> (Thumb, 22 bytes, Stack size 0 bytes, stm32f0xx_rtc.o(i.RTC_ClearITPendingBit))
<BR><BR>[Called By]<UL><LI><a href="#[15d]">&gt;&gt;</a>&nbsp;&nbsp;&nbsp;rtccInit
<LI><a href="#[8]">&gt;&gt;</a>&nbsp;&nbsp;&nbsp;RTC_IRQHandler
</UL>

<P><STRONG><a name="[56]"></a>RTC_EnterInitMode</STRONG> (Thumb, 56 bytes, Stack size 12 bytes, stm32f0xx_rtc.o(i.RTC_EnterInitMode))
<BR><BR>[Stack]<UL><LI>Max Depth = 12<LI>Call Chain = RTC_EnterInitMode
</UL>
<BR>[Called By]<UL><LI><a href="#[5c]">&gt;&gt;</a>&nbsp;&nbsp;&nbsp;RTC_SetTime
<LI><a href="#[5a]">&gt;&gt;</a>&nbsp;&nbsp;&nbsp;RTC_SetDate
<LI><a href="#[55]">&gt;&gt;</a>&nbsp;&nbsp;&nbsp;RTC_Init
</UL>

<P><STRONG><a name="[57]"></a>RTC_ExitInitMode</STRONG> (Thumb, 12 bytes, Stack size 0 bytes, stm32f0xx_rtc.o(i.RTC_ExitInitMode))
<BR><BR>[Called By]<UL><LI><a href="#[15d]">&gt;&gt;</a>&nbsp;&nbsp;&nbsp;rtccInit
<LI><a href="#[5c]">&gt;&gt;</a>&nbsp;&nbsp;&nbsp;RTC_SetTime
<LI><a href="#[5a]">&gt;&gt;</a>&nbsp;&nbsp;&nbsp;RTC_SetDate
<LI><a href="#[55]">&gt;&gt;</a>&nbsp;&nbsp;&nbsp;RTC_Init
</UL>

<P><STRONG><a name="[4e]"></a>RTC_GetDate</STRONG> (Thumb, 68 bytes, Stack size 8 bytes, stm32f0xx_rtc.o(i.RTC_GetDate))
<BR><BR>[Stack]<UL><LI>Max Depth = 8<LI>Call Chain = RTC_GetDate
</UL>
<BR>[Calls]<UL><LI><a href="#[4f]">&gt;&gt;</a>&nbsp;&nbsp;&nbsp;RTC_Bcd2ToByte
</UL>
<BR>[Called By]<UL><LI><a href="#[44]">&gt;&gt;</a>&nbsp;&nbsp;&nbsp;rtccYearGet
<LI><a href="#[45]">&gt;&gt;</a>&nbsp;&nbsp;&nbsp;rtccMonthGet
<LI><a href="#[46]">&gt;&gt;</a>&nbsp;&nbsp;&nbsp;rtccDayGet
<LI><a href="#[171]">&gt;&gt;</a>&nbsp;&nbsp;&nbsp;rtccYearSet
<LI><a href="#[16e]">&gt;&gt;</a>&nbsp;&nbsp;&nbsp;rtccWeekdaySet
<LI><a href="#[165]">&gt;&gt;</a>&nbsp;&nbsp;&nbsp;rtccWeekdayGet
<LI><a href="#[170]">&gt;&gt;</a>&nbsp;&nbsp;&nbsp;rtccMonthSet
<LI><a href="#[16f]">&gt;&gt;</a>&nbsp;&nbsp;&nbsp;rtccDaySet
</UL>

<P><STRONG><a name="[51]"></a>RTC_GetITStatus</STRONG> (Thumb, 54 bytes, Stack size 16 bytes, stm32f0xx_rtc.o(i.RTC_GetITStatus))
<BR><BR>[Stack]<UL><LI>Max Depth = 16<LI>Call Chain = RTC_GetITStatus
</UL>
<BR>[Called By]<UL><LI><a href="#[8]">&gt;&gt;</a>&nbsp;&nbsp;&nbsp;RTC_IRQHandler
</UL>

<P><STRONG><a name="[50]"></a>RTC_GetTime</STRONG> (Thumb, 70 bytes, Stack size 16 bytes, stm32f0xx_rtc.o(i.RTC_GetTime))
<BR><BR>[Stack]<UL><LI>Max Depth = 16<LI>Call Chain = RTC_GetTime
</UL>
<BR>[Calls]<UL><LI><a href="#[4f]">&gt;&gt;</a>&nbsp;&nbsp;&nbsp;RTC_Bcd2ToByte
</UL>
<BR>[Called By]<UL><LI><a href="#[52]">&gt;&gt;</a>&nbsp;&nbsp;&nbsp;rtccSecondsTick
<LI><a href="#[42]">&gt;&gt;</a>&nbsp;&nbsp;&nbsp;rtccMinutesGet
<LI><a href="#[43]">&gt;&gt;</a>&nbsp;&nbsp;&nbsp;rtccHourGet
<LI><a href="#[174]">&gt;&gt;</a>&nbsp;&nbsp;&nbsp;rtccSecondsSet
<LI><a href="#[166]">&gt;&gt;</a>&nbsp;&nbsp;&nbsp;rtccSecondsGet
<LI><a href="#[173]">&gt;&gt;</a>&nbsp;&nbsp;&nbsp;rtccMinutesSet
<LI><a href="#[172]">&gt;&gt;</a>&nbsp;&nbsp;&nbsp;rtccHourSet
</UL>

<P><STRONG><a name="[8]"></a>RTC_IRQHandler</STRONG> (Thumb, 36 bytes, Stack size 8 bytes, stm32f0xx_it.o(i.RTC_IRQHandler))
<BR><BR>[Stack]<UL><LI>Max Depth = 568<LI>Call Chain = RTC_IRQHandler &rArr; rtccSecondsTick &rArr; ethInputsNotifications_Tick &rArr; ethSendFrame &rArr; sendto &rArr; send_data_processing &rArr; write_data &rArr; wiz_write_buf &rArr; spiIINCHIP_SpiSendData
</UL>
<BR>[Calls]<UL><LI><a href="#[52]">&gt;&gt;</a>&nbsp;&nbsp;&nbsp;rtccSecondsTick
<LI><a href="#[51]">&gt;&gt;</a>&nbsp;&nbsp;&nbsp;RTC_GetITStatus
<LI><a href="#[53]">&gt;&gt;</a>&nbsp;&nbsp;&nbsp;RTC_ClearITPendingBit
<LI><a href="#[54]">&gt;&gt;</a>&nbsp;&nbsp;&nbsp;EXTI_ClearITPendingBit
</UL>
<BR>[Address Reference Count : 1]<UL><LI> startup_stm32f0xx.o(RESET)
</UL>
<P><STRONG><a name="[1a7]"></a>RTC_ITConfig</STRONG> (Thumb, 56 bytes, Stack size 12 bytes, stm32f0xx_rtc.o(i.RTC_ITConfig))
<BR><BR>[Stack]<UL><LI>Max Depth = 12<LI>Call Chain = RTC_ITConfig
</UL>
<BR>[Called By]<UL><LI><a href="#[15d]">&gt;&gt;</a>&nbsp;&nbsp;&nbsp;rtccInit
</UL>

<P><STRONG><a name="[55]"></a>RTC_Init</STRONG> (Thumb, 68 bytes, Stack size 16 bytes, stm32f0xx_rtc.o(i.RTC_Init))
<BR><BR>[Stack]<UL><LI>Max Depth = 28<LI>Call Chain = RTC_Init &rArr; RTC_EnterInitMode
</UL>
<BR>[Calls]<UL><LI><a href="#[57]">&gt;&gt;</a>&nbsp;&nbsp;&nbsp;RTC_ExitInitMode
<LI><a href="#[56]">&gt;&gt;</a>&nbsp;&nbsp;&nbsp;RTC_EnterInitMode
</UL>
<BR>[Called By]<UL><LI><a href="#[15d]">&gt;&gt;</a>&nbsp;&nbsp;&nbsp;rtccInit
</UL>

<P><STRONG><a name="[ec]"></a>RTC_ReadBackupRegister</STRONG> (Thumb, 14 bytes, Stack size 8 bytes, stm32f0xx_rtc.o(i.RTC_ReadBackupRegister))
<BR><BR>[Stack]<UL><LI>Max Depth = 8<LI>Call Chain = RTC_ReadBackupRegister
</UL>
<BR>[Called By]<UL><LI><a href="#[13d]">&gt;&gt;</a>&nbsp;&nbsp;&nbsp;idngPowerOn
<LI><a href="#[eb]">&gt;&gt;</a>&nbsp;&nbsp;&nbsp;embeddedBootloaderInit
<LI><a href="#[12a]">&gt;&gt;</a>&nbsp;&nbsp;&nbsp;graba
</UL>

<P><STRONG><a name="[58]"></a>RTC_SetAlarm</STRONG> (Thumb, 130 bytes, Stack size 16 bytes, stm32f0xx_rtc.o(i.RTC_SetAlarm))
<BR><BR>[Stack]<UL><LI>Max Depth = 16<LI>Call Chain = RTC_SetAlarm
</UL>
<BR>[Calls]<UL><LI><a href="#[59]">&gt;&gt;</a>&nbsp;&nbsp;&nbsp;RTC_ByteToBcd2
<LI><a href="#[4f]">&gt;&gt;</a>&nbsp;&nbsp;&nbsp;RTC_Bcd2ToByte
</UL>
<BR>[Called By]<UL><LI><a href="#[15d]">&gt;&gt;</a>&nbsp;&nbsp;&nbsp;rtccInit
</UL>

<P><STRONG><a name="[5a]"></a>RTC_SetDate</STRONG> (Thumb, 140 bytes, Stack size 16 bytes, stm32f0xx_rtc.o(i.RTC_SetDate))
<BR><BR>[Stack]<UL><LI>Max Depth = 28<LI>Call Chain = RTC_SetDate &rArr; RTC_WaitForSynchro
</UL>
<BR>[Calls]<UL><LI><a href="#[5b]">&gt;&gt;</a>&nbsp;&nbsp;&nbsp;RTC_WaitForSynchro
<LI><a href="#[57]">&gt;&gt;</a>&nbsp;&nbsp;&nbsp;RTC_ExitInitMode
<LI><a href="#[56]">&gt;&gt;</a>&nbsp;&nbsp;&nbsp;RTC_EnterInitMode
<LI><a href="#[59]">&gt;&gt;</a>&nbsp;&nbsp;&nbsp;RTC_ByteToBcd2
<LI><a href="#[4f]">&gt;&gt;</a>&nbsp;&nbsp;&nbsp;RTC_Bcd2ToByte
</UL>
<BR>[Called By]<UL><LI><a href="#[171]">&gt;&gt;</a>&nbsp;&nbsp;&nbsp;rtccYearSet
<LI><a href="#[16e]">&gt;&gt;</a>&nbsp;&nbsp;&nbsp;rtccWeekdaySet
<LI><a href="#[170]">&gt;&gt;</a>&nbsp;&nbsp;&nbsp;rtccMonthSet
<LI><a href="#[16f]">&gt;&gt;</a>&nbsp;&nbsp;&nbsp;rtccDaySet
</UL>

<P><STRONG><a name="[5c]"></a>RTC_SetTime</STRONG> (Thumb, 142 bytes, Stack size 24 bytes, stm32f0xx_rtc.o(i.RTC_SetTime))
<BR><BR>[Stack]<UL><LI>Max Depth = 36<LI>Call Chain = RTC_SetTime &rArr; RTC_WaitForSynchro
</UL>
<BR>[Calls]<UL><LI><a href="#[5b]">&gt;&gt;</a>&nbsp;&nbsp;&nbsp;RTC_WaitForSynchro
<LI><a href="#[57]">&gt;&gt;</a>&nbsp;&nbsp;&nbsp;RTC_ExitInitMode
<LI><a href="#[56]">&gt;&gt;</a>&nbsp;&nbsp;&nbsp;RTC_EnterInitMode
<LI><a href="#[59]">&gt;&gt;</a>&nbsp;&nbsp;&nbsp;RTC_ByteToBcd2
<LI><a href="#[4f]">&gt;&gt;</a>&nbsp;&nbsp;&nbsp;RTC_Bcd2ToByte
</UL>
<BR>[Called By]<UL><LI><a href="#[174]">&gt;&gt;</a>&nbsp;&nbsp;&nbsp;rtccSecondsSet
<LI><a href="#[173]">&gt;&gt;</a>&nbsp;&nbsp;&nbsp;rtccMinutesSet
<LI><a href="#[172]">&gt;&gt;</a>&nbsp;&nbsp;&nbsp;rtccHourSet
</UL>

<P><STRONG><a name="[5b]"></a>RTC_WaitForSynchro</STRONG> (Thumb, 74 bytes, Stack size 12 bytes, stm32f0xx_rtc.o(i.RTC_WaitForSynchro))
<BR><BR>[Stack]<UL><LI>Max Depth = 12<LI>Call Chain = RTC_WaitForSynchro
</UL>
<BR>[Called By]<UL><LI><a href="#[15d]">&gt;&gt;</a>&nbsp;&nbsp;&nbsp;rtccInit
<LI><a href="#[5c]">&gt;&gt;</a>&nbsp;&nbsp;&nbsp;RTC_SetTime
<LI><a href="#[5a]">&gt;&gt;</a>&nbsp;&nbsp;&nbsp;RTC_SetDate
</UL>

<P><STRONG><a name="[ea]"></a>RTC_WriteBackupRegister</STRONG> (Thumb, 14 bytes, Stack size 8 bytes, stm32f0xx_rtc.o(i.RTC_WriteBackupRegister))
<BR><BR>[Stack]<UL><LI>Max Depth = 8<LI>Call Chain = RTC_WriteBackupRegister
</UL>
<BR>[Called By]<UL><LI><a href="#[eb]">&gt;&gt;</a>&nbsp;&nbsp;&nbsp;embeddedBootloaderInit
<LI><a href="#[e9]">&gt;&gt;</a>&nbsp;&nbsp;&nbsp;embeddedBootloaderGo
<LI><a href="#[12a]">&gt;&gt;</a>&nbsp;&nbsp;&nbsp;graba
</UL>

<P><STRONG><a name="[a4]"></a>SPI_Cmd</STRONG> (Thumb, 18 bytes, Stack size 0 bytes, stm32f0xx_spi.o(i.SPI_Cmd))
<BR><BR>[Called By]<UL><LI><a href="#[9a]">&gt;&gt;</a>&nbsp;&nbsp;&nbsp;boardInit
</UL>

<P><STRONG><a name="[1fa]"></a>SPI_GetReceptionFIFOStatus</STRONG> (Thumb, 10 bytes, Stack size 0 bytes, stm32f0xx_spi.o(i.SPI_GetReceptionFIFOStatus))
<BR><BR>[Called By]<UL><LI><a href="#[4b]">&gt;&gt;</a>&nbsp;&nbsp;&nbsp;spiIINCHIP_SpiRecvData
</UL>

<P><STRONG><a name="[5d]"></a>SPI_I2S_DeInit</STRONG> (Thumb, 54 bytes, Stack size 8 bytes, stm32f0xx_spi.o(i.SPI_I2S_DeInit))
<BR><BR>[Stack]<UL><LI>Max Depth = 8<LI>Call Chain = SPI_I2S_DeInit
</UL>
<BR>[Calls]<UL><LI><a href="#[5e]">&gt;&gt;</a>&nbsp;&nbsp;&nbsp;RCC_APB2PeriphResetCmd
<LI><a href="#[5f]">&gt;&gt;</a>&nbsp;&nbsp;&nbsp;RCC_APB1PeriphResetCmd
</UL>
<BR>[Called By]<UL><LI><a href="#[9a]">&gt;&gt;</a>&nbsp;&nbsp;&nbsp;boardInit
</UL>

<P><STRONG><a name="[1fb]"></a>SPI_I2S_GetFlagStatus</STRONG> (Thumb, 14 bytes, Stack size 0 bytes, stm32f0xx_spi.o(i.SPI_I2S_GetFlagStatus))
<BR><BR>[Called By]<UL><LI><a href="#[4a]">&gt;&gt;</a>&nbsp;&nbsp;&nbsp;spiIINCHIP_SpiSendData
<LI><a href="#[4b]">&gt;&gt;</a>&nbsp;&nbsp;&nbsp;spiIINCHIP_SpiRecvData
</UL>

<P><STRONG><a name="[a2]"></a>SPI_Init</STRONG> (Thumb, 74 bytes, Stack size 12 bytes, stm32f0xx_spi.o(i.SPI_Init))
<BR><BR>[Stack]<UL><LI>Max Depth = 12<LI>Call Chain = SPI_Init
</UL>
<BR>[Called By]<UL><LI><a href="#[9a]">&gt;&gt;</a>&nbsp;&nbsp;&nbsp;boardInit
</UL>

<P><STRONG><a name="[1f9]"></a>SPI_ReceiveData8</STRONG> (Thumb, 4 bytes, Stack size 0 bytes, stm32f0xx_spi.o(i.SPI_ReceiveData8))
<BR><BR>[Called By]<UL><LI><a href="#[4b]">&gt;&gt;</a>&nbsp;&nbsp;&nbsp;spiIINCHIP_SpiRecvData
</UL>

<P><STRONG><a name="[a3]"></a>SPI_RxFIFOThresholdConfig</STRONG> (Thumb, 16 bytes, Stack size 0 bytes, stm32f0xx_spi.o(i.SPI_RxFIFOThresholdConfig))
<BR><BR>[Called By]<UL><LI><a href="#[9a]">&gt;&gt;</a>&nbsp;&nbsp;&nbsp;boardInit
</UL>

<P><STRONG><a name="[1fc]"></a>SPI_SendData8</STRONG> (Thumb, 4 bytes, Stack size 0 bytes, stm32f0xx_spi.o(i.SPI_SendData8))
<BR><BR>[Called By]<UL><LI><a href="#[4a]">&gt;&gt;</a>&nbsp;&nbsp;&nbsp;spiIINCHIP_SpiSendData
<LI><a href="#[4b]">&gt;&gt;</a>&nbsp;&nbsp;&nbsp;spiIINCHIP_SpiRecvData
</UL>

<P><STRONG><a name="[3]"></a>SVC_Handler</STRONG> (Thumb, 2 bytes, Stack size 0 bytes, stm32f0xx_it.o(i.SVC_Handler))
<BR>[Address Reference Count : 1]<UL><LI> startup_stm32f0xx.o(RESET)
</UL>
<P><STRONG><a name="[15b]"></a>SYSCFG_MemoryRemapConfig</STRONG> (Thumb, 14 bytes, Stack size 0 bytes, stm32f0xx_syscfg.o(i.SYSCFG_MemoryRemapConfig))
<BR><BR>[Called By]<UL><LI><a href="#[23]">&gt;&gt;</a>&nbsp;&nbsp;&nbsp;main
</UL>

<P><STRONG><a name="[5]"></a>SysTick_Handler</STRONG> (Thumb, 8 bytes, Stack size 8 bytes, stm32f0xx_it.o(i.SysTick_Handler))
<BR><BR>[Stack]<UL><LI>Max Depth = 40<LI>Call Chain = SysTick_Handler &rArr; sysTickTick &rArr; interfazTick &rArr; entradaDigitalTick
</UL>
<BR>[Calls]<UL><LI><a href="#[60]">&gt;&gt;</a>&nbsp;&nbsp;&nbsp;sysTickTick
</UL>
<BR>[Address Reference Count : 1]<UL><LI> startup_stm32f0xx.o(RESET)
</UL>
<P><STRONG><a name="[24]"></a>SystemInit</STRONG> (Thumb, 84 bytes, Stack size 8 bytes, system_stm32f0xx.o(i.SystemInit))
<BR><BR>[Stack]<UL><LI>Max Depth = 16<LI>Call Chain = SystemInit &rArr; SetSysClock
</UL>
<BR>[Calls]<UL><LI><a href="#[61]">&gt;&gt;</a>&nbsp;&nbsp;&nbsp;SetSysClock
</UL>
<BR>[Address Reference Count : 1]<UL><LI> startup_stm32f0xx.o(.text)
</UL>
<P><STRONG><a name="[3d]"></a>__ARM_clz</STRONG> (Thumb, 46 bytes, Stack size 0 bytes, depilogue.o(i.__ARM_clz))
<BR><BR>[Called By]<UL><LI><a href="#[35]">&gt;&gt;</a>&nbsp;&nbsp;&nbsp;_double_epilogue
</UL>

<P><STRONG><a name="[119]"></a>__ARM_common_switch8</STRONG> (Thumb, 26 bytes, Stack size 8 bytes, ethtransceiver.o(i.__ARM_common_switch8))
<BR><BR>[Stack]<UL><LI>Max Depth = 8<LI>Call Chain = __ARM_common_switch8
</UL>
<BR>[Called By]<UL><LI><a href="#[118]">&gt;&gt;</a>&nbsp;&nbsp;&nbsp;ethTransceiverDoTask
<LI><a href="#[1cd]">&gt;&gt;</a>&nbsp;&nbsp;&nbsp;sensoresGruposNotificar
</UL>

<P><STRONG><a name="[2c]"></a>__aeabi_errno_addr</STRONG> (Thumb, 4 bytes, Stack size 0 bytes, errno.o(i.__aeabi_errno_addr))
<BR><BR>[Called By]<UL><LI><a href="#[3c]">&gt;&gt;</a>&nbsp;&nbsp;&nbsp;_strtoul
<LI><a href="#[2d]">&gt;&gt;</a>&nbsp;&nbsp;&nbsp;strtol
<LI><a href="#[2b]">&gt;&gt;</a>&nbsp;&nbsp;&nbsp;atoi
</UL>

<P><STRONG><a name="[221]"></a>__rt_errno_addr</STRONG> (Thumb, 0 bytes, Stack size 0 bytes, errno.o(i.__aeabi_errno_addr), UNUSED)

<P><STRONG><a name="[222]"></a>__scatterload_copy</STRONG> (Thumb, 14 bytes, Stack size unknown bytes, handlers.o(i.__scatterload_copy), UNUSED)

<P><STRONG><a name="[223]"></a>__scatterload_null</STRONG> (Thumb, 2 bytes, Stack size unknown bytes, handlers.o(i.__scatterload_null), UNUSED)

<P><STRONG><a name="[224]"></a>__scatterload_zeroinit</STRONG> (Thumb, 14 bytes, Stack size unknown bytes, handlers.o(i.__scatterload_zeroinit), UNUSED)

<P><STRONG><a name="[62]"></a>_ping_request</STRONG> (Thumb, 96 bytes, Stack size 24 bytes, ethping.o(i._ping_request))
<BR><BR>[Stack]<UL><LI>Max Depth = 168<LI>Call Chain = _ping_request &rArr; sendto &rArr; send_data_processing &rArr; write_data &rArr; wiz_write_buf &rArr; spiIINCHIP_SpiSendData
</UL>
<BR>[Calls]<UL><LI><a href="#[65]">&gt;&gt;</a>&nbsp;&nbsp;&nbsp;sendto
<LI><a href="#[63]">&gt;&gt;</a>&nbsp;&nbsp;&nbsp;htons
<LI><a href="#[64]">&gt;&gt;</a>&nbsp;&nbsp;&nbsp;checksum
</UL>
<BR>[Called By]<UL><LI><a href="#[101]">&gt;&gt;</a>&nbsp;&nbsp;&nbsp;ethICMPPingSend
</UL>

<P><STRONG><a name="[66]"></a>_sensoresDALIcomandoArcoDirectoEnviar</STRONG> (Thumb, 8 bytes, Stack size 8 bytes, sensores.o(i._sensoresDALIcomandoArcoDirectoEnviar))
<BR><BR>[Stack]<UL><LI>Max Depth = 8<LI>Call Chain = _sensoresDALIcomandoArcoDirectoEnviar
</UL>
<BR>[Calls]<UL><LI><a href="#[67]">&gt;&gt;</a>&nbsp;&nbsp;&nbsp;daliSensoresComandoArcoDirectoEnviar
</UL>
<BR>[Called By]<UL><LI><a href="#[1b3]">&gt;&gt;</a>&nbsp;&nbsp;&nbsp;sensoresGruposDoTask
</UL>

<P><STRONG><a name="[68]"></a>_sensoresDALIdownEnviar</STRONG> (Thumb, 8 bytes, Stack size 8 bytes, sensores.o(i._sensoresDALIdownEnviar))
<BR><BR>[Stack]<UL><LI>Max Depth = 8<LI>Call Chain = _sensoresDALIdownEnviar
</UL>
<BR>[Calls]<UL><LI><a href="#[69]">&gt;&gt;</a>&nbsp;&nbsp;&nbsp;daliSensoresDownEnviar
</UL>
<BR>[Called By]<UL><LI><a href="#[1b3]">&gt;&gt;</a>&nbsp;&nbsp;&nbsp;sensoresGruposDoTask
</UL>

<P><STRONG><a name="[6a]"></a>_sensoresDALIgoToSceneEnviar</STRONG> (Thumb, 10 bytes, Stack size 8 bytes, sensores.o(i._sensoresDALIgoToSceneEnviar))
<BR><BR>[Stack]<UL><LI>Max Depth = 8<LI>Call Chain = _sensoresDALIgoToSceneEnviar
</UL>
<BR>[Calls]<UL><LI><a href="#[6b]">&gt;&gt;</a>&nbsp;&nbsp;&nbsp;daliSensoresGoToSceneEnviar
</UL>
<BR>[Called By]<UL><LI><a href="#[1b3]">&gt;&gt;</a>&nbsp;&nbsp;&nbsp;sensoresGruposDoTask
</UL>

<P><STRONG><a name="[6c]"></a>_sensoresDALIoffEnviar</STRONG> (Thumb, 8 bytes, Stack size 8 bytes, sensores.o(i._sensoresDALIoffEnviar))
<BR><BR>[Stack]<UL><LI>Max Depth = 364<LI>Call Chain = _sensoresDALIoffEnviar &rArr; daliSensoresOffEnviar &rArr; actualLevelCmdNotify &rArr; sensoresCambioActualLevelNotificar &rArr; sensoresGruposReguladoresLuzEstadoActualizar &rArr; _sensoresGruposAlgunEquipoApagadoGet &rArr; actualLevel_GrupoValoresGet &rArr; daliLoopActualLevelGet &rArr; configDaliLoopDeviceTypeGet
</UL>
<BR>[Calls]<UL><LI><a href="#[6d]">&gt;&gt;</a>&nbsp;&nbsp;&nbsp;daliSensoresOffEnviar
</UL>
<BR>[Called By]<UL><LI><a href="#[1b3]">&gt;&gt;</a>&nbsp;&nbsp;&nbsp;sensoresGruposDoTask
</UL>

<P><STRONG><a name="[6e]"></a>_sensoresDALIonAndStepUpEnviar</STRONG> (Thumb, 8 bytes, Stack size 8 bytes, sensores.o(i._sensoresDALIonAndStepUpEnviar))
<BR><BR>[Stack]<UL><LI>Max Depth = 8<LI>Call Chain = _sensoresDALIonAndStepUpEnviar
</UL>
<BR>[Calls]<UL><LI><a href="#[6f]">&gt;&gt;</a>&nbsp;&nbsp;&nbsp;daliSensoresOnAndStepUpEnviar
</UL>
<BR>[Called By]<UL><LI><a href="#[1b3]">&gt;&gt;</a>&nbsp;&nbsp;&nbsp;sensoresGruposDoTask
</UL>

<P><STRONG><a name="[70]"></a>_sensoresDALIquerySensorStatusEnviar</STRONG> (Thumb, 8 bytes, Stack size 8 bytes, sensores.o(i._sensoresDALIquerySensorStatusEnviar))
<BR><BR>[Stack]<UL><LI>Max Depth = 8<LI>Call Chain = _sensoresDALIquerySensorStatusEnviar
</UL>
<BR>[Calls]<UL><LI><a href="#[71]">&gt;&gt;</a>&nbsp;&nbsp;&nbsp;daliSensoresQuerySensorStatusEnviar
</UL>
<BR>[Called By]<UL><LI><a href="#[1b3]">&gt;&gt;</a>&nbsp;&nbsp;&nbsp;sensoresGruposDoTask
</UL>

<P><STRONG><a name="[72]"></a>_sensoresDALIrecallMaxLevelEnviar</STRONG> (Thumb, 8 bytes, Stack size 8 bytes, sensores.o(i._sensoresDALIrecallMaxLevelEnviar))
<BR><BR>[Stack]<UL><LI>Max Depth = 364<LI>Call Chain = _sensoresDALIrecallMaxLevelEnviar &rArr; daliSensoresRecallMaxLevelEnviar &rArr; actualLevelCmdNotify &rArr; sensoresCambioActualLevelNotificar &rArr; sensoresGruposReguladoresLuzEstadoActualizar &rArr; _sensoresGruposAlgunEquipoApagadoGet &rArr; actualLevel_GrupoValoresGet &rArr; daliLoopActualLevelGet &rArr; configDaliLoopDeviceTypeGet
</UL>
<BR>[Calls]<UL><LI><a href="#[73]">&gt;&gt;</a>&nbsp;&nbsp;&nbsp;daliSensoresRecallMaxLevelEnviar
</UL>
<BR>[Called By]<UL><LI><a href="#[1b3]">&gt;&gt;</a>&nbsp;&nbsp;&nbsp;sensoresGruposDoTask
</UL>

<P><STRONG><a name="[74]"></a>_sensoresDALIupEnviar</STRONG> (Thumb, 8 bytes, Stack size 8 bytes, sensores.o(i._sensoresDALIupEnviar))
<BR><BR>[Stack]<UL><LI>Max Depth = 8<LI>Call Chain = _sensoresDALIupEnviar
</UL>
<BR>[Calls]<UL><LI><a href="#[75]">&gt;&gt;</a>&nbsp;&nbsp;&nbsp;daliSensoresUpEnviar
</UL>
<BR>[Called By]<UL><LI><a href="#[1b3]">&gt;&gt;</a>&nbsp;&nbsp;&nbsp;sensoresGruposDoTask
</UL>

<P><STRONG><a name="[1bb]"></a>_sensoresGruposAccionDAPCSet</STRONG> (Thumb, 86 bytes, Stack size 20 bytes, sensoresgrupos.o(i._sensoresGruposAccionDAPCSet))
<BR><BR>[Stack]<UL><LI>Max Depth = 20<LI>Call Chain = _sensoresGruposAccionDAPCSet
</UL>
<BR>[Called By]<UL><LI><a href="#[1e3]">&gt;&gt;</a>&nbsp;&nbsp;&nbsp;sensoresGruposReguladoresLuzAccionSolicitar
<LI><a href="#[1b6]">&gt;&gt;</a>&nbsp;&nbsp;&nbsp;sensoresGruposDetectoresPresenciaAccionSolicitar
</UL>

<P><STRONG><a name="[1db]"></a>_sensoresGruposAccionDownSet</STRONG> (Thumb, 14 bytes, Stack size 0 bytes, sensoresgrupos.o(i._sensoresGruposAccionDownSet))
<BR><BR>[Called By]<UL><LI><a href="#[1d9]">&gt;&gt;</a>&nbsp;&nbsp;&nbsp;sensoresGruposPulsadoresAccionRegulacionAccionSolicitar
</UL>

<P><STRONG><a name="[1d8]"></a>_sensoresGruposAccionGoToSceneSet</STRONG> (Thumb, 14 bytes, Stack size 0 bytes, sensoresgrupos.o(i._sensoresGruposAccionGoToSceneSet))
<BR><BR>[Called By]<UL><LI><a href="#[1d7]">&gt;&gt;</a>&nbsp;&nbsp;&nbsp;sensoresGruposPulsadoresAccionFijaAccionSolicitar
</UL>

<P><STRONG><a name="[1b9]"></a>_sensoresGruposAccionOffSet</STRONG> (Thumb, 36 bytes, Stack size 0 bytes, sensoresgrupos.o(i._sensoresGruposAccionOffSet))
<BR><BR>[Called By]<UL><LI><a href="#[1d7]">&gt;&gt;</a>&nbsp;&nbsp;&nbsp;sensoresGruposPulsadoresAccionFijaAccionSolicitar
<LI><a href="#[1d3]">&gt;&gt;</a>&nbsp;&nbsp;&nbsp;sensoresGruposPulsadoresAccionBasculanteAccionSolicitar
<LI><a href="#[1b6]">&gt;&gt;</a>&nbsp;&nbsp;&nbsp;sensoresGruposDetectoresPresenciaAccionSolicitar
<LI><a href="#[1e2]">&gt;&gt;</a>&nbsp;&nbsp;&nbsp;sensoresGruposPulsadoresAccionTemporizadaAccionSolicitar
</UL>

<P><STRONG><a name="[1e0]"></a>_sensoresGruposAccionOnAndStepUpSet</STRONG> (Thumb, 8 bytes, Stack size 0 bytes, sensoresgrupos.o(i._sensoresGruposAccionOnAndStepUpSet))
<BR><BR>[Called By]<UL><LI><a href="#[1d1]">&gt;&gt;</a>&nbsp;&nbsp;&nbsp;sensoresGruposPulsadoresAccionRegulacionNotificar
</UL>

<P><STRONG><a name="[1de]"></a>_sensoresGruposAccionQuerySensorStatusSet</STRONG> (Thumb, 14 bytes, Stack size 0 bytes, sensoresgrupos.o(i._sensoresGruposAccionQuerySensorStatusSet))
<BR><BR>[Called By]<UL><LI><a href="#[1dd]">&gt;&gt;</a>&nbsp;&nbsp;&nbsp;sensoresGruposPulsadoresAccionRegulacionActualizarNivel
<LI><a href="#[1c6]">&gt;&gt;</a>&nbsp;&nbsp;&nbsp;sensoresGruposPulsadoresAccionRegulacionDoTask
</UL>

<P><STRONG><a name="[1ba]"></a>_sensoresGruposAccionRecallMaxLevelSet</STRONG> (Thumb, 36 bytes, Stack size 0 bytes, sensoresgrupos.o(i._sensoresGruposAccionRecallMaxLevelSet))
<BR><BR>[Called By]<UL><LI><a href="#[1d7]">&gt;&gt;</a>&nbsp;&nbsp;&nbsp;sensoresGruposPulsadoresAccionFijaAccionSolicitar
<LI><a href="#[1d3]">&gt;&gt;</a>&nbsp;&nbsp;&nbsp;sensoresGruposPulsadoresAccionBasculanteAccionSolicitar
<LI><a href="#[1b6]">&gt;&gt;</a>&nbsp;&nbsp;&nbsp;sensoresGruposDetectoresPresenciaAccionSolicitar
<LI><a href="#[1e2]">&gt;&gt;</a>&nbsp;&nbsp;&nbsp;sensoresGruposPulsadoresAccionTemporizadaAccionSolicitar
</UL>

<P><STRONG><a name="[1dc]"></a>_sensoresGruposAccionUpSet</STRONG> (Thumb, 14 bytes, Stack size 0 bytes, sensoresgrupos.o(i._sensoresGruposAccionUpSet))
<BR><BR>[Called By]<UL><LI><a href="#[1d9]">&gt;&gt;</a>&nbsp;&nbsp;&nbsp;sensoresGruposPulsadoresAccionRegulacionAccionSolicitar
</UL>

<P><STRONG><a name="[76]"></a>_sensoresGruposAlgunEquipoApagadoGet</STRONG> (Thumb, 28 bytes, Stack size 16 bytes, sensoresgrupos.o(i._sensoresGruposAlgunEquipoApagadoGet))
<BR><BR>[Stack]<UL><LI>Max Depth = 268<LI>Call Chain = _sensoresGruposAlgunEquipoApagadoGet &rArr; actualLevel_GrupoValoresGet &rArr; daliLoopActualLevelGet &rArr; configDaliLoopDeviceTypeGet
</UL>
<BR>[Calls]<UL><LI><a href="#[77]">&gt;&gt;</a>&nbsp;&nbsp;&nbsp;actualLevel_GrupoValoresGet
</UL>
<BR>[Called By]<UL><LI><a href="#[1b2]">&gt;&gt;</a>&nbsp;&nbsp;&nbsp;sensoresGruposReguladoresLuzEstadoActualizar
<LI><a href="#[1bc]">&gt;&gt;</a>&nbsp;&nbsp;&nbsp;sensoresGruposDetectoresPresenciaDoTask
</UL>

<P><STRONG><a name="[1f2]"></a>_sensoresGruposAlgunoOperativoClear</STRONG> (Thumb, 20 bytes, Stack size 0 bytes, sensoresgrupos.o(i._sensoresGruposAlgunoOperativoClear))
<BR><BR>[Called By]<UL><LI><a href="#[13a]">&gt;&gt;</a>&nbsp;&nbsp;&nbsp;sensoresInit
</UL>

<P><STRONG><a name="[1bf]"></a>_sensoresGruposAlgunoOperativoGet</STRONG> (Thumb, 16 bytes, Stack size 0 bytes, sensoresgrupos.o(i._sensoresGruposAlgunoOperativoGet))
<BR><BR>[Called By]<UL><LI><a href="#[1cb]">&gt;&gt;</a>&nbsp;&nbsp;&nbsp;sensoresGruposReguladoresLuzInit
<LI><a href="#[1ca]">&gt;&gt;</a>&nbsp;&nbsp;&nbsp;sensoresGruposPulsadoresAccionTemporizadaInit
<LI><a href="#[1cc]">&gt;&gt;</a>&nbsp;&nbsp;&nbsp;sensoresGruposPulsadoresAccionRegulacionInit
<LI><a href="#[1be]">&gt;&gt;</a>&nbsp;&nbsp;&nbsp;sensoresGruposDetectoresPresenciaInit
</UL>

<P><STRONG><a name="[1f3]"></a>_sensoresGruposAlgunoOperativoSet</STRONG> (Thumb, 18 bytes, Stack size 8 bytes, sensoresgrupos.o(i._sensoresGruposAlgunoOperativoSet))
<BR><BR>[Stack]<UL><LI>Max Depth = 8<LI>Call Chain = _sensoresGruposAlgunoOperativoSet
</UL>
<BR>[Called By]<UL><LI><a href="#[13a]">&gt;&gt;</a>&nbsp;&nbsp;&nbsp;sensoresInit
</UL>

<P><STRONG><a name="[1c1]"></a>_sensoresGruposForMeGet</STRONG> (Thumb, 10 bytes, Stack size 0 bytes, sensoresgrupos.o(i._sensoresGruposForMeGet))
<BR><BR>[Called By]<UL><LI><a href="#[1b2]">&gt;&gt;</a>&nbsp;&nbsp;&nbsp;sensoresGruposReguladoresLuzEstadoActualizar
<LI><a href="#[1d2]">&gt;&gt;</a>&nbsp;&nbsp;&nbsp;sensoresGruposReguladoresLuzNotificar
<LI><a href="#[1d0]">&gt;&gt;</a>&nbsp;&nbsp;&nbsp;sensoresGruposPulsadoresAccionTemporizadaNotificar
<LI><a href="#[1d1]">&gt;&gt;</a>&nbsp;&nbsp;&nbsp;sensoresGruposPulsadoresAccionRegulacionNotificar
<LI><a href="#[1ce]">&gt;&gt;</a>&nbsp;&nbsp;&nbsp;sensoresGruposPulsadoresAccionFijaNotificar
<LI><a href="#[1cf]">&gt;&gt;</a>&nbsp;&nbsp;&nbsp;sensoresGruposPulsadoresAccionBasculanteNotificar
<LI><a href="#[1c0]">&gt;&gt;</a>&nbsp;&nbsp;&nbsp;sensoresGruposDetectoresPresenciaNotificar
</UL>

<P><STRONG><a name="[78]"></a>_webserverPrintIp</STRONG> (Thumb, 572 bytes, Stack size 120 bytes, webserver.o(i._webserverPrintIp))
<BR><BR>[Stack]<UL><LI>Max Depth = 132<LI>Call Chain = _webserverPrintIp &rArr; __aeabi_uidivmod
</UL>
<BR>[Calls]<UL><LI><a href="#[7a]">&gt;&gt;</a>&nbsp;&nbsp;&nbsp;strcat
<LI><a href="#[79]">&gt;&gt;</a>&nbsp;&nbsp;&nbsp;__aeabi_uidivmod
</UL>
<BR>[Called By]<UL><LI><a href="#[11e]">&gt;&gt;</a>&nbsp;&nbsp;&nbsp;webServerDoTask
</UL>

<P><STRONG><a name="[7b]"></a>_webserverUtilsStringFromBufferGet</STRONG> (Thumb, 262 bytes, Stack size 40 bytes, webserver.o(i._webserverUtilsStringFromBufferGet))
<BR><BR>[Stack]<UL><LI>Max Depth = 76<LI>Call Chain = _webserverUtilsStringFromBufferGet &rArr; strindex &rArr; strncmp
</UL>
<BR>[Calls]<UL><LI><a href="#[7c]">&gt;&gt;</a>&nbsp;&nbsp;&nbsp;strindex
</UL>
<BR>[Called By]<UL><LI><a href="#[11e]">&gt;&gt;</a>&nbsp;&nbsp;&nbsp;webServerDoTask
</UL>

<P><STRONG><a name="[7d]"></a>_webserverUtilsStringToIp</STRONG> (Thumb, 216 bytes, Stack size 40 bytes, webserver.o(i._webserverUtilsStringToIp))
<BR><BR>[Stack]<UL><LI>Max Depth = 128<LI>Call Chain = _webserverUtilsStringToIp &rArr; atoi &rArr; strtol &rArr; _strtoul
</UL>
<BR>[Calls]<UL><LI><a href="#[2b]">&gt;&gt;</a>&nbsp;&nbsp;&nbsp;atoi
<LI><a href="#[7e]">&gt;&gt;</a>&nbsp;&nbsp;&nbsp;strlen
</UL>
<BR>[Called By]<UL><LI><a href="#[11e]">&gt;&gt;</a>&nbsp;&nbsp;&nbsp;webServerDoTask
</UL>

<P><STRONG><a name="[84]"></a>actualLevelAddressPerteneceGrupoGet</STRONG> (Thumb, 32 bytes, Stack size 0 bytes, actuallevel.o(i.actualLevelAddressPerteneceGrupoGet))
<BR><BR>[Called By]<UL><LI><a href="#[df]">&gt;&gt;</a>&nbsp;&nbsp;&nbsp;idngIesCom
<LI><a href="#[77]">&gt;&gt;</a>&nbsp;&nbsp;&nbsp;actualLevel_GrupoValoresGet
<LI><a href="#[7f]">&gt;&gt;</a>&nbsp;&nbsp;&nbsp;actualLevelCmdNotify
</UL>

<P><STRONG><a name="[7f]"></a>actualLevelCmdNotify</STRONG> (Thumb, 134 bytes, Stack size 40 bytes, actuallevel.o(i.actualLevelCmdNotify))
<BR><BR>[Stack]<UL><LI>Max Depth = 340<LI>Call Chain = actualLevelCmdNotify &rArr; sensoresCambioActualLevelNotificar &rArr; sensoresGruposReguladoresLuzEstadoActualizar &rArr; _sensoresGruposAlgunEquipoApagadoGet &rArr; actualLevel_GrupoValoresGet &rArr; daliLoopActualLevelGet &rArr; configDaliLoopDeviceTypeGet
</UL>
<BR>[Calls]<UL><LI><a href="#[82]">&gt;&gt;</a>&nbsp;&nbsp;&nbsp;daliLoopActualLevelSet
<LI><a href="#[86]">&gt;&gt;</a>&nbsp;&nbsp;&nbsp;sensoresCambioActualLevelNotificar
<LI><a href="#[81]">&gt;&gt;</a>&nbsp;&nbsp;&nbsp;actualLevelLvlToStoreGet
<LI><a href="#[85]">&gt;&gt;</a>&nbsp;&nbsp;&nbsp;actualLevelGruposAfectadosGet
<LI><a href="#[84]">&gt;&gt;</a>&nbsp;&nbsp;&nbsp;actualLevelAddressPerteneceGrupoGet
<LI><a href="#[83]">&gt;&gt;</a>&nbsp;&nbsp;&nbsp;actualLevelGrupoGet
<LI><a href="#[80]">&gt;&gt;</a>&nbsp;&nbsp;&nbsp;actualLevelDestTipoGet
</UL>
<BR>[Called By]<UL><LI><a href="#[73]">&gt;&gt;</a>&nbsp;&nbsp;&nbsp;daliSensoresRecallMaxLevelEnviar
<LI><a href="#[6d]">&gt;&gt;</a>&nbsp;&nbsp;&nbsp;daliSensoresOffEnviar
</UL>

<P><STRONG><a name="[85]"></a>actualLevelGruposAfectadosGet</STRONG> (Thumb, 80 bytes, Stack size 16 bytes, actuallevel.o(i.actualLevelGruposAfectadosGet))
<BR><BR>[Stack]<UL><LI>Max Depth = 36<LI>Call Chain = actualLevelGruposAfectadosGet &rArr; actualLevelGruposPerteneceGet
</UL>
<BR>[Calls]<UL><LI><a href="#[87]">&gt;&gt;</a>&nbsp;&nbsp;&nbsp;actualLevelGruposPerteneceGet
<LI><a href="#[83]">&gt;&gt;</a>&nbsp;&nbsp;&nbsp;actualLevelGrupoGet
<LI><a href="#[80]">&gt;&gt;</a>&nbsp;&nbsp;&nbsp;actualLevelDestTipoGet
</UL>
<BR>[Called By]<UL><LI><a href="#[7f]">&gt;&gt;</a>&nbsp;&nbsp;&nbsp;actualLevelCmdNotify
</UL>

<P><STRONG><a name="[87]"></a>actualLevelGruposPerteneceGet</STRONG> (Thumb, 64 bytes, Stack size 20 bytes, actuallevel.o(i.actualLevelGruposPerteneceGet))
<BR><BR>[Stack]<UL><LI>Max Depth = 20<LI>Call Chain = actualLevelGruposPerteneceGet
</UL>
<BR>[Called By]<UL><LI><a href="#[85]">&gt;&gt;</a>&nbsp;&nbsp;&nbsp;actualLevelGruposAfectadosGet
</UL>

<P><STRONG><a name="[81]"></a>actualLevelLvlToStoreGet</STRONG> (Thumb, 34 bytes, Stack size 0 bytes, actuallevel.o(i.actualLevelLvlToStoreGet))
<BR><BR>[Called By]<UL><LI><a href="#[7f]">&gt;&gt;</a>&nbsp;&nbsp;&nbsp;actualLevelCmdNotify
</UL>

<P><STRONG><a name="[77]"></a>actualLevel_GrupoValoresGet</STRONG> (Thumb, 98 bytes, Stack size 32 bytes, actuallevel.o(i.actualLevel_GrupoValoresGet))
<BR><BR>[Stack]<UL><LI>Max Depth = 252<LI>Call Chain = actualLevel_GrupoValoresGet &rArr; daliLoopActualLevelGet &rArr; configDaliLoopDeviceTypeGet
</UL>
<BR>[Calls]<UL><LI><a href="#[88]">&gt;&gt;</a>&nbsp;&nbsp;&nbsp;daliLoopActualLevelValidGet
<LI><a href="#[89]">&gt;&gt;</a>&nbsp;&nbsp;&nbsp;daliLoopActualLevelGet
<LI><a href="#[84]">&gt;&gt;</a>&nbsp;&nbsp;&nbsp;actualLevelAddressPerteneceGrupoGet
<LI><a href="#[79]">&gt;&gt;</a>&nbsp;&nbsp;&nbsp;__aeabi_uidivmod
</UL>
<BR>[Called By]<UL><LI><a href="#[18c]">&gt;&gt;</a>&nbsp;&nbsp;&nbsp;sensoresPeticionNiveles
<LI><a href="#[76]">&gt;&gt;</a>&nbsp;&nbsp;&nbsp;_sensoresGruposAlgunEquipoApagadoGet
</UL>

<P><STRONG><a name="[8a]"></a>applySUBR</STRONG> (Thumb, 38 bytes, Stack size 8 bytes, w5100.o(i.applySUBR))
<BR><BR>[Stack]<UL><LI>Max Depth = 40<LI>Call Chain = applySUBR &rArr; IINCHIP_WRITE &rArr; spiIINCHIP_SpiSendData
</UL>
<BR>[Calls]<UL><LI><a href="#[4d]">&gt;&gt;</a>&nbsp;&nbsp;&nbsp;IINCHIP_WRITE
</UL>
<BR>[Called By]<UL><LI><a href="#[65]">&gt;&gt;</a>&nbsp;&nbsp;&nbsp;sendto
<LI><a href="#[11a]">&gt;&gt;</a>&nbsp;&nbsp;&nbsp;ethTransceiverW5100Init
</UL>

<P><STRONG><a name="[149]"></a>arrayPop</STRONG> (Thumb, 26 bytes, Stack size 12 bytes, utils.o(i.arrayPop))
<BR><BR>[Stack]<UL><LI>Max Depth = 12<LI>Call Chain = arrayPop
</UL>
<BR>[Called By]<UL><LI><a href="#[113]">&gt;&gt;</a>&nbsp;&nbsp;&nbsp;normaLinkSensores
<LI><a href="#[147]">&gt;&gt;</a>&nbsp;&nbsp;&nbsp;interfacesConfiguracionGet
<LI><a href="#[184]">&gt;&gt;</a>&nbsp;&nbsp;&nbsp;sensoresConfiguracionGet
</UL>

<P><STRONG><a name="[146]"></a>arrayPush</STRONG> (Thumb, 26 bytes, Stack size 12 bytes, utils.o(i.arrayPush))
<BR><BR>[Stack]<UL><LI>Max Depth = 12<LI>Call Chain = arrayPush
</UL>
<BR>[Called By]<UL><LI><a href="#[111]">&gt;&gt;</a>&nbsp;&nbsp;&nbsp;normaLinkSingleLoopT4
<LI><a href="#[113]">&gt;&gt;</a>&nbsp;&nbsp;&nbsp;normaLinkSensores
<LI><a href="#[18d]">&gt;&gt;</a>&nbsp;&nbsp;&nbsp;normaLinkSensoresDoTask
<LI><a href="#[14f]">&gt;&gt;</a>&nbsp;&nbsp;&nbsp;normaLinkSensoresEnviar
<LI><a href="#[140]">&gt;&gt;</a>&nbsp;&nbsp;&nbsp;interfacesConfiguracionArrayFromStructGet
</UL>

<P><STRONG><a name="[18f]"></a>belongsGroupGet</STRONG> (Thumb, 70 bytes, Stack size 20 bytes, config.o(i.belongsGroupGet))
<BR><BR>[Stack]<UL><LI>Max Depth = 20<LI>Call Chain = belongsGroupGet
</UL>
<BR>[Called By]<UL><LI><a href="#[111]">&gt;&gt;</a>&nbsp;&nbsp;&nbsp;normaLinkSingleLoopT4
</UL>

<P><STRONG><a name="[191]"></a>belongsGroupSet</STRONG> (Thumb, 92 bytes, Stack size 12 bytes, config.o(i.belongsGroupSet))
<BR><BR>[Stack]<UL><LI>Max Depth = 12<LI>Call Chain = belongsGroupSet
</UL>
<BR>[Called By]<UL><LI><a href="#[111]">&gt;&gt;</a>&nbsp;&nbsp;&nbsp;normaLinkSingleLoopT4
</UL>

<P><STRONG><a name="[8b]"></a>blindDoTask</STRONG> (Thumb, 8 bytes, Stack size 4 bytes, blind.o(i.blindDoTask))
<BR><BR>[Stack]<UL><LI>Max Depth = 24<LI>Call Chain = blindDoTask &rArr; blindMovDoTask
</UL>
<BR>[Calls]<UL><LI><a href="#[8c]">&gt;&gt;</a>&nbsp;&nbsp;&nbsp;blindMovDoTask
</UL>
<BR>[Called By]<UL><LI><a href="#[23]">&gt;&gt;</a>&nbsp;&nbsp;&nbsp;main
</UL>

<P><STRONG><a name="[8c]"></a>blindMovDoTask</STRONG> (Thumb, 214 bytes, Stack size 20 bytes, blind.o(i.blindMovDoTask))
<BR><BR>[Stack]<UL><LI>Max Depth = 20<LI>Call Chain = blindMovDoTask
</UL>
<BR>[Called By]<UL><LI><a href="#[8b]">&gt;&gt;</a>&nbsp;&nbsp;&nbsp;blindDoTask
</UL>

<P><STRONG><a name="[8d]"></a>blindOpDown</STRONG> (Thumb, 44 bytes, Stack size 16 bytes, blind.o(i.blindOpDown))
<BR><BR>[Stack]<UL><LI>Max Depth = 184<LI>Call Chain = blindOpDown &rArr; blindOpGotoPos &rArr; blindPosEnc &rArr; __aeabi_dmul &rArr; _double_epilogue &rArr; __aeabi_llsr
</UL>
<BR>[Calls]<UL><LI><a href="#[8e]">&gt;&gt;</a>&nbsp;&nbsp;&nbsp;blindOpGotoPos
</UL>
<BR>[Called By]<UL><LI><a href="#[114]">&gt;&gt;</a>&nbsp;&nbsp;&nbsp;normaLinkIES
</UL>

<P><STRONG><a name="[8e]"></a>blindOpGotoPos</STRONG> (Thumb, 158 bytes, Stack size 24 bytes, blind.o(i.blindOpGotoPos))
<BR><BR>[Stack]<UL><LI>Max Depth = 168<LI>Call Chain = blindOpGotoPos &rArr; blindPosEnc &rArr; __aeabi_dmul &rArr; _double_epilogue &rArr; __aeabi_llsr
</UL>
<BR>[Calls]<UL><LI><a href="#[8f]">&gt;&gt;</a>&nbsp;&nbsp;&nbsp;blindPosEnc
</UL>
<BR>[Called By]<UL><LI><a href="#[114]">&gt;&gt;</a>&nbsp;&nbsp;&nbsp;normaLinkIES
<LI><a href="#[90]">&gt;&gt;</a>&nbsp;&nbsp;&nbsp;blindOpUp
<LI><a href="#[8d]">&gt;&gt;</a>&nbsp;&nbsp;&nbsp;blindOpDown
</UL>

<P><STRONG><a name="[183]"></a>blindOpStepDown</STRONG> (Thumb, 52 bytes, Stack size 16 bytes, blind.o(i.blindOpStepDown))
<BR><BR>[Stack]<UL><LI>Max Depth = 16<LI>Call Chain = blindOpStepDown
</UL>
<BR>[Called By]<UL><LI><a href="#[114]">&gt;&gt;</a>&nbsp;&nbsp;&nbsp;normaLinkIES
</UL>

<P><STRONG><a name="[182]"></a>blindOpStepUp</STRONG> (Thumb, 52 bytes, Stack size 16 bytes, blind.o(i.blindOpStepUp))
<BR><BR>[Stack]<UL><LI>Max Depth = 16<LI>Call Chain = blindOpStepUp
</UL>
<BR>[Called By]<UL><LI><a href="#[114]">&gt;&gt;</a>&nbsp;&nbsp;&nbsp;normaLinkIES
</UL>

<P><STRONG><a name="[181]"></a>blindOpStop</STRONG> (Thumb, 60 bytes, Stack size 20 bytes, blind.o(i.blindOpStop))
<BR><BR>[Stack]<UL><LI>Max Depth = 20<LI>Call Chain = blindOpStop
</UL>
<BR>[Called By]<UL><LI><a href="#[114]">&gt;&gt;</a>&nbsp;&nbsp;&nbsp;normaLinkIES
</UL>

<P><STRONG><a name="[90]"></a>blindOpUp</STRONG> (Thumb, 38 bytes, Stack size 8 bytes, blind.o(i.blindOpUp))
<BR><BR>[Stack]<UL><LI>Max Depth = 176<LI>Call Chain = blindOpUp &rArr; blindOpGotoPos &rArr; blindPosEnc &rArr; __aeabi_dmul &rArr; _double_epilogue &rArr; __aeabi_llsr
</UL>
<BR>[Calls]<UL><LI><a href="#[8e]">&gt;&gt;</a>&nbsp;&nbsp;&nbsp;blindOpGotoPos
</UL>
<BR>[Called By]<UL><LI><a href="#[114]">&gt;&gt;</a>&nbsp;&nbsp;&nbsp;normaLinkIES
</UL>

<P><STRONG><a name="[17f]"></a>blindParametersGet</STRONG> (Thumb, 26 bytes, Stack size 8 bytes, blind.o(i.blindParametersGet))
<BR><BR>[Stack]<UL><LI>Max Depth = 8<LI>Call Chain = blindParametersGet
</UL>
<BR>[Called By]<UL><LI><a href="#[114]">&gt;&gt;</a>&nbsp;&nbsp;&nbsp;normaLinkIES
</UL>

<P><STRONG><a name="[180]"></a>blindParametersSet</STRONG> (Thumb, 32 bytes, Stack size 8 bytes, blind.o(i.blindParametersSet))
<BR><BR>[Stack]<UL><LI>Max Depth = 8<LI>Call Chain = blindParametersSet
</UL>
<BR>[Called By]<UL><LI><a href="#[114]">&gt;&gt;</a>&nbsp;&nbsp;&nbsp;normaLinkIES
</UL>

<P><STRONG><a name="[91]"></a>blindPosDec</STRONG> (Thumb, 66 bytes, Stack size 16 bytes, blind.o(i.blindPosDec))
<BR><BR>[Stack]<UL><LI>Max Depth = 52<LI>Call Chain = blindPosDec &rArr; __aeabi_frsub &rArr; __aeabi_fadd &rArr; _float_epilogue
</UL>
<BR>[Calls]<UL><LI><a href="#[38]">&gt;&gt;</a>&nbsp;&nbsp;&nbsp;__aeabi_ui2f
<LI><a href="#[32]">&gt;&gt;</a>&nbsp;&nbsp;&nbsp;__aeabi_frsub
<LI><a href="#[92]">&gt;&gt;</a>&nbsp;&nbsp;&nbsp;__aeabi_fmul
<LI><a href="#[33]">&gt;&gt;</a>&nbsp;&nbsp;&nbsp;__aeabi_fdiv
<LI><a href="#[93]">&gt;&gt;</a>&nbsp;&nbsp;&nbsp;__aeabi_f2uiz
</UL>
<BR>[Called By]<UL><LI><a href="#[94]">&gt;&gt;</a>&nbsp;&nbsp;&nbsp;blindPositionGet
</UL>

<P><STRONG><a name="[8f]"></a>blindPosEnc</STRONG> (Thumb, 76 bytes, Stack size 16 bytes, blind.o(i.blindPosEnc))
<BR><BR>[Stack]<UL><LI>Max Depth = 144<LI>Call Chain = blindPosEnc &rArr; __aeabi_dmul &rArr; _double_epilogue &rArr; __aeabi_llsr
</UL>
<BR>[Calls]<UL><LI><a href="#[38]">&gt;&gt;</a>&nbsp;&nbsp;&nbsp;__aeabi_ui2f
<LI><a href="#[39]">&gt;&gt;</a>&nbsp;&nbsp;&nbsp;__aeabi_ui2d
<LI><a href="#[32]">&gt;&gt;</a>&nbsp;&nbsp;&nbsp;__aeabi_frsub
<LI><a href="#[93]">&gt;&gt;</a>&nbsp;&nbsp;&nbsp;__aeabi_f2uiz
<LI><a href="#[34]">&gt;&gt;</a>&nbsp;&nbsp;&nbsp;__aeabi_dmul
<LI><a href="#[36]">&gt;&gt;</a>&nbsp;&nbsp;&nbsp;__aeabi_ddiv
<LI><a href="#[3a]">&gt;&gt;</a>&nbsp;&nbsp;&nbsp;__aeabi_d2f
</UL>
<BR>[Called By]<UL><LI><a href="#[8e]">&gt;&gt;</a>&nbsp;&nbsp;&nbsp;blindOpGotoPos
</UL>

<P><STRONG><a name="[94]"></a>blindPositionGet</STRONG> (Thumb, 20 bytes, Stack size 8 bytes, blind.o(i.blindPositionGet))
<BR><BR>[Stack]<UL><LI>Max Depth = 60<LI>Call Chain = blindPositionGet &rArr; blindPosDec &rArr; __aeabi_frsub &rArr; __aeabi_fadd &rArr; _float_epilogue
</UL>
<BR>[Calls]<UL><LI><a href="#[91]">&gt;&gt;</a>&nbsp;&nbsp;&nbsp;blindPosDec
</UL>
<BR>[Called By]<UL><LI><a href="#[114]">&gt;&gt;</a>&nbsp;&nbsp;&nbsp;normaLinkIES
</UL>

<P><STRONG><a name="[203]"></a>blindTick</STRONG> (Thumb, 8 bytes, Stack size 0 bytes, blind.o(i.blindTick))
<BR><BR>[Called By]<UL><LI><a href="#[60]">&gt;&gt;</a>&nbsp;&nbsp;&nbsp;sysTickTick
</UL>

<P><STRONG><a name="[95]"></a>boardDoTask</STRONG> (Thumb, 418 bytes, Stack size 24 bytes, board.o(i.boardDoTask))
<BR><BR>[Stack]<UL><LI>Max Depth = 844<LI>Call Chain = boardDoTask &rArr; interfacesNotificar &rArr; interfacesSolicitar &rArr; sensoresNotificar &rArr; sensoresGruposNotificar &rArr; sensoresGruposDetectoresPresenciaNotificar &rArr; sensoresGruposDetectoresPreseciaModoNivelEstadoActualizar &rArr; sensoresGruposDetectoresPresenciaAccionSolicitar &rArr; sensoresGruposReguladoresLuzEstadoActualizar &rArr; _sensoresGruposAlgunEquipoApagadoGet &rArr; actualLevel_GrupoValoresGet &rArr; daliLoopActualLevelGet &rArr; configDaliLoopDeviceTypeGet
</UL>
<BR>[Calls]<UL><LI><a href="#[97]">&gt;&gt;</a>&nbsp;&nbsp;&nbsp;GPIO_SetBits
<LI><a href="#[99]">&gt;&gt;</a>&nbsp;&nbsp;&nbsp;GPIO_ResetBits
<LI><a href="#[98]">&gt;&gt;</a>&nbsp;&nbsp;&nbsp;interfacesNotificar
<LI><a href="#[96]">&gt;&gt;</a>&nbsp;&nbsp;&nbsp;GPIO_ReadInputDataBit
</UL>
<BR>[Called By]<UL><LI><a href="#[23]">&gt;&gt;</a>&nbsp;&nbsp;&nbsp;main
</UL>

<P><STRONG><a name="[133]"></a>boardGPIODirSet</STRONG> (Thumb, 20 bytes, Stack size 0 bytes, board.o(i.boardGPIODirSet))
<BR><BR>[Called By]<UL><LI><a href="#[132]">&gt;&gt;</a>&nbsp;&nbsp;&nbsp;idgies_esquemaGpioInit
</UL>

<P><STRONG><a name="[f1]"></a>boardGPIOPinValueGet</STRONG> (Thumb, 6 bytes, Stack size 0 bytes, board.o(i.boardGPIOPinValueGet))
<BR><BR>[Called By]<UL><LI><a href="#[f0]">&gt;&gt;</a>&nbsp;&nbsp;&nbsp;entradaDigitalDoTask
</UL>

<P><STRONG><a name="[13e]"></a>boardGPIOPinValueSet</STRONG> (Thumb, 42 bytes, Stack size 12 bytes, board.o(i.boardGPIOPinValueSet))
<BR><BR>[Stack]<UL><LI>Max Depth = 12<LI>Call Chain = boardGPIOPinValueSet
</UL>
<BR>[Called By]<UL><LI><a href="#[138]">&gt;&gt;</a>&nbsp;&nbsp;&nbsp;idngIesDoTask
</UL>

<P><STRONG><a name="[9a]"></a>boardInit</STRONG> (Thumb, 932 bytes, Stack size 176 bytes, board.o(i.boardInit))
<BR><BR>[Stack]<UL><LI>Max Depth = 196<LI>Call Chain = boardInit &rArr; GPIO_Init
</UL>
<BR>[Calls]<UL><LI><a href="#[97]">&gt;&gt;</a>&nbsp;&nbsp;&nbsp;GPIO_SetBits
<LI><a href="#[99]">&gt;&gt;</a>&nbsp;&nbsp;&nbsp;GPIO_ResetBits
<LI><a href="#[a3]">&gt;&gt;</a>&nbsp;&nbsp;&nbsp;SPI_RxFIFOThresholdConfig
<LI><a href="#[a2]">&gt;&gt;</a>&nbsp;&nbsp;&nbsp;SPI_Init
<LI><a href="#[5d]">&gt;&gt;</a>&nbsp;&nbsp;&nbsp;SPI_I2S_DeInit
<LI><a href="#[a4]">&gt;&gt;</a>&nbsp;&nbsp;&nbsp;SPI_Cmd
<LI><a href="#[9e]">&gt;&gt;</a>&nbsp;&nbsp;&nbsp;RCC_SYSCLKConfig
<LI><a href="#[9c]">&gt;&gt;</a>&nbsp;&nbsp;&nbsp;RCC_PLLConfig
<LI><a href="#[9d]">&gt;&gt;</a>&nbsp;&nbsp;&nbsp;RCC_PLLCmd
<LI><a href="#[a5]">&gt;&gt;</a>&nbsp;&nbsp;&nbsp;RCC_I2CCLKConfig
<LI><a href="#[9b]">&gt;&gt;</a>&nbsp;&nbsp;&nbsp;RCC_DeInit
<LI><a href="#[a1]">&gt;&gt;</a>&nbsp;&nbsp;&nbsp;RCC_APB1PeriphClockCmd
<LI><a href="#[9f]">&gt;&gt;</a>&nbsp;&nbsp;&nbsp;RCC_AHBPeriphClockCmd
<LI><a href="#[a7]">&gt;&gt;</a>&nbsp;&nbsp;&nbsp;I2C_Init
<LI><a href="#[a8]">&gt;&gt;</a>&nbsp;&nbsp;&nbsp;I2C_Cmd
<LI><a href="#[a6]">&gt;&gt;</a>&nbsp;&nbsp;&nbsp;GPIO_PinAFConfig
<LI><a href="#[a0]">&gt;&gt;</a>&nbsp;&nbsp;&nbsp;GPIO_Init
<LI><a href="#[79]">&gt;&gt;</a>&nbsp;&nbsp;&nbsp;__aeabi_uidivmod
</UL>
<BR>[Called By]<UL><LI><a href="#[23]">&gt;&gt;</a>&nbsp;&nbsp;&nbsp;main
</UL>

[...]
<LI><a href="#[209]">&gt;&gt;</a>&nbsp;&nbsp;&nbsp;IWDG_SetReload
<LI><a href="#[208]">&gt;&gt;</a>&nbsp;&nbsp;&nbsp;IWDG_SetPrescaler
<LI><a href="#[205]">&gt;&gt;</a>&nbsp;&nbsp;&nbsp;IWDG_ReloadCounter
<LI><a href="#[20a]">&gt;&gt;</a>&nbsp;&nbsp;&nbsp;IWDG_Enable
<LI><a href="#[206]">&gt;&gt;</a>&nbsp;&nbsp;&nbsp;fallosFalloResetSet
<LI><a href="#[19f]">&gt;&gt;</a>&nbsp;&nbsp;&nbsp;RCC_GetFlagStatus
</UL>
<BR>[Called By]<UL><LI><a href="#[23]">&gt;&gt;</a>&nbsp;&nbsp;&nbsp;main
</UL>

<P><STRONG><a name="[ac]"></a>wdtReboot</STRONG> (Thumb, 8 bytes, Stack size 0 bytes, wdt.o(i.wdtReboot))
<BR><BR>[Called By]<UL><LI><a href="#[a9]">&gt;&gt;</a>&nbsp;&nbsp;&nbsp;botoneraDoTask
<LI><a href="#[11e]">&gt;&gt;</a>&nbsp;&nbsp;&nbsp;webServerDoTask
<LI><a href="#[108]">&gt;&gt;</a>&nbsp;&nbsp;&nbsp;normaLinkCmdPasarelaT0
</UL>

<P><STRONG><a name="[11e]"></a>webServerDoTask</STRONG> (Thumb, 2154 bytes, Stack size 2600 bytes, webserver.o(i.webServerDoTask))
<BR><BR>[Stack]<UL><LI>Max Depth = 3968<LI>Call Chain = webServerDoTask &rArr; configSubmaskAddressSet &rArr; configStoreInFlash &rArr; m25pWriteBytes &rArr; spiIINCHIP_SpiSendData
</UL>
<BR>[Calls]<UL><LI><a href="#[fb]">&gt;&gt;</a>&nbsp;&nbsp;&nbsp;getSn_SR
<LI><a href="#[fc]">&gt;&gt;</a>&nbsp;&nbsp;&nbsp;getSn_RX_RSR
<LI><a href="#[103]">&gt;&gt;</a>&nbsp;&nbsp;&nbsp;socket
<LI><a href="#[1ae]">&gt;&gt;</a>&nbsp;&nbsp;&nbsp;send
<LI><a href="#[fe]">&gt;&gt;</a>&nbsp;&nbsp;&nbsp;recv
<LI><a href="#[152]">&gt;&gt;</a>&nbsp;&nbsp;&nbsp;listen
<LI><a href="#[e8]">&gt;&gt;</a>&nbsp;&nbsp;&nbsp;disconnect
<LI><a href="#[af]">&gt;&gt;</a>&nbsp;&nbsp;&nbsp;close
<LI><a href="#[104]">&gt;&gt;</a>&nbsp;&nbsp;&nbsp;sysTickDelay
<LI><a href="#[c6]">&gt;&gt;</a>&nbsp;&nbsp;&nbsp;configSubmaskAddressSet
<LI><a href="#[b1]">&gt;&gt;</a>&nbsp;&nbsp;&nbsp;configStoreInFlash
<LI><a href="#[c5]">&gt;&gt;</a>&nbsp;&nbsp;&nbsp;configNombreLineaSet
<LI><a href="#[164]">&gt;&gt;</a>&nbsp;&nbsp;&nbsp;configNombreLineaGet
<LI><a href="#[c4]">&gt;&gt;</a>&nbsp;&nbsp;&nbsp;configNombreEdificioSet
<LI><a href="#[163]">&gt;&gt;</a>&nbsp;&nbsp;&nbsp;configNombreEdificioGet
<LI><a href="#[c2]">&gt;&gt;</a>&nbsp;&nbsp;&nbsp;configIpAddressSet
<LI><a href="#[ba]">&gt;&gt;</a>&nbsp;&nbsp;&nbsp;configInputNotificationsSet
<LI><a href="#[167]">&gt;&gt;</a>&nbsp;&nbsp;&nbsp;configAdminPassGet
<LI><a href="#[122]">&gt;&gt;</a>&nbsp;&nbsp;&nbsp;configSubmaskAddressGet
<LI><a href="#[121]">&gt;&gt;</a>&nbsp;&nbsp;&nbsp;configIpAddressGet
<LI><a href="#[106]">&gt;&gt;</a>&nbsp;&nbsp;&nbsp;configInputNotificationsGet
<LI><a href="#[fd]">&gt;&gt;</a>&nbsp;&nbsp;&nbsp;ethTransceiverTiempoSinRecibirCntRst
<LI><a href="#[7c]">&gt;&gt;</a>&nbsp;&nbsp;&nbsp;strindex
<LI><a href="#[7d]">&gt;&gt;</a>&nbsp;&nbsp;&nbsp;_webserverUtilsStringToIp
<LI><a href="#[7b]">&gt;&gt;</a>&nbsp;&nbsp;&nbsp;_webserverUtilsStringFromBufferGet
<LI><a href="#[78]">&gt;&gt;</a>&nbsp;&nbsp;&nbsp;_webserverPrintIp
<LI><a href="#[ac]">&gt;&gt;</a>&nbsp;&nbsp;&nbsp;wdtReboot
<LI><a href="#[df]">&gt;&gt;</a>&nbsp;&nbsp;&nbsp;idngIesCom
<LI><a href="#[20b]">&gt;&gt;</a>&nbsp;&nbsp;&nbsp;strcpy
<LI><a href="#[20c]">&gt;&gt;</a>&nbsp;&nbsp;&nbsp;strcmp
<LI><a href="#[7e]">&gt;&gt;</a>&nbsp;&nbsp;&nbsp;strlen
<LI><a href="#[7a]">&gt;&gt;</a>&nbsp;&nbsp;&nbsp;strcat
</UL>
<BR>[Called By]<UL><LI><a href="#[118]">&gt;&gt;</a>&nbsp;&nbsp;&nbsp;ethTransceiverDoTask
</UL>

<P><STRONG><a name="[19b]"></a>wiz_read_buf</STRONG> (Thumb, 58 bytes, Stack size 32 bytes, w5100.o(i.wiz_read_buf))
<BR><BR>[Stack]<UL><LI>Max Depth = 48<LI>Call Chain = wiz_read_buf &rArr; spiIINCHIP_SpiSendData
</UL>
<BR>[Calls]<UL><LI><a href="#[4c]">&gt;&gt;</a>&nbsp;&nbsp;&nbsp;spiIINCHIP_CSon_w5100
<LI><a href="#[49]">&gt;&gt;</a>&nbsp;&nbsp;&nbsp;spiIINCHIP_CSoff_w5100
<LI><a href="#[4a]">&gt;&gt;</a>&nbsp;&nbsp;&nbsp;spiIINCHIP_SpiSendData
<LI><a href="#[4b]">&gt;&gt;</a>&nbsp;&nbsp;&nbsp;spiIINCHIP_SpiRecvData
</UL>
<BR>[Called By]<UL><LI><a href="#[197]">&gt;&gt;</a>&nbsp;&nbsp;&nbsp;read_data
</UL>

<P><STRONG><a name="[20d]"></a>wiz_write_buf</STRONG> (Thumb, 58 bytes, Stack size 32 bytes, w5100.o(i.wiz_write_buf))
<BR><BR>[Stack]<UL><LI>Max Depth = 48<LI>Call Chain = wiz_write_buf &rArr; spiIINCHIP_SpiSendData
</UL>
<BR>[Calls]<UL><LI><a href="#[4c]">&gt;&gt;</a>&nbsp;&nbsp;&nbsp;spiIINCHIP_CSon_w5100
<LI><a href="#[49]">&gt;&gt;</a>&nbsp;&nbsp;&nbsp;spiIINCHIP_CSoff_w5100
<LI><a href="#[4a]">&gt;&gt;</a>&nbsp;&nbsp;&nbsp;spiIINCHIP_SpiSendData
</UL>
<BR>[Called By]<UL><LI><a href="#[1b1]">&gt;&gt;</a>&nbsp;&nbsp;&nbsp;write_data
</UL>

<P><STRONG><a name="[1b1]"></a>write_data</STRONG> (Thumb, 78 bytes, Stack size 24 bytes, w5100.o(i.write_data))
<BR><BR>[Stack]<UL><LI>Max Depth = 72<LI>Call Chain = write_data &rArr; wiz_write_buf &rArr; spiIINCHIP_SpiSendData
</UL>
<BR>[Calls]<UL><LI><a href="#[20d]">&gt;&gt;</a>&nbsp;&nbsp;&nbsp;wiz_write_buf
<LI><a href="#[20e]">&gt;&gt;</a>&nbsp;&nbsp;&nbsp;getIINCHIP_TxMASK
<LI><a href="#[20f]">&gt;&gt;</a>&nbsp;&nbsp;&nbsp;getIINCHIP_TxBASE
<LI><a href="#[1af]">&gt;&gt;</a>&nbsp;&nbsp;&nbsp;getIINCHIP_TxMAX
</UL>
<BR>[Called By]<UL><LI><a href="#[1b0]">&gt;&gt;</a>&nbsp;&nbsp;&nbsp;send_data_processing
</UL>
<P>
<H3>
Local Symbols
</H3>
<P><STRONG><a name="[61]"></a>SetSysClock</STRONG> (Thumb, 86 bytes, Stack size 8 bytes, system_stm32f0xx.o(i.SetSysClock))
<BR><BR>[Stack]<UL><LI>Max Depth = 8<LI>Call Chain = SetSysClock
</UL>
<BR>[Called By]<UL><LI><a href="#[24]">&gt;&gt;</a>&nbsp;&nbsp;&nbsp;SystemInit
</UL>

<P><STRONG><a name="[1b5]"></a>sensoresGruposDetectoresPreseciaModoNivelEstadoActualizar</STRONG> (Thumb, 166 bytes, Stack size 56 bytes, sensoresgruposdetectorespresencia.o(i.sensoresGruposDetectoresPreseciaModoNivelEstadoActualizar))
<BR><BR>[Stack]<UL><LI>Max Depth = 364<LI>Call Chain = sensoresGruposDetectoresPreseciaModoNivelEstadoActualizar &rArr; sensoresGruposDetectoresPresenciaAccionSolicitar &rArr; sensoresGruposReguladoresLuzEstadoActualizar &rArr; _sensoresGruposAlgunEquipoApagadoGet &rArr; actualLevel_GrupoValoresGet &rArr; daliLoopActualLevelGet &rArr; configDaliLoopDeviceTypeGet
</UL>
<BR>[Calls]<UL><LI><a href="#[1b6]">&gt;&gt;</a>&nbsp;&nbsp;&nbsp;sensoresGruposDetectoresPresenciaAccionSolicitar
<LI><a href="#[187]">&gt;&gt;</a>&nbsp;&nbsp;&nbsp;sensoresGruposConfiguracionGet
</UL>
<BR>[Called By]<UL><LI><a href="#[1c0]">&gt;&gt;</a>&nbsp;&nbsp;&nbsp;sensoresGruposDetectoresPresenciaNotificar
</UL>

<P><STRONG><a name="[1b6]"></a>sensoresGruposDetectoresPresenciaAccionSolicitar</STRONG> (Thumb, 94 bytes, Stack size 16 bytes, sensoresgruposdetectorespresencia.o(i.sensoresGruposDetectoresPresenciaAccionSolicitar))
<BR><BR>[Stack]<UL><LI>Max Depth = 308<LI>Call Chain = sensoresGruposDetectoresPresenciaAccionSolicitar &rArr; sensoresGruposReguladoresLuzEstadoActualizar &rArr; _sensoresGruposAlgunEquipoApagadoGet &rArr; actualLevel_GrupoValoresGet &rArr; daliLoopActualLevelGet &rArr; configDaliLoopDeviceTypeGet
</UL>
<BR>[Calls]<UL><LI><a href="#[1b2]">&gt;&gt;</a>&nbsp;&nbsp;&nbsp;sensoresGruposReguladoresLuzEstadoActualizar
<LI><a href="#[1b7]">&gt;&gt;</a>&nbsp;&nbsp;&nbsp;sensoresGruposReguladoresLuzEstadoGet
<LI><a href="#[1b8]">&gt;&gt;</a>&nbsp;&nbsp;&nbsp;sensoresGruposPulsadoresAccionTemporizadaEstadoGet
<LI><a href="#[1ba]">&gt;&gt;</a>&nbsp;&nbsp;&nbsp;_sensoresGruposAccionRecallMaxLevelSet
<LI><a href="#[1b9]">&gt;&gt;</a>&nbsp;&nbsp;&nbsp;_sensoresGruposAccionOffSet
<LI><a href="#[1bb]">&gt;&gt;</a>&nbsp;&nbsp;&nbsp;_sensoresGruposAccionDAPCSet
</UL>
<BR>[Called By]<UL><LI><a href="#[1bd]">&gt;&gt;</a>&nbsp;&nbsp;&nbsp;sensoresGruposDetectoresPresenciaModoFlancoEstadoActualizar
<LI><a href="#[1b5]">&gt;&gt;</a>&nbsp;&nbsp;&nbsp;sensoresGruposDetectoresPreseciaModoNivelEstadoActualizar
<LI><a href="#[1bc]">&gt;&gt;</a>&nbsp;&nbsp;&nbsp;sensoresGruposDetectoresPresenciaDoTask
</UL>

<P><STRONG><a name="[1bd]"></a>sensoresGruposDetectoresPresenciaModoFlancoEstadoActualizar</STRONG> (Thumb, 178 bytes, Stack size 48 bytes, sensoresgruposdetectorespresencia.o(i.sensoresGruposDetectoresPresenciaModoFlancoEstadoActualizar))
<BR><BR>[Stack]<UL><LI>Max Depth = 356<LI>Call Chain = sensoresGruposDetectoresPresenciaModoFlancoEstadoActualizar &rArr; sensoresGruposDetectoresPresenciaAccionSolicitar &rArr; sensoresGruposReguladoresLuzEstadoActualizar &rArr; _sensoresGruposAlgunEquipoApagadoGet &rArr; actualLevel_GrupoValoresGet &rArr; daliLoopActualLevelGet &rArr; configDaliLoopDeviceTypeGet
</UL>
<BR>[Calls]<UL><LI><a href="#[1b6]">&gt;&gt;</a>&nbsp;&nbsp;&nbsp;sensoresGruposDetectoresPresenciaAccionSolicitar
<LI><a href="#[187]">&gt;&gt;</a>&nbsp;&nbsp;&nbsp;sensoresGruposConfiguracionGet
</UL>
<BR>[Called By]<UL><LI><a href="#[1c0]">&gt;&gt;</a>&nbsp;&nbsp;&nbsp;sensoresGruposDetectoresPresenciaNotificar
<LI><a href="#[1bc]">&gt;&gt;</a>&nbsp;&nbsp;&nbsp;sensoresGruposDetectoresPresenciaDoTask
</UL>

<P><STRONG><a name="[1d3]"></a>sensoresGruposPulsadoresAccionBasculanteAccionSolicitar</STRONG> (Thumb, 242 bytes, Stack size 32 bytes, sensoresgrupospulsadoresaccionbasculante.o(i.sensoresGruposPulsadoresAccionBasculanteAccionSolicitar))
<BR><BR>[Stack]<UL><LI>Max Depth = 324<LI>Call Chain = sensoresGruposPulsadoresAccionBasculanteAccionSolicitar &rArr; sensoresGruposReguladoresLuzEstadoActualizar &rArr; _sensoresGruposAlgunEquipoApagadoGet &rArr; actualLevel_GrupoValoresGet &rArr; daliLoopActualLevelGet &rArr; configDaliLoopDeviceTypeGet
</UL>
<BR>[Calls]<UL><LI><a href="#[1b2]">&gt;&gt;</a>&nbsp;&nbsp;&nbsp;sensoresGruposReguladoresLuzEstadoActualizar
<LI><a href="#[1d4]">&gt;&gt;</a>&nbsp;&nbsp;&nbsp;sensoresGruposPulsadoresAccionRegulacionEstadoGet
<LI><a href="#[1b7]">&gt;&gt;</a>&nbsp;&nbsp;&nbsp;sensoresGruposReguladoresLuzEstadoGet
<LI><a href="#[1b8]">&gt;&gt;</a>&nbsp;&nbsp;&nbsp;sensoresGruposPulsadoresAccionTemporizadaEstadoGet
<LI><a href="#[1d6]">&gt;&gt;</a>&nbsp;&nbsp;&nbsp;sensoresGruposDetectoresPresenciaReiteracionPeriodoCntReinicializar
<LI><a href="#[1d5]">&gt;&gt;</a>&nbsp;&nbsp;&nbsp;sensoresGruposDetectoresPresenciaEstadoGet
<LI><a href="#[1ba]">&gt;&gt;</a>&nbsp;&nbsp;&nbsp;_sensoresGruposAccionRecallMaxLevelSet
<LI><a href="#[1b9]">&gt;&gt;</a>&nbsp;&nbsp;&nbsp;_sensoresGruposAccionOffSet
</UL>
<BR>[Called By]<UL><LI><a href="#[1cf]">&gt;&gt;</a>&nbsp;&nbsp;&nbsp;sensoresGruposPulsadoresAccionBasculanteNotificar
</UL>

<P><STRONG><a name="[1d7]"></a>sensoresGruposPulsadoresAccionFijaAccionSolicitar</STRONG> (Thumb, 258 bytes, Stack size 32 bytes, sensoresgrupospulsadoresaccionfija.o(i.sensoresGruposPulsadoresAccionFijaAccionSolicitar))
<BR><BR>[Stack]<UL><LI>Max Depth = 324<LI>Call Chain = sensoresGruposPulsadoresAccionFijaAccionSolicitar &rArr; sensoresGruposReguladoresLuzEstadoActualizar &rArr; _sensoresGruposAlgunEquipoApagadoGet &rArr; actualLevel_GrupoValoresGet &rArr; daliLoopActualLevelGet &rArr; configDaliLoopDeviceTypeGet
</UL>
<BR>[Calls]<UL><LI><a href="#[1b2]">&gt;&gt;</a>&nbsp;&nbsp;&nbsp;sensoresGruposReguladoresLuzEstadoActualizar
<LI><a href="#[1d4]">&gt;&gt;</a>&nbsp;&nbsp;&nbsp;sensoresGruposPulsadoresAccionRegulacionEstadoGet
<LI><a href="#[1b7]">&gt;&gt;</a>&nbsp;&nbsp;&nbsp;sensoresGruposReguladoresLuzEstadoGet
<LI><a href="#[1b8]">&gt;&gt;</a>&nbsp;&nbsp;&nbsp;sensoresGruposPulsadoresAccionTemporizadaEstadoGet
<LI><a href="#[1d6]">&gt;&gt;</a>&nbsp;&nbsp;&nbsp;sensoresGruposDetectoresPresenciaReiteracionPeriodoCntReinicializar
<LI><a href="#[1d5]">&gt;&gt;</a>&nbsp;&nbsp;&nbsp;sensoresGruposDetectoresPresenciaEstadoGet
<LI><a href="#[1ba]">&gt;&gt;</a>&nbsp;&nbsp;&nbsp;_sensoresGruposAccionRecallMaxLevelSet
<LI><a href="#[1b9]">&gt;&gt;</a>&nbsp;&nbsp;&nbsp;_sensoresGruposAccionOffSet
<LI><a href="#[1d8]">&gt;&gt;</a>&nbsp;&nbsp;&nbsp;_sensoresGruposAccionGoToSceneSet
</UL>
<BR>[Called By]<UL><LI><a href="#[1ce]">&gt;&gt;</a>&nbsp;&nbsp;&nbsp;sensoresGruposPulsadoresAccionFijaNotificar
</UL>

<P><STRONG><a name="[1d9]"></a>sensoresGruposPulsadoresAccionRegulacionAccionSolicitar</STRONG> (Thumb, 224 bytes, Stack size 32 bytes, sensoresgrupospulsadoresaccionregulacion.o(i.sensoresGruposPulsadoresAccionRegulacionAccionSolicitar))
<BR><BR>[Stack]<UL><LI>Max Depth = 32<LI>Call Chain = sensoresGruposPulsadoresAccionRegulacionAccionSolicitar
</UL>
<BR>[Calls]<UL><LI><a href="#[1da]">&gt;&gt;</a>&nbsp;&nbsp;&nbsp;sensoresGruposReguladoresLuzInhibir
<LI><a href="#[1b7]">&gt;&gt;</a>&nbsp;&nbsp;&nbsp;sensoresGruposReguladoresLuzEstadoGet
<LI><a href="#[1b8]">&gt;&gt;</a>&nbsp;&nbsp;&nbsp;sensoresGruposPulsadoresAccionTemporizadaEstadoGet
<LI><a href="#[1d6]">&gt;&gt;</a>&nbsp;&nbsp;&nbsp;sensoresGruposDetectoresPresenciaReiteracionPeriodoCntReinicializar
<LI><a href="#[1d5]">&gt;&gt;</a>&nbsp;&nbsp;&nbsp;sensoresGruposDetectoresPresenciaEstadoGet
<LI><a href="#[1dc]">&gt;&gt;</a>&nbsp;&nbsp;&nbsp;_sensoresGruposAccionUpSet
<LI><a href="#[1db]">&gt;&gt;</a>&nbsp;&nbsp;&nbsp;_sensoresGruposAccionDownSet
</UL>
<BR>[Called By]<UL><LI><a href="#[1dd]">&gt;&gt;</a>&nbsp;&nbsp;&nbsp;sensoresGruposPulsadoresAccionRegulacionActualizarNivel
</UL>

<P><STRONG><a name="[1dd]"></a>sensoresGruposPulsadoresAccionRegulacionActualizarNivel</STRONG> (Thumb, 80 bytes, Stack size 24 bytes, sensoresgrupospulsadoresaccionregulacion.o(i.sensoresGruposPulsadoresAccionRegulacionActualizarNivel))
<BR><BR>[Stack]<UL><LI>Max Depth = 56<LI>Call Chain = sensoresGruposPulsadoresAccionRegulacionActualizarNivel &rArr; sensoresGruposPulsadoresAccionRegulacionAccionSolicitar
</UL>
<BR>[Calls]<UL><LI><a href="#[1d9]">&gt;&gt;</a>&nbsp;&nbsp;&nbsp;sensoresGruposPulsadoresAccionRegulacionAccionSolicitar
<LI><a href="#[1de]">&gt;&gt;</a>&nbsp;&nbsp;&nbsp;_sensoresGruposAccionQuerySensorStatusSet
</UL>
<BR>[Called By]<UL><LI><a href="#[1c6]">&gt;&gt;</a>&nbsp;&nbsp;&nbsp;sensoresGruposPulsadoresAccionRegulacionDoTask
</UL>

<P><STRONG><a name="[1e3]"></a>sensoresGruposReguladoresLuzAccionSolicitar</STRONG> (Thumb, 192 bytes, Stack size 32 bytes, sensoresgruposreguladoresluz.o(i.sensoresGruposReguladoresLuzAccionSolicitar))
<BR><BR>[Stack]<UL><LI>Max Depth = 52<LI>Call Chain = sensoresGruposReguladoresLuzAccionSolicitar &rArr; _sensoresGruposAccionDAPCSet
</UL>
<BR>[Calls]<UL><LI><a href="#[1d4]">&gt;&gt;</a>&nbsp;&nbsp;&nbsp;sensoresGruposPulsadoresAccionRegulacionEstadoGet
<LI><a href="#[1b8]">&gt;&gt;</a>&nbsp;&nbsp;&nbsp;sensoresGruposPulsadoresAccionTemporizadaEstadoGet
<LI><a href="#[1d5]">&gt;&gt;</a>&nbsp;&nbsp;&nbsp;sensoresGruposDetectoresPresenciaEstadoGet
<LI><a href="#[1bb]">&gt;&gt;</a>&nbsp;&nbsp;&nbsp;_sensoresGruposAccionDAPCSet
</UL>
<BR>[Called By]<UL><LI><a href="#[1d2]">&gt;&gt;</a>&nbsp;&nbsp;&nbsp;sensoresGruposReguladoresLuzNotificar
<LI><a href="#[1c5]">&gt;&gt;</a>&nbsp;&nbsp;&nbsp;sensoresGruposReguladoresLuzDoTask
</UL>

<P><STRONG><a name="[14d]"></a>interfacesSolicitar</STRONG> (Thumb, 124 bytes, Stack size 72 bytes, interfaces.o(i.interfacesSolicitar))
<BR><BR>[Stack]<UL><LI>Max Depth = 788<LI>Call Chain = interfacesSolicitar &rArr; sensoresNotificar &rArr; sensoresGruposNotificar &rArr; sensoresGruposDetectoresPresenciaNotificar &rArr; sensoresGruposDetectoresPreseciaModoNivelEstadoActualizar &rArr; sensoresGruposDetectoresPresenciaAccionSolicitar &rArr; sensoresGruposReguladoresLuzEstadoActualizar &rArr; _sensoresGruposAlgunEquipoApagadoGet &rArr; actualLevel_GrupoValoresGet &rArr; daliLoopActualLevelGet &rArr; configDaliLoopDeviceTypeGet
</UL>
<BR>[Calls]<UL><LI><a href="#[14e]">&gt;&gt;</a>&nbsp;&nbsp;&nbsp;sensoresNotificar
<LI><a href="#[14f]">&gt;&gt;</a>&nbsp;&nbsp;&nbsp;normaLinkSensoresEnviar
<LI><a href="#[14b]">&gt;&gt;</a>&nbsp;&nbsp;&nbsp;interfacesIDNGIESEventoGet
<LI><a href="#[13f]">&gt;&gt;</a>&nbsp;&nbsp;&nbsp;__aeabi_memcpy
</UL>
<BR>[Called By]<UL><LI><a href="#[98]">&gt;&gt;</a>&nbsp;&nbsp;&nbsp;interfacesNotificar
</UL>

<P><STRONG><a name="[1f4]"></a>numeroSerieIdCoincideGet</STRONG> (Thumb, 80 bytes, Stack size 32 bytes, sensores.o(i.numeroSerieIdCoincideGet))
<BR><BR>[Stack]<UL><LI>Max Depth = 32<LI>Call Chain = numeroSerieIdCoincideGet
</UL>
<BR>[Called By]<UL><LI><a href="#[14e]">&gt;&gt;</a>&nbsp;&nbsp;&nbsp;sensoresNotificar
</UL>

<P><STRONG><a name="[80]"></a>actualLevelDestTipoGet</STRONG> (Thumb, 32 bytes, Stack size 0 bytes, actuallevel.o(i.actualLevelDestTipoGet))
<BR><BR>[Called By]<UL><LI><a href="#[7f]">&gt;&gt;</a>&nbsp;&nbsp;&nbsp;actualLevelCmdNotify
<LI><a href="#[85]">&gt;&gt;</a>&nbsp;&nbsp;&nbsp;actualLevelGruposAfectadosGet
</UL>

<P><STRONG><a name="[83]"></a>actualLevelGrupoGet</STRONG> (Thumb, 130 bytes, Stack size 0 bytes, actuallevel.o(i.actualLevelGrupoGet))
<BR><BR>[Called By]<UL><LI><a href="#[7f]">&gt;&gt;</a>&nbsp;&nbsp;&nbsp;actualLevelCmdNotify
<LI><a href="#[85]">&gt;&gt;</a>&nbsp;&nbsp;&nbsp;actualLevelGruposAfectadosGet
</UL>

<P><STRONG><a name="[1e2]"></a>sensoresGruposPulsadoresAccionTemporizadaAccionSolicitar</STRONG> (Thumb, 120 bytes, Stack size 32 bytes, sensoresgrupospulsadoresacciontemporizada.o(i.sensoresGruposPulsadoresAccionTemporizadaAccionSolicitar))
<BR><BR>[Stack]<UL><LI>Max Depth = 324<LI>Call Chain = sensoresGruposPulsadoresAccionTemporizadaAccionSolicitar &rArr; sensoresGruposReguladoresLuzEstadoActualizar &rArr; _sensoresGruposAlgunEquipoApagadoGet &rArr; actualLevel_GrupoValoresGet &rArr; daliLoopActualLevelGet &rArr; configDaliLoopDeviceTypeGet
</UL>
<BR>[Calls]<UL><LI><a href="#[1b2]">&gt;&gt;</a>&nbsp;&nbsp;&nbsp;sensoresGruposReguladoresLuzEstadoActualizar
<LI><a href="#[1d4]">&gt;&gt;</a>&nbsp;&nbsp;&nbsp;sensoresGruposPulsadoresAccionRegulacionEstadoGet
<LI><a href="#[1b7]">&gt;&gt;</a>&nbsp;&nbsp;&nbsp;sensoresGruposReguladoresLuzEstadoGet
<LI><a href="#[1d5]">&gt;&gt;</a>&nbsp;&nbsp;&nbsp;sensoresGruposDetectoresPresenciaEstadoGet
<LI><a href="#[1ba]">&gt;&gt;</a>&nbsp;&nbsp;&nbsp;_sensoresGruposAccionRecallMaxLevelSet
<LI><a href="#[1b9]">&gt;&gt;</a>&nbsp;&nbsp;&nbsp;_sensoresGruposAccionOffSet
</UL>
<BR>[Called By]<UL><LI><a href="#[1d0]">&gt;&gt;</a>&nbsp;&nbsp;&nbsp;sensoresGruposPulsadoresAccionTemporizadaNotificar
<LI><a href="#[1c4]">&gt;&gt;</a>&nbsp;&nbsp;&nbsp;sensoresGruposPulsadoresAccionTemporizadaDoTask
</UL>

<P><STRONG><a name="[4f]"></a>RTC_Bcd2ToByte</STRONG> (Thumb, 16 bytes, Stack size 0 bytes, stm32f0xx_rtc.o(i.RTC_Bcd2ToByte))
<BR><BR>[Called By]<UL><LI><a href="#[5c]">&gt;&gt;</a>&nbsp;&nbsp;&nbsp;RTC_SetTime
<LI><a href="#[5a]">&gt;&gt;</a>&nbsp;&nbsp;&nbsp;RTC_SetDate
<LI><a href="#[58]">&gt;&gt;</a>&nbsp;&nbsp;&nbsp;RTC_SetAlarm
<LI><a href="#[50]">&gt;&gt;</a>&nbsp;&nbsp;&nbsp;RTC_GetTime
<LI><a href="#[4e]">&gt;&gt;</a>&nbsp;&nbsp;&nbsp;RTC_GetDate
</UL>

<P><STRONG><a name="[59]"></a>RTC_ByteToBcd2</STRONG> (Thumb, 24 bytes, Stack size 0 bytes, stm32f0xx_rtc.o(i.RTC_ByteToBcd2))
<BR><BR>[Called By]<UL><LI><a href="#[5c]">&gt;&gt;</a>&nbsp;&nbsp;&nbsp;RTC_SetTime
<LI><a href="#[5a]">&gt;&gt;</a>&nbsp;&nbsp;&nbsp;RTC_SetDate
<LI><a href="#[58]">&gt;&gt;</a>&nbsp;&nbsp;&nbsp;RTC_SetAlarm
</UL>

<P><STRONG><a name="[196]"></a>pulsadorShortPress</STRONG> (Thumb, 36 bytes, Stack size 8 bytes, inte_edig_pulsador.o(i.pulsadorShortPress))
<BR><BR>[Stack]<UL><LI>Max Depth = 836<LI>Call Chain = pulsadorShortPress &rArr; interfazEventoGenerar &rArr; interfacesNotificar &rArr; interfacesSolicitar &rArr; sensoresNotificar &rArr; sensoresGruposNotificar &rArr; sensoresGruposDetectoresPresenciaNotificar &rArr; sensoresGruposDetectoresPreseciaModoNivelEstadoActualizar &rArr; sensoresGruposDetectoresPresenciaAccionSolicitar &rArr; sensoresGruposReguladoresLuzEstadoActualizar &rArr; _sensoresGruposAlgunEquipoApagadoGet &rArr; actualLevel_GrupoValoresGet &rArr; daliLoopActualLevelGet &rArr; configDaliLoopDeviceTypeGet
</UL>
<BR>[Calls]<UL><LI><a href="#[e7]">&gt;&gt;</a>&nbsp;&nbsp;&nbsp;interfazEventoGenerar
</UL>
<BR>[Called By]<UL><LI><a href="#[f4]">&gt;&gt;</a>&nbsp;&nbsp;&nbsp;pulsadorFlancoDescendenteHandler
<LI><a href="#[f2]">&gt;&gt;</a>&nbsp;&nbsp;&nbsp;pulsadorFlancoAscendenteHandler
</UL>
<P>
<H3>
Undefined Global Symbols
</H3><HR></body></html>
