Component: ARM Compiler 5.06 update 5 (build 528) Tool: armlink [4d35e2]

==============================================================================

Section Cross References

    stm32f0xx_it.o(i.HardFault_Handler) refers to rtcc.o(i.rtccMinutesGet) for rtccMinutesGet
    stm32f0xx_it.o(i.HardFault_Handler) refers to rtcc.o(i.rtccHourGet) for rtccHourGet
    stm32f0xx_it.o(i.HardFault_Handler) refers to rtcc.o(i.rtccYearGet) for rtccYearGet
    stm32f0xx_it.o(i.HardFault_Handler) refers to rtcc.o(i.rtccMonthGet) for rtccMonthGet
    stm32f0xx_it.o(i.HardFault_Handler) refers to rtcc.o(i.rtccDayGet) for rtccDayGet
    stm32f0xx_it.o(i.HardFault_Handler) refers to historico.o(i.historicoAdd) for historicoAdd
    stm32f0xx_it.o(i.RTC_IRQHandler) refers to stm32f0xx_rtc.o(i.RTC_GetITStatus) for RTC_GetITStatus
    stm32f0xx_it.o(i.RTC_IRQHandler) refers to rtcc.o(i.rtccSecondsTick) for rtccSecondsTick
    stm32f0xx_it.o(i.RTC_IRQHandler) refers to stm32f0xx_rtc.o(i.RTC_ClearITPendingBit) for RTC_ClearITPendingBit
    stm32f0xx_it.o(i.RTC_IRQHandler) refers to stm32f0xx_exti.o(i.EXTI_ClearITPendingBit) for EXTI_ClearITPendingBit
    stm32f0xx_it.o(i.SysTick_Handler) refers to systick.o(i.sysTickTick) for sysTickTick
    m25p.o(i.m25pBulkErase) refers to spi2.o(i.spiIINCHIP_CSoff_m25p) for spiIINCHIP_CSoff_m25p
    m25p.o(i.m25pBulkErase) refers to spi2.o(i.spiIINCHIP_SpiSendData) for spiIINCHIP_SpiSendData
    m25p.o(i.m25pBulkErase) refers to spi2.o(i.spiIINCHIP_CSon_m25p) for spiIINCHIP_CSon_m25p
    m25p.o(i.m25pReadBytes) refers to spi2.o(i.spiIINCHIP_CSoff_m25p) for spiIINCHIP_CSoff_m25p
    m25p.o(i.m25pReadBytes) refers to spi2.o(i.spiIINCHIP_SpiSendData) for spiIINCHIP_SpiSendData
    m25p.o(i.m25pReadBytes) refers to spi2.o(i.spiIINCHIP_SpiRecvData) for spiIINCHIP_SpiRecvData
    m25p.o(i.m25pReadBytes) refers to spi2.o(i.spiIINCHIP_CSon_m25p) for spiIINCHIP_CSon_m25p
    m25p.o(i.m25pSectorErase) refers to spi2.o(i.spiIINCHIP_CSoff_m25p) for spiIINCHIP_CSoff_m25p
    m25p.o(i.m25pSectorErase) refers to spi2.o(i.spiIINCHIP_SpiSendData) for spiIINCHIP_SpiSendData
    m25p.o(i.m25pSectorErase) refers to spi2.o(i.spiIINCHIP_CSon_m25p) for spiIINCHIP_CSon_m25p
    m25p.o(i.m25pStatusRead) refers to spi2.o(i.spiIINCHIP_CSoff_m25p) for spiIINCHIP_CSoff_m25p
    m25p.o(i.m25pStatusRead) refers to spi2.o(i.spiIINCHIP_SpiSendData) for spiIINCHIP_SpiSendData
    m25p.o(i.m25pStatusRead) refers to spi2.o(i.spiIINCHIP_SpiRecvData) for spiIINCHIP_SpiRecvData
    m25p.o(i.m25pStatusRead) refers to spi2.o(i.spiIINCHIP_CSon_m25p) for spiIINCHIP_CSon_m25p
    m25p.o(i.m25pWriteBytes) refers to spi2.o(i.spiIINCHIP_CSoff_m25p) for spiIINCHIP_CSoff_m25p
    m25p.o(i.m25pWriteBytes) refers to spi2.o(i.spiIINCHIP_SpiSendData) for spiIINCHIP_SpiSendData
    m25p.o(i.m25pWriteBytes) refers to spi2.o(i.spiIINCHIP_CSon_m25p) for spiIINCHIP_CSon_m25p
    m25p.o(i.m25pWriteDisable) refers to spi2.o(i.spiIINCHIP_CSoff_m25p) for spiIINCHIP_CSoff_m25p
    m25p.o(i.m25pWriteDisable) refers to spi2.o(i.spiIINCHIP_SpiSendData) for spiIINCHIP_SpiSendData
    m25p.o(i.m25pWriteDisable) refers to spi2.o(i.spiIINCHIP_CSon_m25p) for spiIINCHIP_CSon_m25p
    m25p.o(i.m25pWriteEnable) refers to spi2.o(i.spiIINCHIP_CSoff_m25p) for spiIINCHIP_CSoff_m25p
    m25p.o(i.m25pWriteEnable) refers to spi2.o(i.spiIINCHIP_SpiSendData) for spiIINCHIP_SpiSendData
    m25p.o(i.m25pWriteEnable) refers to spi2.o(i.spiIINCHIP_CSon_m25p) for spiIINCHIP_CSon_m25p
    main.o(i.main) refers to stm32f0xx_rcc.o(i.RCC_APB2PeriphResetCmd) for RCC_APB2PeriphResetCmd
    main.o(i.main) refers to stm32f0xx_syscfg.o(i.SYSCFG_MemoryRemapConfig) for SYSCFG_MemoryRemapConfig
    main.o(i.main) refers to wdt.o(i.wdtInit) for wdtInit
    main.o(i.main) refers to board.o(i.boardInit) for boardInit
    main.o(i.main) refers to systick.o(i.sysTickDelay) for sysTickDelay
    main.o(i.main) refers to config.o(i.configInit) for configInit
    main.o(i.main) refers to rtcc.o(i.rtccInit) for rtccInit
    main.o(i.main) refers to embeddedbootloader.o(i.embeddedBootloaderInit) for embeddedBootloaderInit
    main.o(i.main) refers to ethtransceiver.o(i.macInit) for macInit
    main.o(i.main) refers to ethtransceiver.o(i.ethTransceiverInit) for ethTransceiverInit
    main.o(i.main) refers to temp.o(i.tempInit) for tempInit
    main.o(i.main) refers to sensores.o(i.sensoresInit) for sensoresInit
    main.o(i.main) refers to idngies.o(i.idgies_esquemaGpioInit) for idgies_esquemaGpioInit
    main.o(i.main) refers to interfaz.o(i.interfazInit) for interfazInit
    main.o(i.main) refers to idngies.o(i.idngPowerOn) for idngPowerOn
    main.o(i.main) refers to wdt.o(i.wdtDoTask) for wdtDoTask
    main.o(i.main) refers to ethframming.o(i.ethDoTask) for ethDoTask
    main.o(i.main) refers to ethtransceiver.o(i.ethTransceiverDoTask) for ethTransceiverDoTask
    main.o(i.main) refers to board.o(i.boardDoTask) for boardDoTask
[...]
    _storagePtr                              0x20000198   Data           4  storage.o(.data)
    _sensoresGruposDetectoresPresenciaRtcOverflow 0x2000019c   Data           1  sensoresgruposdetectorespresencia.o(.data)
    _sensoresGruposPulsadoresAccionRegulacionSysTickOverflow 0x2000019d   Data           1  sensoresgrupospulsadoresaccionregulacion.o(.data)
    _sensoresGruposReguladoresLuzRtcOverflow 0x2000019e   Data           1  sensoresgruposreguladoresluz.o(.data)
    _interfazNotificarPendiente              0x2000019f   Data           1  interfaces.o(.data)
    _interfazAddress                         0x200001a0   Data           1  interfaces.o(.data)
    _registroEstado                          0x200001a1   Data           1  interfaces.o(.data)
    _lectura                                 0x200001a2   Data           1  interfaces.o(.data)
    _interfacesInstaladosCnt                 0x200001a3   Data           1  interfaces.o(.data)
    _debugTransceptorLiberado                0x200001a4   Data           1  normalinksensores.o(.data)
    notifPending                             0x200001a5   Data           1  normalinksensores.o(.data)
    _enviandoSteps                           0x200001a6   Data           1  dalisensores.o(.data)
    _embeddedBootloaderWriteStart            0x200001a8   Data           1  embeddedbootloader.o(.data)
    _embeddedBootloaderWrite                 0x200001a9   Data           1  embeddedbootloader.o(.data)
    _embeddedBootloaderReadStart             0x200001aa   Data           1  embeddedbootloader.o(.data)
    _embeddedBootloaderRead                  0x200001ab   Data           1  embeddedbootloader.o(.data)
    _embeddedBootloaderCurrentPageCnt        0x200001ac   Data           4  embeddedbootloader.o(.data)
    _algunaEntradaEnUso                      0x200001b0   Data           1  idngies.o(.data)
    storeSceneTimeout                        0x200001b1   Data           1  idngies.o(.data)
    _idngIesCfgPendingCnt                    0x200001b2   Data           1  idngies.o(.data)
    _idngiesCfg_uso                          0x200001b4   Data           2  idngies.o(.data)
    _idngiesCfg_pulShort                     0x200001b6   Data           2  idngies.o(.data)
    _idngiesCfg_pulShortLong                 0x200001b8   Data           2  idngies.o(.data)
    _idngiesCfg_int                          0x200001ba   Data           2  idngies.o(.data)
    _idngiesCfg_es                           0x200001bc   Data           2  idngies.o(.data)
    _idngiesCfg_ilu                          0x200001be   Data           2  idngies.o(.data)
    _idngiesCfg_per                          0x200001c0   Data           2  idngies.o(.data)
    _serial                                  0x200001c2   Data           4  idngies.o(.data)
    _sensoresGruposPulsadoresAccionTemporizadaRtcOverflow 0x200001c6   Data           1  sensoresgrupospulsadoresacciontemporizada.o(.data)
    _dAQueryMissingSAddrSent                 0x200001c7   Data           1  daliaddressing.o(.data)
    _newInitType                             0x200001c8   Data           1  daliaddressing.o(.data)
    daliAddressingSystemExtensionStage       0x200001c9   Data           1  daliaddressing.o(.data)
    _comA                                    0x200001ca   Data           2  daliaddressing.o(.data)
    _ipA                                     0x200001cc   Data           4  daliaddressing.o(.data)
    _blindMovTimerOverflow                   0x200001d0   Data           1  blind.o(.data)
    _blindStep                               0x200001d1   Data           5  blind.o(.data)
    _blindMovStatus                          0x200001d6   Data           5  blind.o(.data)
    _blindMovStartUpRequestFlag              0x200001db   Data           5  blind.o(.data)
    _blindMovStartDownRequestFlag            0x200001e0   Data           5  blind.o(.data)
    _blindMovStopRequestFlag                 0x200001e5   Data           5  blind.o(.data)
    _blindOpFlags                            0x200001ea   Data           5  blind.o(.data)
    _blindOpPendingType                      0x200001ef   Data           5  blind.o(.data)
    _blindOpCal                              0x200001f4   Data           5  blind.o(.data)
    _blindUsed                               0x200001f9   Data           5  blind.o(.data)
    _blindOpGotoPos                          0x200001fe   Data          10  blind.o(.data)
    _blindPeriod                             0x20000208   Data          10  blind.o(.data)
    _blindPosition                           0x20000212   Data          10  blind.o(.data)
    _detPresTxPendingFlag                    0x2000021c   Data           1  inte_edig_detectorpresencia.o(.data)
    _detPresTimKeepAliveEnabled              0x2000021d   Data           1  inte_edig_detectorpresencia.o(.data)
    _detPressTimKeepAliveOverflow            0x2000021e   Data           1  inte_edig_detectorpresencia.o(.data)
    _detPresTimInitEnabled                   0x2000021f   Data           1  inte_edig_detectorpresencia.o(.data)
    _detPresTimInitOverflow                  0x20000220   Data           1  inte_edig_detectorpresencia.o(.data)
    _detPresTimKeepAliveCnt                  0x20000222   Data           2  inte_edig_detectorpresencia.o(.data)
    _detPresTimInitCnt                       0x20000224   Data           2  inte_edig_detectorpresencia.o(.data)
    _pulsadorTimInitEnabled                  0x20000226   Data           1  inte_edig_pulsador.o(.data)
    _pulsadorTimInitOverflow                 0x20000227   Data           1  inte_edig_pulsador.o(.data)
    _pulsadorTimInitCnt                      0x20000228   Data           2  inte_edig_pulsador.o(.data)
    daliLoopEmergencyModeValid               0x20000290   Data          64  daliloop.o(.bss)
    daliLoopEmergencyMode                    0x200002d0   Data          64  daliloop.o(.bss)
    daliLoopFailureStatus                    0x20000310   Data          64  daliloop.o(.bss)
    daliLoopFailureStatusValid               0x20000350   Data          64  daliloop.o(.bss)
    daliLoopStatusValid                      0x20000390   Data          64  daliloop.o(.bss)
    daliLoopStatus                           0x200003d0   Data          64  daliloop.o(.bss)
    daliLoopActualLevelValid                 0x20000410   Data          64  daliloop.o(.bss)
    daliLoopActualLevel                      0x20000450   Data          64  daliloop.o(.bss)
    daliLoopErrorCom                         0x20000490   Data          64  daliloop.o(.bss)
    daliLoopErrorComCnt                      0x200004d0   Data          64  daliloop.o(.bss)
    recibireth                               0x20000510   Data         320  ethframming.o(.bss)
    _configNombreEdificio                    0x20000650   Data          16  config.o(.bss)
    _configNombreLinea                       0x20000660   Data          16  config.o(.bss)
    _configAdminPass                         0x20000670   Data          16  config.o(.bss)
    _configMantenedorPass                    0x20000680   Data          16  config.o(.bss)
    _configDaliLoopInstalled                 0x20000690   Data          64  config.o(.bss)
    _configDaliLoopDeviceTypeValid           0x200006d0   Data          64  config.o(.bss)
    _configDaliLoopDeviceType                0x20000710   Data          64  config.o(.bss)
    _configTempActivo                        0x20000750   Data          16  config.o(.bss)
    _configTempStartWeekday                  0x20000760   Data          16  config.o(.bss)
    _configTempStartHour                     0x20000770   Data          16  config.o(.bss)
    _configTempStartMinutes                  0x20000780   Data          16  config.o(.bss)
    _configTempStartActionDest               0x20000790   Data          16  config.o(.bss)
    _configTempStartActionComand             0x200007a0   Data          16  config.o(.bss)
    _configTempStopWeekday                   0x200007b0   Data          16  config.o(.bss)
    _configTempStopHour                      0x200007c0   Data          16  config.o(.bss)
    _configTempStopMinutes                   0x200007d0   Data          16  config.o(.bss)
    _configTempStopActionDest                0x200007e0   Data          16  config.o(.bss)
    _configTempStopActionComand              0x200007f0   Data          16  config.o(.bss)
    _configDaliLoopGroupLow                  0x20000800   Data          64  config.o(.bss)
    _configDaliLoopGroupHigh                 0x20000840   Data          64  config.o(.bss)
    gpio_dir                                 0x20000880   Data          11  board.o(.bss)
    gpio_value                               0x2000088b   Data          11  board.o(.bss)
    gpio_short                               0x20000896   Data          11  board.o(.bss)
    gpio_gpio_out                            0x200008a4   Data          44  board.o(.bss)
    gpio_gpio_out_pin                        0x200008d0   Data          44  board.o(.bss)
    gpio_gpio_in                             0x200008fc   Data          44  board.o(.bss)
    gpio_gpio_in_pin                         0x20000928   Data          44  board.o(.bss)
    gpio_pressed                             0x20000954   Data          22  board.o(.bss)
    tempStartPendiente                       0x2000096c   Data          16  temp.o(.bss)
    tempStopPendiente                        0x2000097c   Data          16  temp.o(.bss)
    tempStartPendienteCnt                    0x2000098c   Data          16  temp.o(.bss)
    tempStopPendienteCnt                     0x2000099c   Data          16  temp.o(.bss)
    tempStartPendientePacketId               0x200009ac   Data          64  temp.o(.bss)
    tempStopPendientePacketId                0x200009ec   Data          64  temp.o(.bss)
    PingRequest                              0x20000a2c   Data          40  ethping.o(.bss)
    _sensoresGruposAccionRecallMaxLevelPending 0x20000a54   Data          16  sensoresgrupos.o(.bss)
    _sensoresGruposAccionOffPending          0x20000a64   Data          16  sensoresgrupos.o(.bss)
    _sensoresGruposAccionUpPending           0x20000a74   Data          16  sensoresgrupos.o(.bss)
    _sensoresGruposAccionOnAndStepUpPending  0x20000a84   Data          16  sensoresgrupos.o(.bss)
    _sensoresGruposAccionDownPending         0x20000a94   Data          16  sensoresgrupos.o(.bss)
    _sensoresGruposAccionDAPCPending         0x20000aa4   Data          32  sensoresgrupos.o(.bss)
    _sensoresGruposAccionGoToScenePending    0x20000ac4   Data          32  sensoresgrupos.o(.bss)
    _sensoresGruposAccionQuerySensorStatusPending 0x20000ae4   Data          32  sensoresgrupos.o(.bss)
    _sensoresGruposAlgunoOperativo           0x20000b04   Data          32  sensoresgrupos.o(.bss)
    _sensoresGruposDetectoresPresenciaEstado 0x20000b24   Data          16  sensoresgruposdetectorespresencia.o(.bss)
    _sensoresGruposDetectoresPresenciaRetardoCnt 0x20000b34   Data          32  sensoresgruposdetectorespresencia.o(.bss)
    _sensoresGruposDetectoresPresenciaPrevacancyPeriodoCnt 0x20000b54   Data          32  sensoresgruposdetectorespresencia.o(.bss)
    _sensoresGruposDetectoresPresenciaPrevacancyLevel 0x20000b74   Data          16  sensoresgruposdetectorespresencia.o(.bss)
    _sensoresGruposDetectoresPresenciaReiteracionPeriodoCnt 0x20000b84   Data          16  sensoresgruposdetectorespresencia.o(.bss)
    _sensoresGruposDetectoresPresenciaVacancyInhibido 0x20000b94   Data          16  sensoresgruposdetectorespresencia.o(.bss)
    _sensoresGruposDetectoresPresenciaPresencyInhibido 0x20000ba4   Data          16  sensoresgruposdetectorespresencia.o(.bss)
    _sensoresGruposDetectoresPresenciaModoNivelEstadoIndividual 0x20000bb4   Data          64  sensoresgruposdetectorespresencia.o(.bss)
    _sensoresGruposDetectoresPresenciaMatrizGruposAsociadosModoNivel 0x20000bf4   Data         128  sensoresgruposdetectorespresencia.o(.bss)
    _sensoresGruposPulsadoresAccionRegulacionEstado 0x20000c74   Data          16  sensoresgrupospulsadoresaccionregulacion.o(.bss)
    _sensoresGruposPulsadoresAccionRegulacionPeriodoActualizacionNivelCnt 0x20000c84   Data          16  sensoresgrupospulsadoresaccionregulacion.o(.bss)
    _sensoresGruposPulsadoresAccionRegulacionTimeoutCnt 0x20000c94   Data          16  sensoresgrupospulsadoresaccionregulacion.o(.bss)
    _sGPARTipoOrigenNotif                    0x20000ca4   Data          16  sensoresgrupospulsadoresaccionregulacion.o(.bss)
    _sGPARInterfazAddressOrigenNotif         0x20000cb4   Data          16  sensoresgrupospulsadoresaccionregulacion.o(.bss)
    _sensoresGruposReguladoresLuzEstado      0x20000cc4   Data          16  sensoresgruposreguladoresluz.o(.bss)
    _sensoresGruposReguladoresLuzLectura     0x20000cd4   Data          16  sensoresgruposreguladoresluz.o(.bss)
    _sensoresGruposReguladoresLuzInhibido    0x20000ce4   Data          16  sensoresgruposreguladoresluz.o(.bss)
    _sensoresGruposReguladoresLuzPeriodoActualizacionCnt 0x20000cf4   Data          16  sensoresgruposreguladoresluz.o(.bss)
    _sensoresGruposReguladoresLuzInhibicionInicial 0x20000d04   Data          16  sensoresgruposreguladoresluz.o(.bss)
    _sentidoAscendente                       0x20000d14   Data          64  interfaces.o(.bss)
    _posicionEncendido                       0x20000d54   Data          64  interfaces.o(.bss)
    interfazCalculoPendiente                 0x20000d94   Data          16  interfaces.o(.bss)
    interfazCalculoPendienteCnt              0x20000da4   Data          16  interfaces.o(.bss)
    interfazCalculoEquipos                   0x20000db4   Data          32  interfaces.o(.bss)
    interfazCalculoApagados                  0x20000dd4   Data          32  interfaces.o(.bss)
    interfazCalculoNivelAcu                  0x20000df4   Data          32  interfaces.o(.bss)
    byte                                     0x20000e14   Data         320  sensores.o(.bss)
    byteNotif                                0x20000f54   Data          64  sensores.o(.bss)
    byteNotifPending                         0x20000f94   Data          64  sensores.o(.bss)
    _interfazConfiguracionBackup             0x20000fd4   Data          80  idngies.o(.bss)
    arcLevel                                 0x20001024   Data          11  idngies.o(.bss)
    powerOnLevel                             0x2000102f   Data          11  idngies.o(.bss)
    sceneLevel                               0x2000103a   Data         176  idngies.o(.bss)
    _dtr                                     0x200010ea   Data          11  idngies.o(.bss)
    _sensoresGruposPulsadoresAccionTemporizadaEstado 0x200010f6   Data          16  sensoresgrupospulsadoresacciontemporizada.o(.bss)
    _sensoresGruposPulsadoresAccionTemporizadaRetardoCnt 0x20001106   Data          32  sensoresgrupospulsadoresacciontemporizada.o(.bss)
    _sensoresGruposPulsadoresAccionTemporizadaReiteracionPeriodoCnt 0x20001126   Data          16  sensoresgrupospulsadoresacciontemporizada.o(.bss)
    _sensoresGruposPulsadoresAccionTemporizadaInhibido 0x20001136   Data          16  sensoresgrupospulsadoresacciontemporizada.o(.bss)
    _blindMovTimeout                         0x20001146   Data          10  blind.o(.bss)
    _blindMovRequestTimeout                  0x20001150   Data          10  blind.o(.bss)
    _blindPin                                0x2000115a   Data          11  blind.o(.bss)
    _interfazDeshabilitado                   0x20001165   Data          10  interfaz.o(.bss)
    _interfazEntradaDigitalUsed              0x2000116f   Data          10  interfaz.o(.bss)
    _entradaDigitalPulsadorUsed              0x2000117c   Data          10  inte_entradadigital.o(.bss)
    _entradaDigitalDetPresUsed               0x20001186   Data          10  inte_entradadigital.o(.bss)
    _entradaDigitalNivel                     0x20001190   Data          10  inte_entradadigital.o(.bss)
    _entradaDigitalInicioFlanco              0x2000119a   Data          10  inte_entradadigital.o(.bss)
    _entradaDigitalNivelAltoLargo            0x200011a4   Data          10  inte_entradadigital.o(.bss)
    _entradaDigitalNivelAltoCnt              0x200011b0   Data          40  inte_entradadigital.o(.bss)
    _detPresFlancoUsed                       0x200011d8   Data          10  inte_edig_detectorpresencia.o(.bss)
    _detPresNivelUsed                        0x200011e2   Data          10  inte_edig_detectorpresencia.o(.bss)
    _detPresPresencyFlag                     0x200011ec   Data          10  inte_edig_detectorpresencia.o(.bss)
    _detPresVacancyFlag                      0x200011f6   Data          10  inte_edig_detectorpresencia.o(.bss)
    _pulsadorFlancoAscendenteUsed            0x20001200   Data          10  inte_edig_pulsador.o(.bss)
    _pulsadorNivelAltoLargoUsed              0x2000120a   Data          10  inte_edig_pulsador.o(.bss)
    _pulsadorShortPressFlag                  0x20001214   Data          10  inte_edig_pulsador.o(.bss)
    _pulsadorLongPressFlag                   0x2000121e   Data          10  inte_edig_pulsador.o(.bss)
    _pulsadorLongReleaseFlag                 0x20001228   Data          10  inte_edig_pulsador.o(.bss)
    __initial_sp                             0x20001a38   Data           0  startup_stm32f0xx.o(STACK)



==============================================================================

Memory Map of the image

  Image Entry point : 0x080010c1

  Load Region LR_IROM2 (Base: 0x08001000, Size: 0x0000aee8, Max: 0x0000f000, ABSOLUTE, COMPRESSED[0x0000adb8])

    Execution Region ER_IROM2 (Exec base: 0x08001000, Load base: 0x08001000, Size: 0x0000ad78, Max: 0x0000f000, ABSOLUTE)

    Exec Addr    Load Addr    Size         Type   Attr      Idx    E Section Name        Object

    0x08001000   0x08001000   0x000000c0   Data   RO         6182    RESET               startup_stm32f0xx.o
    0x080010c0   0x080010c0   0x00000000   Code   RO         6402  * .ARM.Collect$$$$00000000  mc_p.l(entry.o)
    0x080010c0   0x080010c0   0x00000004   Code   RO         6443    .ARM.Collect$$$$00000001  mc_p.l(entry2.o)
    0x080010c4   0x080010c4   0x00000004   Code   RO         6446    .ARM.Collect$$$$00000004  mc_p.l(entry5.o)
    0x080010c8   0x080010c8   0x00000000   Code   RO         6448    .ARM.Collect$$$$00000008  mc_p.l(entry7b.o)
    0x080010c8   0x080010c8   0x00000000   Code   RO         6450    .ARM.Collect$$$$0000000A  mc_p.l(entry8b.o)
    0x080010c8   0x080010c8   0x00000008   Code   RO         6451    .ARM.Collect$$$$0000000B  mc_p.l(entry9a.o)
    0x080010d0   0x080010d0   0x00000000   Code   RO         6453    .ARM.Collect$$$$0000000D  mc_p.l(entry10a.o)
    0x080010d0   0x080010d0   0x00000000   Code   RO         6455    .ARM.Collect$$$$0000000F  mc_p.l(entry11a.o)
    0x080010d0   0x080010d0   0x00000004   Code   RO         6444    .ARM.Collect$$$$00002712  mc_p.l(entry2.o)
    0x080010d4   0x080010d4   0x0000001c   Code   RO         6183    .text               startup_stm32f0xx.o
    0x080010f0   0x080010f0   0x0000002c   Code   RO         6405    .text               mc_p.l(uidiv.o)
    0x0800111c   0x0800111c   0x00000024   Code   RO         6407    .text               mc_p.l(memcpya.o)
    0x08001140   0x08001140   0x00000024   Code   RO         6409    .text               mc_p.l(memseta.o)
    0x08001164   0x08001164   0x00000018   Code   RO         6411    .text               mc_p.l(strcat.o)
    0x0800117c   0x0800117c   0x0000000e   Code   RO         6413    .text               mc_p.l(strlen.o)
    0x0800118a   0x0800118a   0x0000001c   Code   RO         6415    .text               mc_p.l(strcmp.o)
    0x080011a6   0x080011a6   0x00000012   Code   RO         6417    .text               mc_p.l(strcpy.o)
    0x080011b8   0x080011b8   0x0000001e   Code   RO         6419    .text               mc_p.l(strncmp.o)
    0x080011d6   0x080011d6   0x0000001a   Code   RO         6423    .text               mc_p.l(atoi.o)
    0x080011f0   0x080011f0   0x000000b2   Code   RO         6425    .text               mf_p.l(fadd.o)
    0x080012a2   0x080012a2   0x0000007a   Code   RO         6427    .text               mf_p.l(fmul.o)
    0x0800131c   0x0800131c   0x0000007c   Code   RO         6429    .text               mf_p.l(fdiv.o)
    0x08001398   0x08001398   0x000000d0   Code   RO         6431    .text               mf_p.l(dmul.o)
    0x08001468   0x08001468   0x000000f0   Code   RO         6433    .text               mf_p.l(ddiv.o)
    0x08001558   0x08001558   0x0000000e   Code   RO         6435    .text               mf_p.l(ffltui.o)
    0x08001566   0x08001566   0x00000002   PAD
    0x08001568   0x08001568   0x0000001c   Code   RO         6437    .text               mf_p.l(dfltui.o)
    0x08001584   0x08001584   0x00000028   Code   RO         6439    .text               mf_p.l(ffixui.o)
    0x080015ac   0x080015ac   0x00000038   Code   RO         6441    .text               mf_p.l(d2f.o)
    0x080015e4   0x080015e4   0x00000070   Code   RO         6464    .text               mc_p.l(strtol.o)
    0x08001654   0x08001654   0x00000000   Code   RO         6466    .text               mc_p.l(iusefp.o)
    0x08001654   0x08001654   0x00000082   Code   RO         6467    .text               mf_p.l(fepilogue.o)
    0x080016d6   0x080016d6   0x000000be   Code   RO         6469    .text               mf_p.l(depilogue.o)
    0x08001794   0x08001794   0x00000024   Code   RO         6473    .text               mc_p.l(init.o)
    0x080017b8   0x080017b8   0x00000020   Code   RO         6475    .text               mc_p.l(llshl.o)
    0x080017d8   0x080017d8   0x00000022   Code   RO         6477    .text               mc_p.l(llushr.o)
    0x080017fa   0x080017fa   0x00000002   PAD
    0x080017fc   0x080017fc   0x00000008   Code   RO         6479    .text               mc_p.l(ctype_o.o)
    0x08001804   0x08001804   0x000000a6   Code   RO         6507    .text               mc_p.l(_strtoul.o)
    0x080018aa   0x080018aa   0x0000001e   Code   RO         6509    .text               mc_p.l(_chval.o)
    0x080018c8   0x080018c8   0x00000056   Code   RO         6519    .text               mc_p.l(__dczerorl2.o)
    0x0800191e   0x0800191e   0x00000002   PAD
    0x08001920   0x08001920   0x0000000c   Code   RO         5230    i.EXTI_ClearITPendingBit  stm32f0xx_exti.o
    0x0800192c   0x0800192c   0x0000006c   Code   RO         5235    i.EXTI_Init         stm32f0xx_exti.o
    0x08001998   0x08001998   0x00000070   Code   RO         5081    i.GPIO_Init         stm32f0xx_gpio.o
    0x08001a08   0x08001a08   0x00000020   Code   RO         5082    i.GPIO_PinAFConfig  stm32f0xx_gpio.o
    0x08001a28   0x08001a28   0x0000000e   Code   RO         5085    i.GPIO_ReadInputDataBit  stm32f0xx_gpio.o
    0x08001a36   0x08001a36   0x00000004   Code   RO         5088    i.GPIO_ResetBits    stm32f0xx_gpio.o
    0x08001a3a   0x08001a3a   0x00000004   Code   RO         5089    i.GPIO_SetBits      stm32f0xx_gpio.o
    0x08001a3e   0x08001a3e   0x00000034   Code   RO            2    i.HardFault_Handler  stm32f0xx_it.o
    0x08001a72   0x08001a72   0x00000014   Code   RO         5497    i.I2C_Cmd           stm32f0xx_i2c.o
    0x08001a86   0x08001a86   0x00000014   Code   RO         5504    i.I2C_GenerateSTOP  stm32f0xx_i2c.o
    0x08001a9a   0x08001a9a   0x0000000e   Code   RO         5506    i.I2C_GetFlagStatus  stm32f0xx_i2c.o
    0x08001aa8   0x08001aa8   0x00000064   Code   RO         5512    i.I2C_Init          stm32f0xx_i2c.o
    0x08001b0c   0x08001b0c   0x00000006   Code   RO         5518    i.I2C_ReceiveData   stm32f0xx_i2c.o
    0x08001b12   0x08001b12   0x00000004   Code   RO         5521    i.I2C_SendData      stm32f0xx_i2c.o
    0x08001b16   0x08001b16   0x00000002   PAD
    0x08001b18   0x08001b18   0x00000020   Code   RO         5530    i.I2C_TransferHandling  stm32f0xx_i2c.o
    0x08001b38   0x08001b38   0x0000002a   Code   RO          420    i.IINCHIP_READ      w5100.o
    0x08001b62   0x08001b62   0x0000002c   Code   RO          421    i.IINCHIP_WRITE     w5100.o
    0x08001b8e   0x08001b8e   0x00000002   PAD
    0x08001b90   0x08001b90   0x00000010   Code   RO         6129    i.IWDG_Enable       stm32f0xx_iwdg.o
    0x08001ba0   0x08001ba0   0x00000010   Code   RO         6131    i.IWDG_ReloadCounter  stm32f0xx_iwdg.o
    0x08001bb0   0x08001bb0   0x0000000c   Code   RO         6132    i.IWDG_SetPrescaler  stm32f0xx_iwdg.o
    0x08001bbc   0x08001bbc   0x0000000c   Code   RO         6133    i.IWDG_SetReload    stm32f0xx_iwdg.o
    0x08001bc8   0x08001bc8   0x0000000c   Code   RO         6135    i.IWDG_WriteAccessCmd  stm32f0xx_iwdg.o
    0x08001bd4   0x08001bd4   0x00000002   Code   RO            3    i.NMI_Handler       stm32f0xx_it.o
    0x08001bd6   0x08001bd6   0x00000002   PAD
    0x08001bd8   0x08001bd8   0x00000050   Code   RO         5046    i.NVIC_Init         stm32f0xx_misc.o
    0x08001c28   0x08001c28   0x00000018   Code   RO         6059    i.PWR_BackupAccessCmd  stm32f0xx_pwr.o
    0x08001c40   0x08001c40   0x00000002   Code   RO            4    i.PendSV_Handler    stm32f0xx_it.o
    0x08001c42   0x08001c42   0x00000002   PAD
    0x08001c44   0x08001c44   0x00000018   Code   RO         4738    i.RCC_AHBPeriphClockCmd  stm32f0xx_rcc.o
    0x08001c5c   0x08001c5c   0x00000018   Code   RO         4740    i.RCC_APB1PeriphClockCmd  stm32f0xx_rcc.o
    0x08001c74   0x08001c74   0x00000018   Code   RO         4741    i.RCC_APB1PeriphResetCmd  stm32f0xx_rcc.o
    0x08001c8c   0x08001c8c   0x00000018   Code   RO         4743    i.RCC_APB2PeriphResetCmd  stm32f0xx_rcc.o
    0x08001ca4   0x08001ca4   0x0000005c   Code   RO         4751    i.RCC_DeInit        stm32f0xx_rcc.o
    0x08001d00   0x08001d00   0x00000034   Code   RO         4753    i.RCC_GetFlagStatus  stm32f0xx_rcc.o
    0x08001d34   0x08001d34   0x00000018   Code   RO         4761    i.RCC_I2CCLKConfig  stm32f0xx_rcc.o
    0x08001d4c   0x08001d4c   0x00000020   Code   RO         4763    i.RCC_LSEConfig     stm32f0xx_rcc.o
    0x08001d6c   0x08001d6c   0x0000001c   Code   RO         4768    i.RCC_PLLCmd        stm32f0xx_rcc.o
    0x08001d88   0x08001d88   0x0000001c   Code   RO         4769    i.RCC_PLLConfig     stm32f0xx_rcc.o
    0x08001da4   0x08001da4   0x0000001c   Code   RO         4771    i.RCC_RTCCLKCmd     stm32f0xx_rcc.o
    0x08001dc0   0x08001dc0   0x00000010   Code   RO         4772    i.RCC_RTCCLKConfig  stm32f0xx_rcc.o
    0x08001dd0   0x08001dd0   0x00000014   Code   RO         4773    i.RCC_SYSCLKConfig  stm32f0xx_rcc.o
    0x08001de4   0x08001de4   0x00000050   Code   RO         5754    i.RTC_AlarmCmd      stm32f0xx_rtc.o
    0x08001e34   0x08001e34   0x00000014   Code   RO         5755    i.RTC_AlarmStructInit  stm32f0xx_rtc.o
    0x08001e48   0x08001e48   0x00000010   Code   RO         5757    i.RTC_Bcd2ToByte    stm32f0xx_rtc.o
    0x08001e58   0x08001e58   0x00000018   Code   RO         5759    i.RTC_ByteToBcd2    stm32f0xx_rtc.o
    0x08001e70   0x08001e70   0x00000028   Code   RO         5760    i.RTC_CalibOutputCmd  stm32f0xx_rtc.o
    0x08001e98   0x08001e98   0x0000001c   Code   RO         5763    i.RTC_ClearITPendingBit  stm32f0xx_rtc.o
    0x08001eb4   0x08001eb4   0x0000003c   Code   RO         5767    i.RTC_EnterInitMode  stm32f0xx_rtc.o
    0x08001ef0   0x08001ef0   0x00000010   Code   RO         5768    i.RTC_ExitInitMode  stm32f0xx_rtc.o
    0x08001f00   0x08001f00   0x00000048   Code   RO         5771    i.RTC_GetDate       stm32f0xx_rtc.o
    0x08001f48   0x08001f48   0x0000003c   Code   RO         5773    i.RTC_GetITStatus   stm32f0xx_rtc.o
    0x08001f84   0x08001f84   0x00000050   Code   RO         5776    i.RTC_GetTime       stm32f0xx_rtc.o
    0x08001fd4   0x08001fd4   0x00000024   Code   RO            5    i.RTC_IRQHandler    stm32f0xx_it.o
    0x08001ff8   0x08001ff8   0x0000003c   Code   RO         5779    i.RTC_ITConfig      stm32f0xx_rtc.o
    0x08002034   0x08002034   0x00000048   Code   RO         5780    i.RTC_Init          stm32f0xx_rtc.o
    0x0800207c   0x0800207c   0x00000014   Code   RO         5783    i.RTC_ReadBackupRegister  stm32f0xx_rtc.o
    0x08002090   0x08002090   0x00000088   Code   RO         5785    i.RTC_SetAlarm      stm32f0xx_rtc.o
    0x08002118   0x08002118   0x00000094   Code   RO         5786    i.RTC_SetDate       stm32f0xx_rtc.o
    0x080021ac   0x080021ac   0x00000098   Code   RO         5787    i.RTC_SetTime       stm32f0xx_rtc.o
    0x08002244   0x08002244   0x00000050   Code   RO         5800    i.RTC_WaitForSynchro  stm32f0xx_rtc.o
    0x08002294   0x08002294   0x00000014   Code   RO         5801    i.RTC_WriteBackupRegister  stm32f0xx_rtc.o
    0x080022a8   0x080022a8   0x00000012   Code   RO         5296    i.SPI_Cmd           stm32f0xx_spi.o
    0x080022ba   0x080022ba   0x0000000a   Code   RO         5300    i.SPI_GetReceptionFIFOStatus  stm32f0xx_spi.o
    0x080022c4   0x080022c4   0x00000040   Code   RO         5304    i.SPI_I2S_DeInit    stm32f0xx_spi.o
    0x08002304   0x08002304   0x0000000e   Code   RO         5305    i.SPI_I2S_GetFlagStatus  stm32f0xx_spi.o
    0x08002312   0x08002312   0x00000002   PAD
    0x08002314   0x08002314   0x00000054   Code   RO         5310    i.SPI_Init          stm32f0xx_spi.o
    0x08002368   0x08002368   0x00000004   Code   RO         5314    i.SPI_ReceiveData8  stm32f0xx_spi.o
    0x0800236c   0x0800236c   0x00000014   Code   RO         5315    i.SPI_RxFIFOThresholdConfig  stm32f0xx_spi.o
    0x08002380   0x08002380   0x00000004   Code   RO         5317    i.SPI_SendData8     stm32f0xx_spi.o
    0x08002384   0x08002384   0x00000002   Code   RO            6    i.SVC_Handler       stm32f0xx_it.o
    0x08002386   0x08002386   0x00000002   PAD
    0x08002388   0x08002388   0x00000014   Code   RO         5178    i.SYSCFG_MemoryRemapConfig  stm32f0xx_syscfg.o
    0x0800239c   0x0800239c   0x00000060   Code   RO          311    i.SetSysClock       system_stm32f0xx.o
    0x080023fc   0x080023fc   0x00000008   Code   RO            7    i.SysTick_Handler   stm32f0xx_it.o
    0x08002404   0x08002404   0x00000060   Code   RO          313    i.SystemInit        system_stm32f0xx.o
    0x08002464   0x08002464   0x0000002e   Code   RO         6471    i.__ARM_clz         mf_p.l(depilogue.o)
    0x08002492   0x08002492   0x0000001a   Code   RO         1041    i.__ARM_common_switch8  ethtransceiver.o
    0x080024ac   0x080024ac   0x00000008   Code   RO         6457    i.__aeabi_errno_addr  mc_p.l(errno.o)
    0x080024b4   0x080024b4   0x0000000e   Code   RO         6513    i.__scatterload_copy  mc_p.l(handlers.o)
    0x080024c2   0x080024c2   0x00000002   Code   RO         6514    i.__scatterload_null  mc_p.l(handlers.o)
    0x080024c4   0x080024c4   0x0000000e   Code   RO         6515    i.__scatterload_zeroinit  mc_p.l(handlers.o)
    0x080024d2   0x080024d2   0x00000002   PAD
    0x080024d4   0x080024d4   0x0000006c   Code   RO         1954    i._ping_request     ethping.o
    0x08002540   0x08002540   0x00000008   Code   RO         2973    i._sensoresDALIcomandoArcoDirectoEnviar  sensores.o
    0x08002548   0x08002548   0x00000008   Code   RO         2975    i._sensoresDALIdownEnviar  sensores.o
    0x08002550   0x08002550   0x0000000a   Code   RO         2976    i._sensoresDALIgoToSceneEnviar  sensores.o
    0x0800255a   0x0800255a   0x00000008   Code   RO         2978    i._sensoresDALIoffEnviar  sensores.o
    0x08002562   0x08002562   0x00000008   Code   RO         2979    i._sensoresDALIonAndStepUpEnviar  sensores.o
    0x0800256a   0x0800256a   0x00000008   Code   RO         2980    i._sensoresDALIquerySensorStatusEnviar  sensores.o
    0x08002572   0x08002572   0x00000008   Code   RO         2982    i._sensoresDALIrecallMaxLevelEnviar  sensores.o
    0x0800257a   0x0800257a   0x00000008   Code   RO         2984    i._sensoresDALIupEnviar  sensores.o
    0x08002582   0x08002582   0x00000002   PAD
    0x08002584   0x08002584   0x0000005c   Code   RO         2254    i._sensoresGruposAccionDAPCSet  sensoresgrupos.o
    0x080025e0   0x080025e0   0x00000014   Code   RO         2255    i._sensoresGruposAccionDownSet  sensoresgrupos.o
    0x080025f4   0x080025f4   0x00000014   Code   RO         2256    i._sensoresGruposAccionGoToSceneSet  sensoresgrupos.o
    0x08002608   0x08002608   0x00000028   Code   RO         2257    i._sensoresGruposAccionOffSet  sensoresgrupos.o
    0x08002630   0x08002630   0x0000000c   Code   RO         2258    i._sensoresGruposAccionOnAndStepUpSet  sensoresgrupos.o
    0x0800263c   0x0800263c   0x00000014   Code   RO         2259    i._sensoresGruposAccionQuerySensorStatusSet  sensoresgrupos.o
    0x08002650   0x08002650   0x00000028   Code   RO         2260    i._sensoresGruposAccionRecallMaxLevelSet  sensoresgrupos.o
    0x08002678   0x08002678   0x00000014   Code   RO         2261    i._sensoresGruposAccionUpSet  sensoresgrupos.o
    0x0800268c   0x0800268c   0x0000001c   Code   RO         2262    i._sensoresGruposAlgunEquipoApagadoGet  sensoresgrupos.o
    0x080026a8   0x080026a8   0x00000018   Code   RO         2263    i._sensoresGruposAlgunoOperativoClear  sensoresgrupos.o
    0x080026c0   0x080026c0   0x00000014   Code   RO         2264    i._sensoresGruposAlgunoOperativoGet  sensoresgrupos.o
    0x080026d4   0x080026d4   0x00000018   Code   RO         2265    i._sensoresGruposAlgunoOperativoSet  sensoresgrupos.o
    0x080026ec   0x080026ec   0x0000000a   Code   RO         2267    i._sensoresGruposForMeGet  sensoresgrupos.o
    0x080026f6   0x080026f6   0x00000002   PAD
    0x080026f8   0x080026f8   0x00000244   Code   RO         2054    i._webserverPrintIp  webserver.o
    0x0800293c   0x0800293c   0x0000016c   Code   RO         2055    i._webserverUtilsStringFromBufferGet  webserver.o
    0x08002aa8   0x08002aa8   0x000000d8   Code   RO         2056    i._webserverUtilsStringToIp  webserver.o
    0x08002b80   0x08002b80   0x00000028   Code   RO         3926    i.actualLevelAddressPerteneceGrupoGet  actuallevel.o
    0x08002ba8   0x08002ba8   0x0000008c   Code   RO         3927    i.actualLevelCmdNotify  actuallevel.o
    0x08002c34   0x08002c34   0x00000020   Code   RO         3928    i.actualLevelDestTipoGet  actuallevel.o
    0x08002c54   0x08002c54   0x00000082   Code   RO         3929    i.actualLevelGrupoGet  actuallevel.o
    0x08002cd6   0x08002cd6   0x00000050   Code   RO         3930    i.actualLevelGruposAfectadosGet  actuallevel.o
    0x08002d26   0x08002d26   0x00000002   PAD
    0x08002d28   0x08002d28   0x00000048   Code   RO         3931    i.actualLevelGruposPerteneceGet  actuallevel.o
    0x08002d70   0x08002d70   0x00000022   Code   RO         3932    i.actualLevelLvlToStoreGet  actuallevel.o
    0x08002d92   0x08002d92   0x00000062   Code   RO         3933    i.actualLevel_GrupoValoresGet  actuallevel.o
    0x08002df4   0x08002df4   0x0000002c   Code   RO          422    i.applySUBR         w5100.o
    0x08002e20   0x08002e20   0x0000001a   Code   RO         3272    i.arrayPop          utils.o
    0x08002e3a   0x08002e3a   0x0000001a   Code   RO         3273    i.arrayPush         utils.o
    0x08002e54   0x08002e54   0x0000004c   Code   RO         1051    i.belongsGroupGet   config.o
    0x08002ea0   0x08002ea0   0x00000060   Code   RO         1052    i.belongsGroupSet   config.o
    0x08002f00   0x08002f00   0x00000008   Code   RO         4613    i.blindDoTask       blind.o
    0x08002f08   0x08002f08   0x000000e4   Code   RO         4614    i.blindMovDoTask    blind.o
    0x08002fec   0x08002fec   0x00000030   Code   RO         4619    i.blindOpDown       blind.o
    0x0800301c   0x0800301c   0x000000a8   Code   RO         4620    i.blindOpGotoPos    blind.o
    0x080030c4   0x080030c4   0x00000038   Code   RO         4621    i.blindOpStepDown   blind.o
    0x080030fc   0x080030fc   0x00000038   Code   RO         4622    i.blindOpStepUp     blind.o
    0x08003134   0x08003134   0x00000040   Code   RO         4623    i.blindOpStop       blind.o
    0x08003174   0x08003174   0x0000002c   Code   RO         4625    i.blindOpUp         blind.o
    0x080031a0   0x080031a0   0x00000020   Code   RO         4626    i.blindParametersGet  blind.o
    0x080031c0   0x080031c0   0x00000028   Code   RO         4627    i.blindParametersSet  blind.o
    0x080031e8   0x080031e8   0x00000048   Code   RO         4628    i.blindPosDec       blind.o
    0x08003230   0x08003230   0x00000050   Code   RO         4629    i.blindPosEnc       blind.o
    0x08003280   0x08003280   0x00000018   Code   RO         4630    i.blindPositionGet  blind.o
    0x08003298   0x08003298   0x0000000c   Code   RO         4631    i.blindTick         blind.o
    0x080032a4   0x080032a4   0x000001b4   Code   RO         1380    i.boardDoTask       board.o
    0x08003458   0x08003458   0x00000018   Code   RO         1381    i.boardGPIODirSet   board.o
    0x08003470   0x08003470   0x0000000c   Code   RO         1382    i.boardGPIOPinValueGet  board.o
    0x0800347c   0x0800347c   0x00000034   Code   RO         1383    i.boardGPIOPinValueSet  board.o
    0x080034b0   0x080034b0   0x000003d8   Code   RO         1384    i.boardInit         board.o
    0x08003888   0x08003888   0x00000028   Code   RO         1385    i.boardTick         board.o
    0x080038b0   0x080038b0   0x0000003c   Code   RO         1719    i.botoneraDoTask    botonera.o
    0x080038ec   0x080038ec   0x00000002   Code   RO         1721    i.botoneraFailLedBlink  botonera.o
    0x080038ee   0x080038ee   0x00000002   Code   RO         1724    i.botoneraTick      botonera.o
    0x080038f0   0x080038f0   0x0000000c   Code   RO         3274    i.bytePop           utils.o
    0x080038fc   0x080038fc   0x0000000a   Code   RO         3275    i.bytePush          utils.o
    0x08003906   0x08003906   0x00000038   Code   RO         1955    i.checksum          ethping.o
    0x0800393e   0x0800393e   0x00000002   PAD
    0x08003940   0x08003940   0x00000048   Code   RO          423    i.clearSUBR         w5100.o
    0x08003988   0x08003988   0x0000002c   Code   RO          343    i.close             socket.o
    0x080039b4   0x080039b4   0x00000018   Code   RO         1053    i.configAdminPassGet  config.o
    0x080039cc   0x080039cc   0x00000020   Code   RO         1054    i.configAdminPassSet  config.o
    0x080039ec   0x080039ec   0x00000020   Code   RO         1055    i.configDaliLoopDeviceTypeGet  config.o
    0x08003a0c   0x08003a0c   0x00000028   Code   RO         1057    i.configDaliLoopDeviceTypeSet  config.o
    0x08003a34   0x08003a34   0x00000018   Code   RO         1063    i.configDaliLoopInstalledGet  config.o
    0x08003a4c   0x08003a4c   0x00000020   Code   RO         1065    i.configDaliLoopInstalledSet  config.o
    0x08003a6c   0x08003a6c   0x00000018   Code   RO         1066    i.configGatewayAddressGet  config.o
    0x08003a84   0x08003a84   0x00000020   Code   RO         1067    i.configGatewayAddressSet  config.o
    0x08003aa4   0x08003aa4   0x000001c0   Code   RO         1068    i.configInit        config.o
    0x08003c64   0x08003c64   0x0000000c   Code   RO         1069    i.configInputNotificationsGet  config.o
    0x08003c70   0x08003c70   0x00000018   Code   RO         1070    i.configInputNotificationsSet  config.o
    0x08003c88   0x08003c88   0x00000030   Code   RO         1071    i.configInterfacesConfiguracionGet  config.o
    0x08003cb8   0x08003cb8   0x00000038   Code   RO         1072    i.configInterfacesConfiguracionSet  config.o
    0x08003cf0   0x08003cf0   0x00000018   Code   RO         1073    i.configInterfacesFinalizarConfiguracion  config.o
    0x08003d08   0x08003d08   0x00000030   Code   RO         1074    i.configInterfacesIniciarConfiguracion  config.o
    0x08003d38   0x08003d38   0x00000018   Code   RO         1075    i.configIpAddressGet  config.o
    0x08003d50   0x08003d50   0x00000020   Code   RO         1076    i.configIpAddressSet  config.o
    0x08003d70   0x08003d70   0x00000018   Code   RO         1077    i.configMantenedorPassGet  config.o
    0x08003d88   0x08003d88   0x00000020   Code   RO         1078    i.configMantenedorPassSet  config.o
    0x08003da8   0x08003da8   0x00000018   Code   RO         1079    i.configNombreEdificioGet  config.o
    0x08003dc0   0x08003dc0   0x00000020   Code   RO         1080    i.configNombreEdificioSet  config.o
    0x08003de0   0x08003de0   0x00000018   Code   RO         1081    i.configNombreLineaGet  config.o
    0x08003df8   0x08003df8   0x00000020   Code   RO         1082    i.configNombreLineaSet  config.o
    0x08003e18   0x08003e18   0x00000018   Code   RO         1083    i.configReadSerialFromFlash  config.o
    0x08003e30   0x08003e30   0x00000098   Code   RO         1084    i.configResetNetworkSettings  config.o
    0x08003ec8   0x08003ec8   0x00000030   Code   RO         1086    i.configSensoresConfiguracionGet  config.o
    0x08003ef8   0x08003ef8   0x0000004c   Code   RO         1087    i.configSensoresConfiguracionSet  config.o
    0x08003f44   0x08003f44   0x00000018   Code   RO         1088    i.configSensoresFinalizarConfiguracion  config.o
    0x08003f5c   0x08003f5c   0x00000028   Code   RO         1089    i.configSensoresGruposConfiguracionGet  config.o
    0x08003f84   0x08003f84   0x00000038   Code   RO         1090    i.configSensoresGruposConfiguracionSet  config.o
    0x08003fbc   0x08003fbc   0x00000028   Code   RO         1092    i.configSensoresIniciarConfiguracion  config.o
    0x08003fe4   0x08003fe4   0x000002bc   Code   RO         1093    i.configStoreInFlash  config.o
    0x080042a0   0x080042a0   0x00000034   Code   RO         1094    i.configStoreSerialToFlash  config.o
    0x080042d4   0x080042d4   0x00000018   Code   RO         1095    i.configSubmaskAddressGet  config.o
    0x080042ec   0x080042ec   0x00000020   Code   RO         1096    i.configSubmaskAddressSet  config.o
    0x0800430c   0x0800430c   0x00000060   Code   RO         1097    i.configTempGet     config.o
    0x0800436c   0x0800436c   0x0000002a   Code   RO         1098    i.configTempInit    config.o
    0x08004396   0x08004396   0x00000002   PAD
    0x08004398   0x08004398   0x00000058   Code   RO         1100    i.configTempSet     config.o
    0x080043f0   0x080043f0   0x00000020   Code   RO         1102    i.configTestInit    config.o
    0x08004410   0x08004410   0x00000002   Code   RO         3497    i.dALSStart         dals.o
    0x08004412   0x08004412   0x00000002   Code   RO         3531    i.dANIStart         dani.o
    0x08004414   0x08004414   0x00000002   Code   RO         3687    i.dASEStart         dase.o
    0x08004416   0x08004416   0x00000004   Code   RO         4337    i.daliAddressingGroupScanStart  daliaddressing.o
    0x0800441a   0x0800441a   0x00000002   PAD
    0x0800441c   0x0800441c   0x00000050   Code   RO         4338    i.daliAddressingLineScanStart  daliaddressing.o
    0x0800446c   0x0800446c   0x00000060   Code   RO         4339    i.daliAddressingNewInitialisationStart  daliaddressing.o
    0x080044cc   0x080044cc   0x00000048   Code   RO         4340    i.daliAddressingNotify  daliaddressing.o
    0x08004514   0x08004514   0x00000054   Code   RO         4343    i.daliAddressingSystemExtensionStart  daliaddressing.o
    0x08004568   0x08004568   0x00000054   Code   RO          734    i.daliLoopActualLevelGet  daliloop.o
    0x080045bc   0x080045bc   0x00000020   Code   RO          735    i.daliLoopActualLevelSet  daliloop.o
    0x080045dc   0x080045dc   0x0000000c   Code   RO          737    i.daliLoopActualLevelValidGet  daliloop.o
    0x080045e8   0x080045e8   0x00000042   Code   RO          742    i.daliLoopDeviceTypeGet  daliloop.o
    0x0800462a   0x0800462a   0x0000001c   Code   RO          754    i.daliLoopInstalledGet  daliloop.o
    0x08004646   0x08004646   0x00000002   PAD
    0x08004648   0x08004648   0x0000015c   Code   RO          757    i.daliLoopValidByteGet  daliloop.o
    0x080047a4   0x080047a4   0x00000004   Code   RO         3152    i.daliSensoresComandoArcoDirectoEnviar  dalisensores.o
    0x080047a8   0x080047a8   0x00000004   Code   RO         3154    i.daliSensoresDownEnviar  dalisensores.o
    0x080047ac   0x080047ac   0x00000004   Code   RO         3155    i.daliSensoresGoToSceneEnviar  dalisensores.o
    0x080047b0   0x080047b0   0x0000002c   Code   RO         3157    i.daliSensoresOffEnviar  dalisensores.o
    0x080047dc   0x080047dc   0x00000004   Code   RO         3158    i.daliSensoresOnAndStepUpEnviar  dalisensores.o
    0x080047e0   0x080047e0   0x00000002   Code   RO         3159    i.daliSensoresPollingEndTmpDisable  dalisensores.o
    0x080047e2   0x080047e2   0x00000002   Code   RO         3160    i.daliSensoresPollingTmpDisable  dalisensores.o
    0x080047e4   0x080047e4   0x00000004   Code   RO         3162    i.daliSensoresQuerySensorStatusEnviar  dalisensores.o
    0x080047e8   0x080047e8   0x0000002c   Code   RO         3164    i.daliSensoresRecallMaxLevelEnviar  dalisensores.o
    0x08004814   0x08004814   0x0000002c   Code   RO         3169    i.daliSensoresSysTick  dalisensores.o
    0x08004840   0x08004840   0x00000004   Code   RO         3170    i.daliSensoresUpEnviar  dalisensores.o
    0x08004844   0x08004844   0x00000014   Code   RO         6276    i.detPresFlancoAscendenteHandler  inte_edig_detectorpresencia.o
    0x08004858   0x08004858   0x0000005c   Code   RO         6277    i.detPresInit       inte_edig_detectorpresencia.o
    0x080048b4   0x080048b4   0x00000014   Code   RO         6278    i.detPresNivelAltoHandler  inte_edig_detectorpresencia.o
    0x080048c8   0x080048c8   0x00000014   Code   RO         6279    i.detPresNivelBajoHandler  inte_edig_detectorpresencia.o
    0x080048dc   0x080048dc   0x00000024   Code   RO         6280    i.detPresPresency   inte_edig_detectorpresencia.o
    0x08004900   0x08004900   0x00000024   Code   RO         6284    i.detPresVacancy    inte_edig_detectorpresencia.o
    0x08004924   0x08004924   0x00000020   Code   RO          345    i.disconnect        socket.o
    0x08004944   0x08004944   0x00000002   Code   RO         4016    i.eBootloaderTransceiver_Write  embeddedbootloader.o
    0x08004946   0x08004946   0x00000002   PAD
    0x08004948   0x08004948   0x0000003c   Code   RO         4018    i.embeddedBootloaderGo  embeddedbootloader.o
    0x08004984   0x08004984   0x0000001c   Code   RO         4019    i.embeddedBootloaderInit  embeddedbootloader.o
    0x080049a0   0x080049a0   0x0000002c   Code   RO         4020    i.embeddedBootloaderRead  embeddedbootloader.o
    0x080049cc   0x080049cc   0x00000010   Code   RO         4021    i.embeddedBootloaderReadStart  embeddedbootloader.o
    0x080049dc   0x080049dc   0x00000038   Code   RO         4022    i.embeddedBootloaderWrite  embeddedbootloader.o
    0x08004a14   0x08004a14   0x00000030   Code   RO         4023    i.embeddedBootloaderWriteStart  embeddedbootloader.o
    0x08004a44   0x08004a44   0x000000c4   Code   RO         6228    i.entradaDigitalDoTask  inte_entradadigital.o
    0x08004b08   0x08004b08   0x0000004c   Code   RO         6229    i.entradaDigitalInit  inte_entradadigital.o
    0x08004b54   0x08004b54   0x00000034   Code   RO         6231    i.entradaDigitalTick  inte_entradadigital.o
    0x08004b88   0x08004b88   0x00000108   Code   RO          902    i.ethDoTask         ethframming.o
    0x08004c90   0x08004c90   0x00000038   Code   RO         1956    i.ethICMPDoTask     ethping.o
    0x08004cc8   0x08004cc8   0x00000048   Code   RO         1957    i.ethICMPPingSend   ethping.o
    0x08004d10   0x08004d10   0x0000000c   Code   RO         1958    i.ethICMPPongReceivedGet  ethping.o
    0x08004d1c   0x08004d1c   0x0000000c   Code   RO         1959    i.ethICMPPongTimeoutGet  ethping.o
    0x08004d28   0x08004d28   0x00000018   Code   RO         1960    i.ethICMPTick       ethping.o
    0x08004d40   0x08004d40   0x000000cc   Code   RO          939    i.ethInputsNotifications_Tick  ethtransceiver.o
    0x08004e0c   0x08004e0c   0x000000fc   Code   RO          903    i.ethProcessFrame   ethframming.o
    0x08004f08   0x08004f08   0x00000048   Code   RO          904    i.ethSendFrame      ethframming.o
    0x08004f50   0x08004f50   0x0000002c   Code   RO          940    i.ethTransceiverConTestActiveGet  ethtransceiver.o
    0x08004f7c   0x08004f7c   0x00000224   Code   RO          941    i.ethTransceiverDoTask  ethtransceiver.o
    0x080051a0   0x080051a0   0x00000010   Code   RO          942    i.ethTransceiverInit  ethtransceiver.o
    0x080051b0   0x080051b0   0x00000010   Code   RO          943    i.ethTransceiverLAN_test  ethtransceiver.o
    0x080051c0   0x080051c0   0x0000002c   Code   RO          944    i.ethTransceiverRTCC_Tick  ethtransceiver.o
    0x080051ec   0x080051ec   0x00000010   Code   RO          945    i.ethTransceiverReset  ethtransceiver.o
    0x080051fc   0x080051fc   0x00000020   Code   RO          946    i.ethTransceiverTick  ethtransceiver.o
    0x0800521c   0x0800521c   0x0000000c   Code   RO          947    i.ethTransceiverTiempoSinRecibirCntRst  ethtransceiver.o
    0x08005228   0x08005228   0x000000a4   Code   RO          948    i.ethTransceiverW5100Init  ethtransceiver.o
    0x080052cc   0x080052cc   0x0000000c   Code   RO         2021    i.fallosFalloResetSet  fallos.o
    0x080052d8   0x080052d8   0x00000014   Code   RO         1105    i.fillBuffer        config.o
    0x080052ec   0x080052ec   0x0000000c   Code   RO          426    i.getIINCHIP_RxBASE  w5100.o
    0x080052f8   0x080052f8   0x0000000c   Code   RO          427    i.getIINCHIP_RxMASK  w5100.o
    0x08005304   0x08005304   0x0000000c   Code   RO          428    i.getIINCHIP_RxMAX  w5100.o
    0x08005310   0x08005310   0x0000000c   Code   RO          429    i.getIINCHIP_TxBASE  w5100.o
    0x0800531c   0x0800531c   0x0000000c   Code   RO          430    i.getIINCHIP_TxMASK  w5100.o
    0x08005328   0x08005328   0x0000000c   Code   RO          431    i.getIINCHIP_TxMAX  w5100.o
    0x08005334   0x08005334   0x00000026   Code   RO          435    i.getSIPR           w5100.o
    0x0800535a   0x0800535a   0x00000002   PAD
    0x0800535c   0x0800535c   0x00000040   Code   RO          441    i.getSn_RX_RSR      w5100.o
    0x0800539c   0x0800539c   0x00000014   Code   RO          442    i.getSn_SR          w5100.o
    0x080053b0   0x080053b0   0x0000003e   Code   RO          443    i.getSn_TX_FSR      w5100.o
    0x080053ee   0x080053ee   0x00000002   PAD
    0x080053f0   0x080053f0   0x00000038   Code   RO         4103    i.graba             idngies.o
    0x08005428   0x08005428   0x000000ac   Code   RO         1778    i.historicoAdd      historico.o
    0x080054d4   0x080054d4   0x0000002a   Code   RO         1779    i.historicoDataGet  historico.o
    0x080054fe   0x080054fe   0x00000002   PAD
    0x08005500   0x08005500   0x0000002c   Code   RO         1780    i.historicoFlashMemPosGet  historico.o
    0x0800552c   0x0800552c   0x00000070   Code   RO         1782    i.historicoMapPtrUsedSet  historico.o
    0x0800559c   0x0800559c   0x0000005c   Code   RO         1783    i.historicoPtrInc   historico.o
    0x080055f8   0x080055f8   0x0000007c   Code   RO         1784    i.historicoRead     historico.o
    0x08005674   0x08005674   0x00000044   Code   RO         1785    i.historicoReadableEventsCntGet  historico.o
    0x080056b8   0x080056b8   0x0000003c   Code   RO         1786    i.historicoReset    historico.o
    0x080056f4   0x080056f4   0x00000024   Code   RO         1787    i.historicoTick     historico.o
    0x08005718   0x08005718   0x0000000a   Code   RO         1961    i.htons             ethping.o
    0x08005722   0x08005722   0x00000002   PAD
    0x08005724   0x08005724   0x0000009c   Code   RO         4104    i.idgies_esquemaGpioInit  idngies.o
    0x080057c0   0x080057c0   0x00000038   Code   RO         4105    i.idngIesAddGroup   idngies.o
    0x080057f8   0x080057f8   0x0000027c   Code   RO         4106    i.idngIesCom        idngies.o
    0x08005a74   0x08005a74   0x000000c0   Code   RO         4107    i.idngIesDoTask     idngies.o
    0x08005b34   0x08005b34   0x00000038   Code   RO         4108    i.idngIesRemoveGroup  idngies.o
    0x08005b6c   0x08005b6c   0x0000001c   Code   RO         4109    i.idngIesRemoveScene  idngies.o
    0x08005b88   0x08005b88   0x00000024   Code   RO         4110    i.idngIesRtcTick    idngies.o
    0x08005bac   0x08005bac   0x00000020   Code   RO         4111    i.idngIesStoreScene  idngies.o
    0x08005bcc   0x08005bcc   0x00000050   Code   RO         4112    i.idngPowerOn       idngies.o
    0x08005c1c   0x08005c1c   0x000000a4   Code   RO         4113    i.idngiesSalidasInit  idngies.o
    0x08005cc0   0x08005cc0   0x000000ac   Code   RO         4114    i.idngies_buscarInterfaces  idngies.o
    0x08005d6c   0x08005d6c   0x00000018   Code   RO         4115    i.iesSerialGet      idngies.o
    0x08005d84   0x08005d84   0x00000008   Code   RO         4116    i.iesSerialSet      idngies.o
    0x08005d8c   0x08005d8c   0x0000000a   Code   RO          444    i.iinchip_init      w5100.o
    0x08005d96   0x08005d96   0x00000058   Code   RO         2798    i.interfacesConfiguracionArrayFromStructGet  interfaces.o
    0x08005dee   0x08005dee   0x00000092   Code   RO         2799    i.interfacesConfiguracionGet  interfaces.o
    0x08005e80   0x08005e80   0x0000000a   Code   RO         2800    i.interfacesConfiguracionSet  interfaces.o
    0x08005e8a   0x08005e8a   0x00000002   PAD
    0x08005e8c   0x08005e8c   0x00000020   Code   RO         2801    i.interfacesDoTask  interfaces.o
    0x08005eac   0x08005eac   0x0000009e   Code   RO         2802    i.interfacesIDNGIESEventoGet  interfaces.o
    0x08005f4a   0x08005f4a   0x00000002   PAD
    0x08005f4c   0x08005f4c   0x00000038   Code   RO         2803    i.interfacesInit    interfaces.o
    0x08005f84   0x08005f84   0x00000038   Code   RO         2804    i.interfacesNotificar  interfaces.o
    0x08005fbc   0x08005fbc   0x00000002   Code   RO         2805    i.interfacesRtcTick  interfaces.o
    0x08005fbe   0x08005fbe   0x00000002   PAD
    0x08005fc0   0x08005fc0   0x00000080   Code   RO         2806    i.interfacesSolicitar  interfaces.o
    0x08006040   0x08006040   0x00000002   Code   RO         2808    i.interfacesSysTick  interfaces.o
    0x08006042   0x08006042   0x00000002   PAD
    0x08006044   0x08006044   0x0000002c   Code   RO         6187    i.interfazDoTask    interfaz.o
    0x08006070   0x08006070   0x00000010   Code   RO         6188    i.interfazEventoGenerar  interfaz.o
    0x08006080   0x08006080   0x0000007c   Code   RO         6189    i.interfazInit      interfaz.o
    0x080060fc   0x080060fc   0x00000008   Code   RO         6190    i.interfazTick      interfaz.o
    0x08006104   0x08006104   0x00000034   Code   RO          347    i.listen            socket.o
    0x08006138   0x08006138   0x00000040   Code   RO          146    i.m25pReadBytes     m25p.o
    0x08006178   0x08006178   0x0000002a   Code   RO          147    i.m25pSectorErase   m25p.o
    0x080061a2   0x080061a2   0x0000001a   Code   RO          148    i.m25pStatusRead    m25p.o
    0x080061bc   0x080061bc   0x00000040   Code   RO          149    i.m25pWriteBytes    m25p.o
    0x080061fc   0x080061fc   0x00000012   Code   RO          151    i.m25pWriteEnable   m25p.o
    0x0800620e   0x0800620e   0x00000002   PAD
    0x08006210   0x08006210   0x00000110   Code   RO          949    i.macInit           ethtransceiver.o
    0x08006320   0x08006320   0x00000094   Code   RO          215    i.main              main.o
    0x080063b4   0x080063b4   0x000001e0   Code   RO         1627    i.normaLink62386P102T1  normalink62386p102.o
    0x08006594   0x08006594   0x00000074   Code   RO         1628    i.normaLink62386P102T3  normalink62386p102.o
    0x08006608   0x08006608   0x00000720   Code   RO         1650    i.normaLinkCfgInfoPasarelaT0  normalinkcfginfopasarela.o
    0x08006d28   0x08006d28   0x000005ec   Code   RO         1651    i.normaLinkCfgInfoPasarelaT4  normalinkcfginfopasarela.o
    0x08007314   0x08007314   0x00000090   Code   RO         1696    i.normaLinkCmdPasarelaT0  normalinkcmdpasarela.o
    0x080073a4   0x080073a4   0x00000108   Code   RO         1697    i.normaLinkCmdPasarelaT5  normalinkcmdpasarela.o
    0x080074ac   0x080074ac   0x00000002   Code   RO         1551    i.normaLinkDaliAccesoExclusivoABusDisable  normalink.o
    0x080074ae   0x080074ae   0x00000004   Code   RO         1552    i.normaLinkDaliAccesoExclusivoABusEnable  normalink.o
    0x080074b2   0x080074b2   0x00000002   Code   RO         2146    i.normaLinkDaliUtilsT1  normalinkdaliutils.o
    0x080074b4   0x080074b4   0x00000002   Code   RO         2147    i.normaLinkDaliUtilsT3  normalinkdaliutils.o
    0x080074b6   0x080074b6   0x00000002   Code   RO         2148    i.normaLinkDaliUtilsT4  normalinkdaliutils.o
    0x080074b8   0x080074b8   0x0000001c   Code   RO         1555    i.normaLinkDestCorrecto  normalink.o
    0x080074d4   0x080074d4   0x00000640   Code   RO         4597    i.normaLinkIES      normalinkies.o
    0x08007b14   0x08007b14   0x00000020   Code   RO         1556    i.normaLinkMasterPing  normalink.o
    0x08007b34   0x08007b34   0x000005b0   Code   RO         2897    i.normaLinkSensores  normalinksensores.o
    0x080080e4   0x080080e4   0x0000000c   Code   RO         2900    i.normaLinkSensoresDebugTransceptorLiberado  normalinksensores.o
    0x080080f0   0x080080f0   0x000001d4   Code   RO         2901    i.normaLinkSensoresDoTask  normalinksensores.o
    0x080082c4   0x080082c4   0x0000010c   Code   RO         2902    i.normaLinkSensoresEnviar  normalinksensores.o
    0x080083d0   0x080083d0   0x00000030   Code   RO         2904    i.normaLinkSensoresSysTick  normalinksensores.o
    0x08008400   0x08008400   0x000001fc   Code   RO         1673    i.normaLinkSingleLoopT0  normalinksingleloop.o
    0x080085fc   0x080085fc   0x00000344   Code   RO         1674    i.normaLinkSingleLoopT4  normalinksingleloop.o
    0x08008940   0x08008940   0x00000024   Code   RO         1557    i.normaLinkTick     normalink.o
    0x08008964   0x08008964   0x00000054   Code   RO         2985    i.numeroSerieIdCoincideGet  sensores.o
    0x080089b8   0x080089b8   0x00000014   Code   RO         6345    i.pulsadorFlancoAscendenteHandler  inte_edig_pulsador.o
    0x080089cc   0x080089cc   0x00000048   Code   RO         6346    i.pulsadorFlancoDescendenteHandler  inte_edig_pulsador.o
    0x08008a14   0x08008a14   0x00000044   Code   RO         6347    i.pulsadorInit      inte_edig_pulsador.o
    0x08008a58   0x08008a58   0x00000038   Code   RO         6348    i.pulsadorNivelAltoLargoHandler  inte_edig_pulsador.o
    0x08008a90   0x08008a90   0x0000002c   Code   RO         6349    i.pulsadorShortPress  inte_edig_pulsador.o
    0x08008abc   0x08008abc   0x00000020   Code   RO         6351    i.pulsadorTick      inte_edig_pulsador.o
    0x08008adc   0x08008adc   0x00000002   Code   RO         3804    i.qSNRead           qsn.o
    0x08008ade   0x08008ade   0x00000050   Code   RO          446    i.read_data         w5100.o
    0x08008b2e   0x08008b2e   0x00000002   PAD
    0x08008b30   0x08008b30   0x00000034   Code   RO          348    i.recv              socket.o
    0x08008b64   0x08008b64   0x0000004c   Code   RO          447    i.recv_data_processing  w5100.o
    0x08008bb0   0x08008bb0   0x00000010   Code   RO         1433    i.rtccDayGet        rtcc.o
    0x08008bc0   0x08008bc0   0x0000001a   Code   RO         1434    i.rtccDaySet        rtcc.o
    0x08008bda   0x08008bda   0x00000010   Code   RO         1435    i.rtccHourGet       rtcc.o
    0x08008bea   0x08008bea   0x0000001a   Code   RO         1436    i.rtccHourSet       rtcc.o
    0x08008c04   0x08008c04   0x000000c8   Code   RO         1437    i.rtccInit          rtcc.o
    0x08008ccc   0x08008ccc   0x00000010   Code   RO         1438    i.rtccMinutesGet    rtcc.o
    0x08008cdc   0x08008cdc   0x0000001a   Code   RO         1439    i.rtccMinutesSet    rtcc.o
    0x08008cf6   0x08008cf6   0x00000014   Code   RO         1440    i.rtccMinutesTick   rtcc.o
    0x08008d0a   0x08008d0a   0x00000010   Code   RO         1441    i.rtccMonthGet      rtcc.o
    0x08008d1a   0x08008d1a   0x0000001a   Code   RO         1442    i.rtccMonthSet      rtcc.o
    0x08008d34   0x08008d34   0x00000010   Code   RO         1443    i.rtccSecondsGet    rtcc.o
    0x08008d44   0x08008d44   0x0000001a   Code   RO         1444    i.rtccSecondsSet    rtcc.o
    0x08008d5e   0x08008d5e   0x00000024   Code   RO         1445    i.rtccSecondsTick   rtcc.o
    0x08008d82   0x08008d82   0x00000010   Code   RO         1446    i.rtccWeekdayGet    rtcc.o
    0x08008d92   0x08008d92   0x0000001a   Code   RO         1447    i.rtccWeekdaySet    rtcc.o
    0x08008dac   0x08008dac   0x00000010   Code   RO         1448    i.rtccYearGet       rtcc.o
    0x08008dbc   0x08008dbc   0x0000001a   Code   RO         1449    i.rtccYearSet       rtcc.o
    0x08008dd6   0x08008dd6   0x00000002   PAD
    0x08008dd8   0x08008dd8   0x00000094   Code   RO          350    i.send              socket.o
    0x08008e6c   0x08008e6c   0x0000004c   Code   RO          448    i.send_data_processing  w5100.o
    0x08008eb8   0x08008eb8   0x000000ec   Code   RO          351    i.sendto            socket.o
    0x08008fa4   0x08008fa4   0x00000010   Code   RO         2986    i.sensoresCambioActualLevelNotificar  sensores.o
    0x08008fb4   0x08008fb4   0x000000c4   Code   RO         2987    i.sensoresConfiguracionGet  sensores.o
    0x08009078   0x08009078   0x00000008   Code   RO         2988    i.sensoresConfiguracionSet  sensores.o
    0x08009080   0x08009080   0x00000010   Code   RO         2989    i.sensoresDoTask    sensores.o
    0x08009090   0x08009090   0x00000010   Code   RO         2990    i.sensoresFinalizarConfiguracion  sensores.o
    0x080090a0   0x080090a0   0x00000088   Code   RO         2269    i.sensoresGruposConfiguracionGet  sensoresgrupos.o
    0x08009128   0x08009128   0x00000008   Code   RO         2270    i.sensoresGruposConfiguracionSet  sensoresgrupos.o
    0x08009130   0x08009130   0x000000ac   Code   RO         2423    i.sensoresGruposDetectoresPreseciaModoNivelEstadoActualizar  sensoresgruposdetectorespresencia.o
    0x080091dc   0x080091dc   0x00000064   Code   RO         2424    i.sensoresGruposDetectoresPresenciaAccionSolicitar  sensoresgruposdetectorespresencia.o
    0x08009240   0x08009240   0x00000100   Code   RO         2425    i.sensoresGruposDetectoresPresenciaDoTask  sensoresgruposdetectorespresencia.o
    0x08009340   0x08009340   0x00000014   Code   RO         2426    i.sensoresGruposDetectoresPresenciaEstadoGet  sensoresgruposdetectorespresencia.o
    0x08009354   0x08009354   0x000000ec   Code   RO         2428    i.sensoresGruposDetectoresPresenciaInit  sensoresgruposdetectorespresencia.o
    0x08009440   0x08009440   0x000000b8   Code   RO         2429    i.sensoresGruposDetectoresPresenciaModoFlancoEstadoActualizar  sensoresgruposdetectorespresencia.o
    0x080094f8   0x080094f8   0x000000d8   Code   RO         2430    i.sensoresGruposDetectoresPresenciaNotificar  sensoresgruposdetectorespresencia.o
    0x080095d0   0x080095d0   0x0000000c   Code   RO         2434    i.sensoresGruposDetectoresPresenciaReiteracionPeriodoCntReinicializar  sensoresgruposdetectorespresencia.o
    0x080095dc   0x080095dc   0x0000000c   Code   RO         2436    i.sensoresGruposDetectoresPresenciaRtcTick  sensoresgruposdetectorespresencia.o
    0x080095e8   0x080095e8   0x00000002   Code   RO         2437    i.sensoresGruposDetectoresPresenciaSysTick  sensoresgruposdetectorespresencia.o
    0x080095ea   0x080095ea   0x00000002   PAD
    0x080095ec   0x080095ec   0x00000130   Code   RO         2271    i.sensoresGruposDoTask  sensoresgrupos.o
    0x0800971c   0x0800971c   0x0000001c   Code   RO         2272    i.sensoresGruposInit  sensoresgrupos.o
    0x08009738   0x08009738   0x000000de   Code   RO         2273    i.sensoresGruposNotificar  sensoresgrupos.o
    0x08009816   0x08009816   0x000000f2   Code   RO         2541    i.sensoresGruposPulsadoresAccionBasculanteAccionSolicitar  sensoresgrupospulsadoresaccionbasculante.o
    0x08009908   0x08009908   0x00000002   Code   RO         2542    i.sensoresGruposPulsadoresAccionBasculanteDoTask  sensoresgrupospulsadoresaccionbasculante.o
    0x0800990a   0x0800990a   0x00000002   Code   RO         2543    i.sensoresGruposPulsadoresAccionBasculanteInit  sensoresgrupospulsadoresaccionbasculante.o
    0x0800990c   0x0800990c   0x0000005e   Code   RO         2544    i.sensoresGruposPulsadoresAccionBasculanteNotificar  sensoresgrupospulsadoresaccionbasculante.o
    0x0800996a   0x0800996a   0x00000002   Code   RO         2545    i.sensoresGruposPulsadoresAccionBasculanteRtcTick  sensoresgrupospulsadoresaccionbasculante.o
    0x0800996c   0x0800996c   0x00000002   Code   RO         2546    i.sensoresGruposPulsadoresAccionBasculanteSysTick  sensoresgrupospulsadoresaccionbasculante.o
    0x0800996e   0x0800996e   0x00000102   Code   RO         2594    i.sensoresGruposPulsadoresAccionFijaAccionSolicitar  sensoresgrupospulsadoresaccionfija.o
    0x08009a70   0x08009a70   0x00000002   Code   RO         2595    i.sensoresGruposPulsadoresAccionFijaDoTask  sensoresgrupospulsadoresaccionfija.o
    0x08009a72   0x08009a72   0x00000002   Code   RO         2596    i.sensoresGruposPulsadoresAccionFijaInit  sensoresgrupospulsadoresaccionfija.o
    0x08009a74   0x08009a74   0x0000005a   Code   RO         2597    i.sensoresGruposPulsadoresAccionFijaNotificar  sensoresgrupospulsadoresaccionfija.o
    0x08009ace   0x08009ace   0x00000002   Code   RO         2598    i.sensoresGruposPulsadoresAccionFijaRtcTick  sensoresgrupospulsadoresaccionfija.o
    0x08009ad0   0x08009ad0   0x00000002   Code   RO         2599    i.sensoresGruposPulsadoresAccionFijaSysTick  sensoresgrupospulsadoresaccionfija.o
    0x08009ad2   0x08009ad2   0x000000e0   Code   RO         2644    i.sensoresGruposPulsadoresAccionRegulacionAccionSolicitar  sensoresgrupospulsadoresaccionregulacion.o
    0x08009bb2   0x08009bb2   0x00000002   PAD
    0x08009bb4   0x08009bb4   0x00000054   Code   RO         2645    i.sensoresGruposPulsadoresAccionRegulacionActualizarNivel  sensoresgrupospulsadoresaccionregulacion.o
    0x08009c08   0x08009c08   0x0000007c   Code   RO         2646    i.sensoresGruposPulsadoresAccionRegulacionDoTask  sensoresgrupospulsadoresaccionregulacion.o
    0x08009c84   0x08009c84   0x0000000c   Code   RO         2647    i.sensoresGruposPulsadoresAccionRegulacionEstadoGet  sensoresgrupospulsadoresaccionregulacion.o
    0x08009c90   0x08009c90   0x0000003c   Code   RO         2648    i.sensoresGruposPulsadoresAccionRegulacionInit  sensoresgrupospulsadoresaccionregulacion.o
    0x08009ccc   0x08009ccc   0x0000009c   Code   RO         2649    i.sensoresGruposPulsadoresAccionRegulacionNotificar  sensoresgrupospulsadoresaccionregulacion.o
    0x08009d68   0x08009d68   0x00000002   Code   RO         2650    i.sensoresGruposPulsadoresAccionRegulacionRtcTick  sensoresgrupospulsadoresaccionregulacion.o
    0x08009d6a   0x08009d6a   0x00000002   PAD
    0x08009d6c   0x08009d6c   0x0000000c   Code   RO         2651    i.sensoresGruposPulsadoresAccionRegulacionSysTick  sensoresgrupospulsadoresaccionregulacion.o
    0x08009d78   0x08009d78   0x00000078   Code   RO         4214    i.sensoresGruposPulsadoresAccionTemporizadaAccionSolicitar  sensoresgrupospulsadoresacciontemporizada.o
    0x08009df0   0x08009df0   0x000000a8   Code   RO         4215    i.sensoresGruposPulsadoresAccionTemporizadaDoTask  sensoresgrupospulsadoresacciontemporizada.o
    0x08009e98   0x08009e98   0x0000000c   Code   RO         4216    i.sensoresGruposPulsadoresAccionTemporizadaEstadoGet  sensoresgrupospulsadoresacciontemporizada.o
    0x08009ea4   0x08009ea4   0x00000050   Code   RO         4219    i.sensoresGruposPulsadoresAccionTemporizadaInit  sensoresgrupospulsadoresacciontemporizada.o
    0x08009ef4   0x08009ef4   0x0000006c   Code   RO         4220    i.sensoresGruposPulsadoresAccionTemporizadaNotificar  sensoresgrupospulsadoresacciontemporizada.o
    0x08009f60   0x08009f60   0x0000000c   Code   RO         4224    i.sensoresGruposPulsadoresAccionTemporizadaRtcTick  sensoresgrupospulsadoresacciontemporizada.o
    0x08009f6c   0x08009f6c   0x00000002   Code   RO         4225    i.sensoresGruposPulsadoresAccionTemporizadaSysTick  sensoresgrupospulsadoresacciontemporizada.o
    0x08009f6e   0x08009f6e   0x00000002   PAD
    0x08009f70   0x08009f70   0x000000c4   Code   RO         2712    i.sensoresGruposReguladoresLuzAccionSolicitar  sensoresgruposreguladoresluz.o
    0x0800a034   0x0800a034   0x00000060   Code   RO         2713    i.sensoresGruposReguladoresLuzDoTask  sensoresgruposreguladoresluz.o
    0x0800a094   0x0800a094   0x00000148   Code   RO         2714    i.sensoresGruposReguladoresLuzEstadoActualizar  sensoresgruposreguladoresluz.o
    0x0800a1dc   0x0800a1dc   0x0000000c   Code   RO         2715    i.sensoresGruposReguladoresLuzEstadoGet  sensoresgruposreguladoresluz.o
    0x0800a1e8   0x0800a1e8   0x0000000c   Code   RO         2717    i.sensoresGruposReguladoresLuzInhibir  sensoresgruposreguladoresluz.o
    0x0800a1f4   0x0800a1f4   0x00000058   Code   RO         2718    i.sensoresGruposReguladoresLuzInit  sensoresgruposreguladoresluz.o
    0x0800a24c   0x0800a24c   0x00000078   Code   RO         2721    i.sensoresGruposReguladoresLuzNotificar  sensoresgruposreguladoresluz.o
    0x0800a2c4   0x0800a2c4   0x0000000c   Code   RO         2722    i.sensoresGruposReguladoresLuzRtcTick  sensoresgruposreguladoresluz.o
    0x0800a2d0   0x0800a2d0   0x00000002   Code   RO         2723    i.sensoresGruposReguladoresLuzSysTick  sensoresgruposreguladoresluz.o
    0x0800a2d2   0x0800a2d2   0x0000001c   Code   RO         2274    i.sensoresGruposRtcTick  sensoresgrupos.o
    0x0800a2ee   0x0800a2ee   0x0000001c   Code   RO         2275    i.sensoresGruposSysTick  sensoresgrupos.o
    0x0800a30a   0x0800a30a   0x00000094   Code   RO         2991    i.sensoresGruposToMatrizGruposGet  sensores.o
    0x0800a39e   0x0800a39e   0x00000008   Code   RO         2992    i.sensoresIniciarConfiguracion  sensores.o
    0x0800a3a6   0x0800a3a6   0x00000002   PAD
    0x0800a3a8   0x0800a3a8   0x0000007c   Code   RO         2993    i.sensoresInit      sensores.o
    0x0800a424   0x0800a424   0x0000009a   Code   RO         2994    i.sensoresMatrizGruposToGrupoGet  sensores.o
    0x0800a4be   0x0800a4be   0x00000098   Code   RO         2995    i.sensoresNotificar  sensores.o
    0x0800a556   0x0800a556   0x00000002   PAD
    0x0800a558   0x0800a558   0x00000058   Code   RO         2996    i.sensoresPeticionNiveles  sensores.o
    0x0800a5b0   0x0800a5b0   0x0000000c   Code   RO         2997    i.sensoresRtcTick   sensores.o
    0x0800a5bc   0x0800a5bc   0x00000014   Code   RO         2998    i.sensoresSysTick   sensores.o
    0x0800a5d0   0x0800a5d0   0x00000026   Code   RO          449    i.setGAR            w5100.o
    0x0800a5f6   0x0800a5f6   0x0000000e   Code   RO          451    i.setMR             w5100.o
    0x0800a604   0x0800a604   0x00000036   Code   RO          454    i.setSHAR           w5100.o
    0x0800a63a   0x0800a63a   0x00000026   Code   RO          455    i.setSIPR           w5100.o
    0x0800a660   0x0800a660   0x00000018   Code   RO          456    i.setSUBR           w5100.o
    0x0800a678   0x0800a678   0x00000014   Code   RO          462    i.setSn_PROTO       w5100.o
    0x0800a68c   0x0800a68c   0x00000070   Code   RO         4117    i.setupIES_Get      idngies.o
    0x0800a6fc   0x0800a6fc   0x000000d0   Code   RO         4118    i.setupIES_Set      idngies.o
    0x0800a7cc   0x0800a7cc   0x0000008c   Code   RO          352    i.socket            socket.o
    0x0800a858   0x0800a858   0x00000020   Code   RO          265    i.spiIINCHIP_CSoff_m25p  spi2.o
    0x0800a878   0x0800a878   0x00000020   Code   RO          266    i.spiIINCHIP_CSoff_w5100  spi2.o
    0x0800a898   0x0800a898   0x00000020   Code   RO          267    i.spiIINCHIP_CSon_m25p  spi2.o
    0x0800a8b8   0x0800a8b8   0x00000020   Code   RO          268    i.spiIINCHIP_CSon_w5100  spi2.o
    0x0800a8d8   0x0800a8d8   0x00000058   Code   RO          269    i.spiIINCHIP_SpiRecvData  spi2.o
    0x0800a930   0x0800a930   0x0000002c   Code   RO          270    i.spiIINCHIP_SpiSendData  spi2.o
    0x0800a95c   0x0800a95c   0x00000020   Code   RO         2203    i.storageIdGet      storage.o
    0x0800a97c   0x0800a97c   0x00000038   Code   RO         2204    i.storageRead       storage.o
    0x0800a9b4   0x0800a9b4   0x00000020   Code   RO         2205    i.storageReadStart  storage.o
    0x0800a9d4   0x0800a9d4   0x0000004c   Code   RO         2206    i.storageReadWriteFinish  storage.o
    0x0800aa20   0x0800aa20   0x0000008c   Code   RO         2207    i.storageWrite      storage.o
    0x0800aaac   0x0800aaac   0x00000038   Code   RO         2208    i.storageWriteStart  storage.o
    0x0800aae4   0x0800aae4   0x00000032   Code   RO         2057    i.strindex          webserver.o
    0x0800ab16   0x0800ab16   0x00000002   PAD
    0x0800ab18   0x0800ab18   0x00000010   Code   RO         2178    i.sysTickDelay      systick.o
    0x0800ab28   0x0800ab28   0x00000044   Code   RO         2179    i.sysTickTick       systick.o
    0x0800ab6c   0x0800ab6c   0x0000011c   Code   RO          464    i.sysinit           w5100.o
    0x0800ac88   0x0800ac88   0x0000008c   Code   RO         1897    i.tempCheck         temp.o
    0x0800ad14   0x0800ad14   0x0000010c   Code   RO         1899    i.tempDoTask        temp.o
    0x0800ae20   0x0800ae20   0x0000005a   Code   RO         1900    i.tempGet           temp.o
    0x0800ae7a   0x0800ae7a   0x00000002   Code   RO         1901    i.tempInit          temp.o
    0x0800ae7c   0x0800ae7c   0x0000000c   Code   RO         1902    i.tempPacketIdGet   temp.o
    0x0800ae88   0x0800ae88   0x00000044   Code   RO         1903    i.tempSet           temp.o
    0x0800aecc   0x0800aecc   0x00000004   Code   RO         1855    i.testGet           test.o
    0x0800aed0   0x0800aed0   0x00000002   Code   RO         1857    i.testRTCC_Tick     test.o
    0x0800aed2   0x0800aed2   0x00000002   Code   RO         1858    i.testSet           test.o
    0x0800aed4   0x0800aed4   0x00000012   Code   RO         3276    i.uint16Pop         utils.o
    0x0800aee6   0x0800aee6   0x0000000e   Code   RO         3277    i.uint16Push        utils.o
    0x0800aef4   0x0800aef4   0x00000014   Code   RO         2115    i.wdtDoTask         wdt.o
    0x0800af08   0x0800af08   0x00000034   Code   RO         2116    i.wdtInit           wdt.o
    0x0800af3c   0x0800af3c   0x0000000c   Code   RO         2117    i.wdtReboot         wdt.o
    0x0800af48   0x0800af48   0x00000984   Code   RO         2058    i.webServerDoTask   webserver.o
    0x0800b8cc   0x0800b8cc   0x0000003a   Code   RO          465    i.wiz_read_buf      w5100.o
    0x0800b906   0x0800b906   0x0000003a   Code   RO          466    i.wiz_write_buf     w5100.o
    0x0800b940   0x0800b940   0x0000004e   Code   RO          467    i.write_data        w5100.o
    0x0800b98e   0x0800b98e   0x00000002   PAD
    0x0800b990   0x0800b990   0x0000008f   Data   RO         1107    .constdata          config.o
    0x0800ba1f   0x0800ba1f   0x00000001   PAD
    0x0800ba20   0x0800ba20   0x00000010   Data   RO         1725    .constdata          botonera.o
    0x0800ba30   0x0800ba30   0x00000014   Data   RO         1905    .constdata          temp.o
    0x0800ba44   0x0800ba44   0x00000100   Data   RO         2725    .constdata          sensoresgruposreguladoresluz.o
    0x0800bb44   0x0800bb44   0x00000081   Data   RO         6480    .constdata          mc_p.l(ctype_o.o)
    0x0800bbc5   0x0800bbc5   0x00000003   PAD
    0x0800bbc8   0x0800bbc8   0x00000004   Data   RO         6481    .constdata          mc_p.l(ctype_o.o)
    0x0800bbcc   0x0800bbcc   0x0000018a   Data   RO         2059    .conststring        webserver.o
    0x0800bd56   0x0800bd56   0x00000002   PAD
    0x0800bd58   0x0800bd58   0x00000020   Data   RO         6511    Region$$Table       anon$$obj.o


    Execution Region RW_IRAM1 (Exec base: 0x200000c0, Load base: 0x0800bd78, Size: 0x00001978, Max: 0x00001f40, ABSOLUTE, COMPRESSED[0x00000040])

    Exec Addr    Load Addr    Size         Type   Attr      Idx    E Section Name        Object

    0x200000c0   COMPRESSED   0x00000014   Data   RW          314    .data               system_stm32f0xx.o
    0x200000d4   COMPRESSED   0x00000004   Data   RW          353    .data               socket.o
    0x200000d8   COMPRESSED   0x0000000c   Data   RW          469    .data               w5100.o
    0x200000e4   COMPRESSED   0x00000001   Data   RW          759    .data               daliloop.o
    0x200000e5   COMPRESSED   0x00000003   PAD
    0x200000e8   COMPRESSED   0x00000004   Data   RW          906    .data               ethframming.o
    0x200000ec   COMPRESSED   0x00000014   Data   RW          907    .data               ethframming.o
    0x20000100   COMPRESSED   0x0000001e   Data   RW          955    .data               ethtransceiver.o
    0x2000011e   COMPRESSED   0x00000012   Data   RW         1108    .data               config.o
    0x20000130   COMPRESSED   0x0000002c   Data   RW         1387    .data               board.o
    0x2000015c   COMPRESSED   0x00000005   Data   RW         1568    .data               normalink.o
    0x20000161   COMPRESSED   0x00000001   Data   RW         1726    .data               botonera.o
    0x20000162   COMPRESSED   0x00000002   PAD
    0x20000164   COMPRESSED   0x0000000c   Data   RW         1788    .data               historico.o
    0x20000170   COMPRESSED   0x00000008   Data   RW         1906    .data               temp.o
    0x20000178   COMPRESSED   0x0000000c   Data   RW         1964    .data               ethping.o
    0x20000184   COMPRESSED   0x00000001   Data   RW         2024    .data               fallos.o
    0x20000185   COMPRESSED   0x00000001   Data   RW         2060    .data               webserver.o
    0x20000186   COMPRESSED   0x00000001   Data   RW         2118    .data               wdt.o
    0x20000187   COMPRESSED   0x00000001   PAD
    0x20000188   COMPRESSED   0x00000008   Data   RW         2180    .data               systick.o
    0x20000190   COMPRESSED   0x0000000c   Data   RW         2209    .data               storage.o
    0x2000019c   COMPRESSED   0x00000001   Data   RW         2441    .data               sensoresgruposdetectorespresencia.o
    0x2000019d   COMPRESSED   0x00000001   Data   RW         2653    .data               sensoresgrupospulsadoresaccionregulacion.o
    0x2000019e   COMPRESSED   0x00000001   Data   RW         2726    .data               sensoresgruposreguladoresluz.o
    0x2000019f   COMPRESSED   0x00000005   Data   RW         2816    .data               interfaces.o
    0x200001a4   COMPRESSED   0x00000002   Data   RW         2907    .data               normalinksensores.o
    0x200001a6   COMPRESSED   0x00000001   Data   RW         3171    .data               dalisensores.o
    0x200001a7   COMPRESSED   0x00000001   PAD
    0x200001a8   COMPRESSED   0x00000008   Data   RW         4024    .data               embeddedbootloader.o
    0x200001b0   COMPRESSED   0x00000016   Data   RW         4120    .data               idngies.o
    0x200001c6   COMPRESSED   0x00000001   Data   RW         4227    .data               sensoresgrupospulsadoresacciontemporizada.o
    0x200001c7   COMPRESSED   0x00000009   Data   RW         4352    .data               daliaddressing.o
    0x200001d0   COMPRESSED   0x0000004c   Data   RW         4633    .data               blind.o
    0x2000021c   COMPRESSED   0x0000000a   Data   RW         6286    .data               inte_edig_detectorpresencia.o
    0x20000226   COMPRESSED   0x00000004   Data   RW         6353    .data               inte_edig_pulsador.o
    0x2000022a   COMPRESSED   0x00000002   PAD
    0x2000022c   COMPRESSED   0x00000004   Data   RW         6460    .data               mc_p.l(errno.o)
    0x20000230        -       0x00000060   Zero   RW          468    .bss                w5100.o
    0x20000290        -       0x00000280   Zero   RW          758    .bss                daliloop.o
    0x20000510        -       0x00000140   Zero   RW          905    .bss                ethframming.o
    0x20000650        -       0x00000230   Zero   RW         1106    .bss                config.o
    0x20000880        -       0x000000ea   Zero   RW         1386    .bss                board.o
    0x2000096a   COMPRESSED   0x00000002   PAD
    0x2000096c        -       0x000000c0   Zero   RW         1904    .bss                temp.o
    0x20000a2c        -       0x00000028   Zero   RW         1962    .bss                ethping.o
    0x20000a54        -       0x000000d0   Zero   RW         2276    .bss                sensoresgrupos.o
    0x20000b24        -       0x00000150   Zero   RW         2440    .bss                sensoresgruposdetectorespresencia.o
    0x20000c74        -       0x00000050   Zero   RW         2652    .bss                sensoresgrupospulsadoresaccionregulacion.o
    0x20000cc4        -       0x00000050   Zero   RW         2724    .bss                sensoresgruposreguladoresluz.o
    0x20000d14        -       0x00000080   Zero   RW         2810    .bss                interfaces.o
    0x20000d94        -       0x00000010   Zero   RW         2811    .bss                interfaces.o
    0x20000da4        -       0x00000010   Zero   RW         2812    .bss                interfaces.o
    0x20000db4        -       0x00000020   Zero   RW         2813    .bss                interfaces.o
    0x20000dd4        -       0x00000020   Zero   RW         2814    .bss                interfaces.o
    0x20000df4        -       0x00000020   Zero   RW         2815    .bss                interfaces.o
    0x20000e14        -       0x00000180   Zero   RW         2999    .bss                sensores.o
    0x20000f94        -       0x00000040   Zero   RW         3000    .bss                sensores.o
    0x20000fd4        -       0x00000121   Zero   RW         4119    .bss                idngies.o
    0x200010f5   COMPRESSED   0x00000001   PAD
    0x200010f6        -       0x00000050   Zero   RW         4226    .bss                sensoresgrupospulsadoresacciontemporizada.o
    0x20001146        -       0x0000001f   Zero   RW         4632    .bss                blind.o
    0x20001165        -       0x00000014   Zero   RW         6192    .bss                interfaz.o
    0x20001179   COMPRESSED   0x00000003   PAD
    0x2000117c        -       0x0000005c   Zero   RW         6232    .bss                inte_entradadigital.o
    0x200011d8        -       0x00000028   Zero   RW         6285    .bss                inte_edig_detectorpresencia.o
    0x20001200        -       0x00000032   Zero   RW         6352    .bss                inte_edig_pulsador.o
    0x20001232   COMPRESSED   0x00000006   PAD
    0x20001238        -       0x00000800   Zero   RW         6180    STACK               startup_stm32f0xx.o



  Load Region LR_IROM1 (Base: 0x08000000, Size: 0x00000000, Max: 0x00001000, ABSOLUTE)

    Execution Region ER_IROM1 (Exec base: 0x08000000, Load base: 0x08000000, Size: 0x00000000, Max: 0x00001000, ABSOLUTE)

    **** No section assigned to this execution region ****



  Load Region LR$$.ARM.__AT_0x20000000 (Base: 0x20000000, Size: 0x00000000, Max: 0x000000c0, ABSOLUTE)

    Execution Region ER$$.ARM.__AT_0x20000000 (Exec base: 0x20000000, Load base: 0x20000000, Size: 0x000000c0, Max: 0x000000c0, ABSOLUTE, UNINIT)

    Exec Addr    Load Addr    Size         Type   Attr      Idx    E Section Name        Object

    0x20000000        -       0x000000c0   Zero   RW          216    .ARM.__AT_0x20000000  main.o


==============================================================================

Image component sizes


      Code (inc. data)   RO Data    RW Data    ZI Data      Debug   Object Name

       626         22          0          0          0       7701   actuallevel.o
       932         78          0         76         31      11151   blind.o
      1548        100          0         44        234      11504   board.o
        64          8         16          1          0       2807   botonera.o
      2842        308        143         18        560      31132   config.o
       336         26          0          9          0       8366   daliaddressing.o
       570         28          0          1        640       6676   daliloop.o
       160         18          0          1          0      10407   dalisensores.o
         2          0          0          0          0        484   dals.o
         2          0          0          0          0        484   dani.o
         2          0          0          0          0        484   dase.o
       254         32          0          8          0       5234   embeddedbootloader.o
       588         26          0         24        320       3989   ethframming.o
       350         40          0         12         40       6177   ethping.o
      1394        102          0         30          0       9293   ethtransceiver.o
        12          4          0          1          0       1562   fallos.o
       750         60          0         12          0       7792   historico.o
      2016        158          0         22        289      16368   idngies.o
       224         28          0         10         40       5850   inte_edig_detectorpresencia.o
       292         44          0          4         50       5616   inte_edig_pulsador.o
       324         18          0          0         92       4273   inte_entradadigital.o
       678         16          0          5        256      15598   interfaces.o
       192         32          0          0         20       3748   interfaz.o
       214          0          0          0          0      90638   m25p.o
       148         10          0          0        192       1969   main.o
       102         12          0          5          0       4296   normalink.o
       596         38          0          0          0       2070   normalink62386p102.o
      3340         38          0          0          0       5166   normalinkcfginfopasarela.o
       408         26          0          0          0       1774   normalinkcmdpasarela.o
         6          0          0          0          0       1561   normalinkdaliutils.o
      1600         26          0          0          0       1803   normalinkies.o
      2252        116          0          2          0      16126   normalinksensores.o
      1344         28          0          0          0       2884   normalinksingleloop.o
         2          0          0          0          0        474   qsn.o
       550          6          0          0          0      10161   rtcc.o
      1108         24          0          0        448      23088   sensores.o
      1124         78          0          0        208      24490   sensoresgrupos.o
      1210         52          0          1        336      21297   sensoresgruposdetectorespresencia.o
       344          0          0          0          0      12032   sensoresgrupospulsadoresaccionbasculante.o
       356          0          0          0          0      11470   sensoresgrupospulsadoresaccionfija.o
       674         32          0          1         80      16928   sensoresgrupospulsadoresaccionregulacion.o
       502         28          0          1         80       8583   sensoresgrupospulsadoresacciontemporizada.o
       866         46        256          1         80       9859   sensoresgruposreguladoresluz.o
       704         38          0          4          0       7246   socket.o
       260         34          0          0          0       3210   spi2.o
        28          8        192          0       2048        780   startup_stm32f0xx.o
       120         12          0          0          0       4529   stm32f0xx_exti.o
       166          0          0          0          0       8767   stm32f0xx_gpio.o
       196         12          0          0          0      12028   stm32f0xx_i2c.o
       102          0          0          0          0     123128   stm32f0xx_it.o
        68         34          0          0          0       3018   stm32f0xx_iwdg.o
        80         10          0          0          0       2356   stm32f0xx_misc.o
        24          4          0          0          0        642   stm32f0xx_pwr.o
       416         82          0          0          0       8642   stm32f0xx_rcc.o
      1184         96          0          0          0      27756   stm32f0xx_rtc.o
       218         24          0          0          0      15162   stm32f0xx_spi.o
        20          6          0          0          0        663   stm32f0xx_syscfg.o
       392         38          0         12          0       4403   storage.o
       192         22          0         20          0       1885   system_stm32f0xx.o
        84         10          0          8          0       1848   systick.o
       580         26         20          8        192       5252   temp.o
         8          0          0          0          0       1432   test.o
       106          0          0          0          0       3865   utils.o
      1366         72          0         12         96      19414   w5100.o
        84         16          0          1          0       1691   wdt.o
      3646       1344        394          1          0      12544   webserver.o

    ----------------------------------------------------------------------
     41014       3596       1056        364       6344     713626   Object Totals
         0          0         32          0          0          0   (incl. Generated)
        66          0          3          9         12          0   (incl. Padding)

    ----------------------------------------------------------------------

      Code (inc. data)   RO Data    RW Data    ZI Data      Debug   Library Member Name

        86          0          0          0          0          0   __dczerorl2.o
        30          0          0          0          0         60   _chval.o
       166          0          0          0          0         84   _strtoul.o
        26          0          0          0          0         72   atoi.o
         8          4        133          0          0         60   ctype_o.o
         0          0          0          0          0          0   entry.o
         0          0          0          0          0          0   entry10a.o
         0          0          0          0          0          0   entry11a.o
         8          4          0          0          0          0   entry2.o
         4          0          0          0          0          0   entry5.o
         0          0          0          0          0          0   entry7b.o
         0          0          0          0          0          0   entry8b.o
         8          4          0          0          0          0   entry9a.o
         8          4          0          4          0         60   errno.o
        30          0          0          0          0          0   handlers.o
        36          8          0          0          0         68   init.o
         0          0          0          0          0          0   iusefp.o
        32          0          0          0          0         68   llshl.o
        34          0          0          0          0         68   llushr.o
        36          0          0          0          0         60   memcpya.o
        36          0          0          0          0        100   memseta.o
        24          0          0          0          0         60   strcat.o
        28          0          0          0          0         68   strcmp.o
        18          0          0          0          0         60   strcpy.o
        14          0          0          0          0         60   strlen.o
        30          0          0          0          0         72   strncmp.o
       112          4          0          0          0         76   strtol.o
        44          0          0          0          0         72   uidiv.o
        56          0          0          0          0         68   d2f.o
       240          6          0          0          0         84   ddiv.o
       236          0          0          0          0        216   depilogue.o
        28          4          0          0          0         68   dfltui.o
       208          6          0          0          0         88   dmul.o
       178          0          0          0          0        108   fadd.o
       124          0          0          0          0         72   fdiv.o
       130          0          0          0          0        144   fepilogue.o
        40          0          0          0          0         60   ffixui.o
        14          0          0          0          0         68   ffltui.o
       122          0          0          0          0         72   fmul.o

    ----------------------------------------------------------------------
      2202         44        136          4          0       2216   Library Totals
         8          0          3          0          0          0   (incl. Padding)

    ----------------------------------------------------------------------

      Code (inc. data)   RO Data    RW Data    ZI Data      Debug   Library Name

       818         28        133          4          0       1168   mc_p.l
      1376         16          0          0          0       1048   mf_p.l

    ----------------------------------------------------------------------
      2202         44        136          4          0       2216   Library Totals

    ----------------------------------------------------------------------

==============================================================================


      Code (inc. data)   RO Data    RW Data    ZI Data      Debug   

     43216       3640       1192        368       6344     694902   Grand Totals
     43216       3640       1192         64       6344     694902   ELF Image Totals (compressed)
     43216       3640       1192         64          0          0   ROM Totals

==============================================================================

    Total RO  Size (Code + RO Data)                44408 (  43.37kB)
    Total RW  Size (RW Data + ZI Data)              6712 (   6.55kB)
    Total ROM Size (Code + RO Data + RW Data)      44472 (  43.43kB)

==============================================================================

